Archive member included because of file (symbol)

librumpfs_nfs_pic.a(nfs_bootparam.pico)
                              (--whole-archive)
librumpfs_nfs_pic.a(nfs_bootdhcp.pico)
                              (--whole-archive)
librumpfs_nfs_pic.a(nfs_vnops.pico)
                              (--whole-archive)
librumpfs_nfs_pic.a(nfs_vfsops.pico)
                              (--whole-archive)
librumpfs_nfs_pic.a(nfs_clntsocket.pico)
                              (--whole-archive)
librumpfs_nfs_pic.a(nfs_node.pico)
                              (--whole-archive)
librumpfs_nfs_pic.a(nfs_kq.pico)
                              (--whole-archive)
librumpfs_nfs_pic.a(nfs_iod.pico)
                              (--whole-archive)
librumpfs_nfs_pic.a(nfs_subs.pico)
                              (--whole-archive)
librumpfs_nfs_pic.a(nfs_clntsubs.pico)
                              (--whole-archive)
librumpfs_nfs_pic.a(nfs_bio.pico)
                              (--whole-archive)
librumpfs_nfs_pic.a(nfs_socket.pico)
                              (--whole-archive)
librumpfs_nfs_pic.a(nfs_boot.pico)
                              (--whole-archive)
librumpfs_nfs_pic.a(krpc_subr.pico)
                              (--whole-archive)

Allocating common symbols
Common symbol       size              file

rumpns_nfs_false    0x4               librumpfs_nfs_pic.a(nfs_subs.pico)
rumpns_rpc_auth_kerb
                    0x4               librumpfs_nfs_pic.a(nfs_subs.pico)
rumpns_nfsv2_vnodeop_p
                    0x4               librumpfs_nfs_pic.a(nfs_vnops.pico)
rumpns_rpc_autherr  0x4               librumpfs_nfs_pic.a(nfs_subs.pico)
rumpns_rpc_msgaccepted
                    0x4               librumpfs_nfs_pic.a(nfs_subs.pico)
rumpns_nfs_iodlist_all
                    0x4               librumpfs_nfs_pic.a(nfs_iod.pico)
rumpns_nfs_xdrneg1  0x4               librumpfs_nfs_pic.a(nfs_subs.pico)
rumpns_nfs_reqq     0x8               librumpfs_nfs_pic.a(nfs_socket.pico)
rumpns_nfs_prog     0x4               librumpfs_nfs_pic.a(nfs_subs.pico)
rumpns_nfsrtt       0x1804            librumpfs_nfs_pic.a(nfs_socket.pico)
rumpns_spec_nfsv2nodeop_p
                    0x4               librumpfs_nfs_pic.a(nfs_vnops.pico)
rumpns_nfs_iodlist_idle
                    0x4               librumpfs_nfs_pic.a(nfs_iod.pico)
rumpns_rpc_msgdenied
                    0x4               librumpfs_nfs_pic.a(nfs_subs.pico)
rumpns_nfs_true     0x4               librumpfs_nfs_pic.a(nfs_subs.pico)
rumpns_nfs_iodlist_lock
                    0x4               librumpfs_nfs_pic.a(nfs_iod.pico)
rumpns_nfsdirhashmask
                    0x4               librumpfs_nfs_pic.a(nfs_subs.pico)
rumpns_rpc_call     0x4               librumpfs_nfs_pic.a(nfs_subs.pico)
rumpns_nfs_node_pool
                    0xd8              librumpfs_nfs_pic.a(nfs_node.pico)
rumpns_nfs_ticks    0x4               librumpfs_nfs_pic.a(nfs_subs.pico)
rumpns_nfsstats     0x14c             librumpfs_nfs_pic.a(nfs_subs.pico)
rumpns_rpc_mismatch
                    0x4               librumpfs_nfs_pic.a(nfs_subs.pico)
rumpns_fifo_nfsv2nodeop_p
                    0x4               librumpfs_nfs_pic.a(nfs_vnops.pico)
rumpns_rpc_reply    0x4               librumpfs_nfs_pic.a(nfs_subs.pico)
rumpns_rpc_vers     0x4               librumpfs_nfs_pic.a(nfs_subs.pico)
rumpns_rpc_auth_unix
                    0x4               librumpfs_nfs_pic.a(nfs_subs.pico)
rumpns_nfs_commitsize
                    0x4               librumpfs_nfs_pic.a(nfs_vfsops.pico)
rumpns_nfs_vattr_pool
                    0xd8              librumpfs_nfs_pic.a(nfs_node.pico)

Discarded input sections

 .group         0x0000000000000000        0x8 /usr/local/genode-gcc/bin/../lib/gcc/x86_64-elf/4.7.4/32/crtbegin.o
 .group         0x0000000000000000        0x8 librumpfs_nfs_pic.a(nfs_bootparam.pico)
 .text.__x86.get_pc_thunk.bx
                0x0000000000000000        0x4 librumpfs_nfs_pic.a(nfs_bootparam.pico)
 .group         0x0000000000000000        0x8 librumpfs_nfs_pic.a(nfs_bootdhcp.pico)
 .text.__x86.get_pc_thunk.bx
                0x0000000000000000        0x4 librumpfs_nfs_pic.a(nfs_bootdhcp.pico)
 .group         0x0000000000000000        0x8 librumpfs_nfs_pic.a(nfs_vnops.pico)
 .text.__x86.get_pc_thunk.bx
                0x0000000000000000        0x4 librumpfs_nfs_pic.a(nfs_vnops.pico)
 .group         0x0000000000000000        0x8 librumpfs_nfs_pic.a(nfs_vfsops.pico)
 .text.__x86.get_pc_thunk.bx
                0x0000000000000000        0x4 librumpfs_nfs_pic.a(nfs_vfsops.pico)
 .group         0x0000000000000000        0x8 librumpfs_nfs_pic.a(nfs_clntsocket.pico)
 .text.__x86.get_pc_thunk.bx
                0x0000000000000000        0x4 librumpfs_nfs_pic.a(nfs_clntsocket.pico)
 .group         0x0000000000000000        0x8 librumpfs_nfs_pic.a(nfs_node.pico)
 .text.__x86.get_pc_thunk.bx
                0x0000000000000000        0x4 librumpfs_nfs_pic.a(nfs_node.pico)
 .group         0x0000000000000000        0x8 librumpfs_nfs_pic.a(nfs_kq.pico)
 .text.__x86.get_pc_thunk.bx
                0x0000000000000000        0x4 librumpfs_nfs_pic.a(nfs_kq.pico)
 .group         0x0000000000000000        0x8 librumpfs_nfs_pic.a(nfs_iod.pico)
 .text.__x86.get_pc_thunk.bx
                0x0000000000000000        0x4 librumpfs_nfs_pic.a(nfs_iod.pico)
 .group         0x0000000000000000        0x8 librumpfs_nfs_pic.a(nfs_subs.pico)
 .text.__x86.get_pc_thunk.bx
                0x0000000000000000        0x4 librumpfs_nfs_pic.a(nfs_subs.pico)
 .group         0x0000000000000000        0x8 librumpfs_nfs_pic.a(nfs_clntsubs.pico)
 .text.__x86.get_pc_thunk.bx
                0x0000000000000000        0x4 librumpfs_nfs_pic.a(nfs_clntsubs.pico)
 .group         0x0000000000000000        0x8 librumpfs_nfs_pic.a(nfs_bio.pico)
 .text.__x86.get_pc_thunk.bx
                0x0000000000000000        0x4 librumpfs_nfs_pic.a(nfs_bio.pico)
 .group         0x0000000000000000        0x8 librumpfs_nfs_pic.a(nfs_socket.pico)
 .group         0x0000000000000000        0x8 librumpfs_nfs_pic.a(nfs_socket.pico)
 .text.__x86.get_pc_thunk.bx
                0x0000000000000000        0x4 librumpfs_nfs_pic.a(nfs_socket.pico)
 .group         0x0000000000000000        0x8 librumpfs_nfs_pic.a(nfs_boot.pico)
 .text.__x86.get_pc_thunk.bx
                0x0000000000000000        0x4 librumpfs_nfs_pic.a(nfs_boot.pico)
 .group         0x0000000000000000        0x8 librumpfs_nfs_pic.a(krpc_subr.pico)
 .text.__x86.get_pc_thunk.bx
                0x0000000000000000        0x4 librumpfs_nfs_pic.a(krpc_subr.pico)
 .group         0x0000000000000000        0x8 /usr/local/genode-gcc/bin/../lib/gcc/x86_64-elf/4.7.4/32/crtend.o
 .text.__x86.get_pc_thunk.bx
                0x0000000000000000        0x4 /usr/local/genode-gcc/bin/../lib/gcc/x86_64-elf/4.7.4/32/crtend.o

Memory Configuration

Name             Origin             Length             Attributes
*default*        0x0000000000000000 0xffffffffffffffff

Linker script and memory map

LOAD /usr/local/genode-gcc/bin/../lib/gcc/x86_64-elf/4.7.4/32/crtbegin.o
LOAD librumpfs_nfs_pic.a
LOAD /usr/local/genode-gcc/bin/../lib/gcc/x86_64-elf/4.7.4/../../../../x86_64-elf/lib/32/libgcc_s.so
LOAD /usr/local/genode-gcc/bin/../lib/gcc/x86_64-elf/4.7.4/../../../../x86_64-elf/lib/32/libgcc_s.so
LOAD /usr/local/genode-gcc/bin/../lib/gcc/x86_64-elf/4.7.4/32/crtend.o
                0x00000000000000b4                . = (0x0 + SIZEOF_HEADERS)

.note.gnu.build-id
 *(.note.gnu.build-id)

.hash           0x00000000000000b4     0x1068
 *(.hash)
 .hash          0x00000000000000b4     0x1068 /usr/local/genode-gcc/bin/../lib/gcc/x86_64-elf/4.7.4/32/crtbegin.o

.gnu.hash
 *(.gnu.hash)

.dynsym         0x000000000000111c     0x20f0
 *(.dynsym)
 .dynsym        0x000000000000111c     0x20f0 /usr/local/genode-gcc/bin/../lib/gcc/x86_64-elf/4.7.4/32/crtbegin.o

.dynstr         0x000000000000320c     0x2a11
 *(.dynstr)
 .dynstr        0x000000000000320c     0x2a11 /usr/local/genode-gcc/bin/../lib/gcc/x86_64-elf/4.7.4/32/crtbegin.o

.gnu.version    0x0000000000005c1e      0x41e
 *(.gnu.version)
 .gnu.version   0x0000000000005c1e      0x41e /usr/local/genode-gcc/bin/../lib/gcc/x86_64-elf/4.7.4/32/crtbegin.o

.gnu.version_d  0x000000000000603c        0x0
 *(.gnu.version_d)
 .gnu.version_d
                0x0000000000000000        0x0 /usr/local/genode-gcc/bin/../lib/gcc/x86_64-elf/4.7.4/32/crtbegin.o

.gnu.version_r  0x000000000000603c       0x20
 *(.gnu.version_r)
 .gnu.version_r
                0x000000000000603c       0x20 /usr/local/genode-gcc/bin/../lib/gcc/x86_64-elf/4.7.4/32/crtbegin.o

.rel.dyn        0x000000000000605c      0xc98
 *(.rel.init)
 *(.rel.text .rel.text.* .rel.gnu.linkonce.t.*)
 .rel.text      0x0000000000000000        0x0 /usr/local/genode-gcc/bin/../lib/gcc/x86_64-elf/4.7.4/32/crtbegin.o
 *(.rel.fini)
 *(.rel.rodata .rel.rodata.* .rel.gnu.linkonce.r.*)
 *(.rel.data.rel.ro* .rel.gnu.linkonce.d.rel.ro.*)
 .rel.data.rel.ro
                0x000000000000605c      0x848 /usr/local/genode-gcc/bin/../lib/gcc/x86_64-elf/4.7.4/32/crtbegin.o
 .rel.data.rel.ro.local
                0x00000000000068a4       0xf8 /usr/local/genode-gcc/bin/../lib/gcc/x86_64-elf/4.7.4/32/crtbegin.o
 *(.rel.data .rel.data.* .rel.gnu.linkonce.d.*)
 .rel.data.rel  0x000000000000699c       0xb0 /usr/local/genode-gcc/bin/../lib/gcc/x86_64-elf/4.7.4/32/crtbegin.o
 *(.rel.tdata .rel.tdata.* .rel.gnu.linkonce.td.*)
 *(.rel.tbss .rel.tbss.* .rel.gnu.linkonce.tb.*)
 *(.rel.ctors)
 *(.rel.dtors)
 *(.rel.got)
 .rel.got       0x0000000000006a4c      0x2a0 /usr/local/genode-gcc/bin/../lib/gcc/x86_64-elf/4.7.4/32/crtbegin.o
 *(.rel.bss .rel.bss.* .rel.gnu.linkonce.b.*)
 *(.rel.ifunc)
 .rel.ifunc     0x0000000000000000        0x0 /usr/local/genode-gcc/bin/../lib/gcc/x86_64-elf/4.7.4/32/crtbegin.o
 .rellink_set_modules
                0x0000000000006cec        0x8 /usr/local/genode-gcc/bin/../lib/gcc/x86_64-elf/4.7.4/32/crtbegin.o

.rel.plt        0x0000000000006cf4      0x978
 *(.rel.plt)
 .rel.plt       0x0000000000006cf4      0x978 /usr/local/genode-gcc/bin/../lib/gcc/x86_64-elf/4.7.4/32/crtbegin.o
 *(.rel.iplt)

.init           0x000000000000766c        0xa
 *(.init)
 .init          0x000000000000766c        0x5 /usr/local/genode-gcc/bin/../lib/gcc/x86_64-elf/4.7.4/32/crtbegin.o
 .init          0x0000000000007671        0x5 /usr/local/genode-gcc/bin/../lib/gcc/x86_64-elf/4.7.4/32/crtend.o

.plt            0x0000000000007680     0x1300
 *(.plt)
 .plt           0x0000000000007680     0x1300 /usr/local/genode-gcc/bin/../lib/gcc/x86_64-elf/4.7.4/32/crtbegin.o
 *(.iplt)

.text           0x0000000000008980    0x257a8
 *(.text.unlikely .text.*_unlikely)
 *(.text.exit .text.exit.*)
 *(.text.startup .text.startup.*)
 *(.text.hot .text.hot.*)
 *(.text .stub .text.* .gnu.linkonce.t.*)
 .text          0x0000000000008980      0x13b /usr/local/genode-gcc/bin/../lib/gcc/x86_64-elf/4.7.4/32/crtbegin.o
 .text.__x86.get_pc_thunk.bx
                0x0000000000008abb        0x4 /usr/local/genode-gcc/bin/../lib/gcc/x86_64-elf/4.7.4/32/crtbegin.o
                0x0000000000008abb                __x86.get_pc_thunk.bx
 *fill*         0x0000000000008abf        0x1 90909090
 .text          0x0000000000008ac0       0xb2 librumpfs_nfs_pic.a(nfs_bootparam.pico)
                0x0000000000008ac0                rumpns_nfs_bootparam
 *fill*         0x0000000000008b72        0xe 90909090
 .text          0x0000000000008b80     0x100e librumpfs_nfs_pic.a(nfs_bootdhcp.pico)
                0x0000000000008ec0                rumpns_nfs_bootdhcp
 *fill*         0x0000000000009b8e        0x2 90909090
 .text          0x0000000000009b90    0x13b5e librumpfs_nfs_pic.a(nfs_vnops.pico)
                0x0000000000009b90                rumpns_nfs_bmap
                0x0000000000009be0                rumpns_nfsfifo_write
                0x0000000000009c40                rumpns_nfsfifo_read
                0x0000000000009ca0                rumpns_nfsspec_write
                0x0000000000009d00                rumpns_nfsspec_read
                0x0000000000009d60                rumpns_nfsfifo_close
                0x0000000000009eb0                rumpns_nfsspec_close
                0x0000000000009fb0                rumpns_nfsspec_access
                0x000000000000a0f0                rumpns_nfs_unlock
                0x000000000000a140                rumpns_nfs_print
                0x000000000000a1e0                rumpns_nfs_advlock
                0x000000000000a230                rumpns_nfs_pathconf
                0x000000000000a7d0                rumpns_nfs_strategy
                0x000000000000b4d0                rumpns_nfs_read
                0x000000000000b530                rumpns_nfs_readdir
                0x000000000000b7e0                rumpns_nfs_getattr
                0x000000000000bd00                rumpns_nfs_readlink
                0x000000000000bda0                rumpns_nfs_open
                0x000000000000be90                rumpns_nfs_access
                0x000000000000c610                rumpns_nfs_lookup
                0x000000000000da50                rumpns_nfs_rmdir
                0x000000000000e440                rumpns_nfs_link
                0x000000000000e5c0                rumpns_nfs_null
                0x000000000000e670                rumpns_nfs_setattrrpc
                0x000000000000fb00                rumpns_nfs_setattr
                0x000000000000ff20                rumpns_nfs_readlinkrpc
                0x0000000000010480                rumpns_nfs_readrpc
                0x0000000000010ca0                rumpns_nfs_writerpc
                0x0000000000011c90                rumpns_nfs_removerpc
                0x0000000000012570                rumpns_nfs_removeit
                0x00000000000125b0                rumpns_nfs_renamerpc
                0x0000000000013620                rumpns_nfs_renameit
                0x00000000000136a0                rumpns_nfs_readdirrpc
                0x0000000000014400                rumpns_nfs_readdirplusrpc
                0x0000000000015220                rumpns_nfs_lookitup
                0x0000000000015c20                rumpns_nfs_sillyrename
                0x0000000000015e30                rumpns_nfs_rename
                0x0000000000016170                rumpns_nfs_remove
                0x00000000000163f0                rumpns_nfs_mkdir
                0x0000000000017b90                rumpns_nfs_symlink
                0x00000000000196a0                rumpns_nfs_mknodrpc
                0x000000000001af10                rumpns_nfs_mknod
                0x000000000001afd0                rumpns_nfs_create
                0x000000000001cd00                rumpns_nfs_commit
                0x000000000001d4f0                rumpns_nfs_flush
                0x000000000001d580                rumpns_nfs_fsync
                0x000000000001d600                rumpns_nfs_close
 *fill*         0x000000000001d6ee        0x2 90909090
 .text          0x000000000001d6f0     0x2467 librumpfs_nfs_pic.a(nfs_vfsops.pico)
                0x000000000001d6f0                rumpns_nfs_vget
                0x000000000001d700                rumpns_nfs_start
                0x000000000001d810                rumpns_nfs_vfs_done
                0x000000000001d840                rumpns_nfs_vfs_init
                0x000000000001d880                rumpns_nfs_vptofh
                0x000000000001d910                rumpns_nfs_fhtovp
                0x000000000001da30                rumpns_nfs_sync
                0x000000000001db50                rumpns_nfs_root
                0x000000000001dbc0                rumpns_nfs_unmount
                0x000000000001df60                rumpns_nfs_fsinfo
                0x000000000001e4d0                rumpns_nfs_statvfs
                0x000000000001ec70                rumpns_nfs_decode_args
                0x000000000001f030                rumpns_mountnfs
                0x000000000001f550                rumpns_nfs_mount
                0x000000000001f880                rumpns_nfs_mountroot
 *fill*         0x000000000001fb57        0x9 90909090
 .text          0x000000000001fb60     0x1c75 librumpfs_nfs_pic.a(nfs_clntsocket.pico)
                0x000000000001fcc0                rumpns_nfs_request
 *fill*         0x00000000000217d5        0xb 90909090
 .text          0x00000000000217e0      0x7d9 librumpfs_nfs_pic.a(nfs_node.pico)
                0x00000000000219b0                rumpns_nfs_node_init
                0x0000000000021ab0                rumpns_nfs_node_done
                0x0000000000021af0                rumpns_nfs_loadvnode
                0x0000000000021ca0                rumpns_nfs_nget1
                0x0000000000021d30                rumpns_nfs_inactive
                0x0000000000021e20                rumpns_nfs_reclaim
 *fill*         0x0000000000021fb9        0x7 90909090
 .text          0x0000000000021fc0      0x9d6 librumpfs_nfs_pic.a(nfs_kq.pico)
                0x00000000000226a0                rumpns_nfs_kqinit
                0x00000000000226f0                rumpns_nfs_kqfini
                0x0000000000022770                rumpns_nfs_kqfilter
 *fill*         0x0000000000022996        0xa 90909090
 .text          0x00000000000229a0      0xd8f librumpfs_nfs_pic.a(nfs_iod.pico)
                0x0000000000022cd0                rumpns_nfs_iodinit
                0x0000000000022d20                rumpns_nfs_set_niothreads
                0x0000000000022f30                rumpns_nfs_iodfini
                0x0000000000022fa0                rumpns_nfs_getauth
                0x00000000000231b0                rumpns_nfs_getnickauth
                0x00000000000233a0                rumpns_nfs_savenickauth
 *fill*         0x000000000002372f        0x1 90909090
 .text          0x0000000000023730     0x3075 librumpfs_nfs_pic.a(nfs_subs.pico)
                0x00000000000239d0                rumpns_nfsm_reqh
                0x0000000000023a30                rumpns_nfsm_uiotombuf
                0x0000000000023d10                rumpns_nfsm_disct
                0x0000000000024180                rumpns_nfs_adv
                0x00000000000241c0                rumpns_nfsm_mbuftouio
                0x00000000000243a0                rumpns_nfsm_strtmbuf
                0x00000000000245a0                rumpns_nfs_dirhash
                0x00000000000245d0                rumpns_nfs_initdircache
                0x00000000000246a0                rumpns_nfs_initdirxlatecookie
                0x0000000000024790                rumpns_nfs_putdircache
                0x0000000000024850                rumpns_nfs_searchdircache
                0x00000000000249a0                rumpns_nfs_enterdircache
                0x0000000000024d40                rumpns_nfs_invaldircache
                0x0000000000024e80                rumpns_nfs_init
                0x0000000000024ff0                rumpns_nfs_fini
                0x0000000000025060                rumpns_nfs_zeropad
                0x00000000000251e0                rumpns_nfsm_srvfattr
                0x0000000000025420                rumpns_nfsm_srvpostopattr
                0x00000000000255c0                rumpns_nfsm_srvwcc
                0x00000000000257c0                rumpns_netaddr_match
                0x0000000000025850                rumpns_nfs_clearcommit
                0x0000000000025940                rumpns_nfs_merge_commit_ranges
                0x0000000000025a60                rumpns_nfs_in_committed_range
                0x0000000000025ae0                rumpns_nfs_in_tobecommitted_range
                0x0000000000025b60                rumpns_nfs_add_committed_range
                0x0000000000025c20                rumpns_nfs_del_committed_range
                0x0000000000025d40                rumpns_nfs_add_tobecommitted_range
                0x0000000000025e00                rumpns_nfs_del_tobecommitted_range
                0x0000000000025f20                rumpns_nfsrv_errmap
                0x0000000000025f90                rumpns_nfs_getxid
                0x0000000000025fe0                rumpns_nfsm_rpchead
                0x0000000000026740                rumpns_nfs_renewxid
 *fill*         0x00000000000267a5        0xb 90909090
 .text          0x00000000000267b0      0xfbb librumpfs_nfs_pic.a(nfs_clntsubs.pico)
                0x00000000000267b0                rumpns_nfs_loadattrcache
                0x0000000000026f40                rumpns_nfsm_loadattrcache
                0x0000000000026ff0                rumpns_nfs_delayedtruncate
                0x00000000000270a0                rumpns_nfs_check_wccdata
                0x0000000000027350                rumpns_nfs_cookieheuristic
                0x00000000000274d0                rumpns_nfs_attrtimeo
                0x0000000000027560                rumpns_nfs_getattrcache
 *fill*         0x000000000002776b        0x5 90909090
 .text          0x0000000000027770     0x2b39 librumpfs_nfs_pic.a(nfs_bio.pico)
                0x0000000000027770                rumpns_nfs_getcacheblk
                0x0000000000027880                rumpns_nfs_vinvalbuf
                0x0000000000027ad0                rumpns_nfs_flushstalebuf
                0x0000000000027c80                rumpns_nfs_write
                0x00000000000283a0                rumpns_nfs_asyncio
                0x0000000000028690                rumpns_nfs_doio
                0x0000000000029290                rumpns_nfs_bioread
                0x0000000000029f10                rumpns_nfs_getpages
 *fill*         0x000000000002a2a9        0x7 90909090
 .text          0x000000000002a2b0     0x250a librumpfs_nfs_pic.a(nfs_socket.pico)
                0x000000000002a2b0                rumpns_nfs_disconnect
                0x000000000002a3d0                rumpns_nfs_send
                0x000000000002a640                rumpns_nfs_rephead
                0x000000000002ab60                rumpns_nfs_timer_start
                0x000000000002abc0                rumpns_nfs_timer_init
                0x000000000002acb0                rumpns_nfs_timer_fini
                0x000000000002ad30                rumpns_nfs_timer_srvinit
                0x000000000002ad50                rumpns_nfs_timer_srvfini
                0x000000000002ada0                rumpns_nfs_sigintr
                0x000000000002ae10                rumpns_nfs_connect
                0x000000000002b3f0                rumpns_nfs_reconnect
                0x000000000002b4d0                rumpns_nfs_rcvlock
                0x000000000002b640                rumpns_nfs_rcvunlock
                0x000000000002b6b0                rumpns_nfs_safedisconnect
                0x000000000002b710                rumpns_nfs_getreq
                0x000000000002c210                rumpns_nfs_msg
                0x000000000002c260                rumpns_nfs_timer
                0x000000000002c6a0                rumpns_nfsdreq_init
                0x000000000002c700                rumpns_nfsdreq_fini
                0x000000000002c730                rumpns_nfsdreq_alloc
                0x000000000002c770                rumpns_nfsdreq_free
 .text.__x86.get_pc_thunk.cx
                0x000000000002c7ba        0x4 librumpfs_nfs_pic.a(nfs_socket.pico)
                0x000000000002c7ba                __x86.get_pc_thunk.cx
 *fill*         0x000000000002c7be        0x2 90909090
 .text          0x000000000002c7c0     0x1164 librumpfs_nfs_pic.a(nfs_boot.pico)
                0x000000000002c7c0                rumpns_nfs_boot_setaddress
                0x000000000002c970                rumpns_nfs_boot_ifupdown
                0x000000000002cbf0                rumpns_nfs_boot_setmtu
                0x000000000002cd50                rumpns_nfs_boot_deladdress
                0x000000000002ced0                rumpns_nfs_boot_setrecvtimo
                0x000000000002cf30                rumpns_nfs_boot_enbroadcast
                0x000000000002cf80                rumpns_nfs_boot_sobind_ipport
                0x000000000002d010                rumpns_nfs_boot_sendrecv
                0x000000000002d2b0                rumpns_nfs_boot_flushrt
                0x000000000002d2f0                rumpns_nfs_boot_cleanup
                0x000000000002d360                rumpns_nfs_boot_init
 *fill*         0x000000000002d924        0xc 90909090
 .text          0x000000000002d930      0x7b2 librumpfs_nfs_pic.a(krpc_subr.pico)
                0x000000000002d9a0                rumpns_krpc_call
                0x000000000002dd30                rumpns_krpc_portmap
                0x000000000002de50                rumpns_xdr_string_encode
                0x000000000002df10                rumpns_xdr_string_decode
                0x000000000002dfd0                rumpns_xdr_inaddr_encode
                0x000000000002e040                rumpns_xdr_inaddr_decode
 *fill*         0x000000000002e0e2        0xe 90909090
 .text          0x000000000002e0f0       0x38 /usr/local/genode-gcc/bin/../lib/gcc/x86_64-elf/4.7.4/32/crtend.o
 *(.gnu.warning)

.fini           0x000000000002e128        0x5
 *(.fini)
 .fini          0x000000000002e128        0x5 /usr/local/genode-gcc/bin/../lib/gcc/x86_64-elf/4.7.4/32/crtbegin.o
                0x000000000002e12d                PROVIDE (__etext, .)
                0x000000000002e12d                PROVIDE (_etext, .)
                0x000000000002e12d                PROVIDE (etext, .)

.rodata         0x000000000002e140     0x1aae
 *(.rodata .rodata.* .gnu.linkonce.r.*)
 .rodata.str1.1
                0x000000000002e140       0x37 librumpfs_nfs_pic.a(nfs_bootparam.pico)
 .rodata.str1.1
                0x000000000002e177      0x161 librumpfs_nfs_pic.a(nfs_bootdhcp.pico)
 .rodata.str1.4
                0x000000000002e2d8      0x177 librumpfs_nfs_pic.a(nfs_bootdhcp.pico)
 *fill*         0x000000000002e44f        0x1 00
 .rodata        0x000000000002e450       0xd8 librumpfs_nfs_pic.a(nfs_bootdhcp.pico)
 .rodata.str1.4
                0x000000000002e528      0x154 librumpfs_nfs_pic.a(nfs_vnops.pico)
 .rodata.str1.1
                0x000000000002e67c      0x10a librumpfs_nfs_pic.a(nfs_vnops.pico)
                                        0x10c (size before relaxing)
 *fill*         0x000000000002e786        0x2 00
 .rodata        0x000000000002e788       0x30 librumpfs_nfs_pic.a(nfs_vnops.pico)
 .rodata.str1.1
                0x000000000002e7b8       0x6a librumpfs_nfs_pic.a(nfs_vfsops.pico)
                                         0x77 (size before relaxing)
 *fill*         0x000000000002e822        0x2 00
 .rodata.str1.4
                0x000000000002e824       0x94 librumpfs_nfs_pic.a(nfs_vfsops.pico)
 .rodata.str1.1
                0x000000000002e8b8       0xb8 librumpfs_nfs_pic.a(nfs_clntsocket.pico)
                                         0xc4 (size before relaxing)
 .rodata.str1.4
                0x000000000002e970      0x139 librumpfs_nfs_pic.a(nfs_clntsocket.pico)
                                        0x16d (size before relaxing)
 .rodata.str1.1
                0x000000000002eaa9       0x6f librumpfs_nfs_pic.a(nfs_node.pico)
                                         0x7b (size before relaxing)
 .rodata.str1.4
                0x000000000002eb18       0x90 librumpfs_nfs_pic.a(nfs_node.pico)
                                         0xc4 (size before relaxing)
 .rodata        0x000000000002eba8       0x10 librumpfs_nfs_pic.a(nfs_node.pico)
 .rodata.str1.4
                0x000000000002ebb8       0x8e librumpfs_nfs_pic.a(nfs_kq.pico)
                                         0xc4 (size before relaxing)
 .rodata.str1.1
                0x000000000002ec46       0x38 librumpfs_nfs_pic.a(nfs_kq.pico)
                                         0x44 (size before relaxing)
 .rodata.str1.1
                0x000000000002ec7e       0x72 librumpfs_nfs_pic.a(nfs_iod.pico)
                                         0x7e (size before relaxing)
 .rodata.str1.4
                0x000000000002ecf0       0xaf librumpfs_nfs_pic.a(nfs_iod.pico)
                                         0xe3 (size before relaxing)
 *fill*         0x000000000002ed9f        0x1 00
 .rodata.str1.4
                0x000000000002eda0      0x112 librumpfs_nfs_pic.a(nfs_subs.pico)
                                        0x146 (size before relaxing)
 .rodata.str1.1
                0x000000000002eeb2       0xb1 librumpfs_nfs_pic.a(nfs_subs.pico)
                                         0xca (size before relaxing)
 *fill*         0x000000000002ef63       0x1d 00
 .rodata        0x000000000002ef80      0x3d8 librumpfs_nfs_pic.a(nfs_subs.pico)
                0x000000000002ef80                rumpns_nfsv2_procid
                0x000000000002efe0                rumpns_nfsv3_procid
                0x000000000002f040                rumpns_nv3tov_type
                0x000000000002f060                rumpns_nv2tov_type
                0x000000000002f080                rumpns_nfsv3_type
                0x000000000002f0c0                rumpns_nfsv2_type
 .rodata.str1.1
                0x000000000002f358       0x21 librumpfs_nfs_pic.a(nfs_clntsubs.pico)
 *fill*         0x000000000002f379        0x3 00
 .rodata.str1.4
                0x000000000002f37c       0x65 librumpfs_nfs_pic.a(nfs_clntsubs.pico)
 .rodata.str1.1
                0x000000000002f3e1       0x83 librumpfs_nfs_pic.a(nfs_bio.pico)
                                         0xa6 (size before relaxing)
 .rodata.str1.4
                0x000000000002f464      0x14a librumpfs_nfs_pic.a(nfs_bio.pico)
                                        0x17e (size before relaxing)
 *fill*         0x000000000002f5ae        0x2 00
 .rodata.str1.4
                0x000000000002f5b0      0x1d1 librumpfs_nfs_pic.a(nfs_socket.pico)
                                        0x205 (size before relaxing)
 .rodata.str1.1
                0x000000000002f781      0x130 librumpfs_nfs_pic.a(nfs_socket.pico)
                                        0x140 (size before relaxing)
 *fill*         0x000000000002f8b1        0xf 00
 .rodata        0x000000000002f8c0       0x80 librumpfs_nfs_pic.a(nfs_socket.pico)
                0x000000000002f8c0                rumpns_nfs_proct
 .rodata.str1.4
                0x000000000002f940      0x114 librumpfs_nfs_pic.a(nfs_boot.pico)
                                        0x111 (size before relaxing)
 .rodata.str1.1
                0x000000000002fa54      0x17b librumpfs_nfs_pic.a(nfs_boot.pico)
 .rodata        0x000000000002fbcf       0x12 librumpfs_nfs_pic.a(nfs_boot.pico)
 .rodata.str1.1
                0x000000000002fbe1        0xd librumpfs_nfs_pic.a(krpc_subr.pico)

.rodata1
 *(.rodata1)

.eh_frame_hdr   0x000000000002fbf0      0x60c
 *(.eh_frame_hdr)
 .eh_frame_hdr  0x000000000002fbf0      0x60c /usr/local/genode-gcc/bin/../lib/gcc/x86_64-elf/4.7.4/32/crtbegin.o

.eh_frame       0x00000000000301fc     0x2778
 *(.eh_frame)
 .eh_frame      0x00000000000301fc       0x3c /usr/local/genode-gcc/bin/../lib/gcc/x86_64-elf/4.7.4/32/crtbegin.o
                                         0x40 (size before relaxing)
 .eh_frame      0x0000000000030238       0x30 librumpfs_nfs_pic.a(nfs_bootparam.pico)
                                         0x5c (size before relaxing)
 .eh_frame      0x0000000000030268       0xec librumpfs_nfs_pic.a(nfs_bootdhcp.pico)
                                        0x118 (size before relaxing)
 .eh_frame      0x0000000000030354      0xb00 librumpfs_nfs_pic.a(nfs_vnops.pico)
                                        0xb2c (size before relaxing)
 .eh_frame      0x0000000000030e54      0x350 librumpfs_nfs_pic.a(nfs_vfsops.pico)
                                        0x37c (size before relaxing)
 .eh_frame      0x00000000000311a4       0xa8 librumpfs_nfs_pic.a(nfs_clntsocket.pico)
                                         0xd4 (size before relaxing)
 .eh_frame      0x000000000003124c      0x1cc librumpfs_nfs_pic.a(nfs_node.pico)
                                        0x1f8 (size before relaxing)
 .eh_frame      0x0000000000031418      0x198 librumpfs_nfs_pic.a(nfs_kq.pico)
                                        0x1c4 (size before relaxing)
 .eh_frame      0x00000000000315b0      0x188 librumpfs_nfs_pic.a(nfs_iod.pico)
                                        0x1b4 (size before relaxing)
 .eh_frame      0x0000000000031738      0x708 librumpfs_nfs_pic.a(nfs_subs.pico)
                                        0x734 (size before relaxing)
 .eh_frame      0x0000000000031e40      0x16c librumpfs_nfs_pic.a(nfs_clntsubs.pico)
                                        0x198 (size before relaxing)
 .eh_frame      0x0000000000031fac      0x250 librumpfs_nfs_pic.a(nfs_bio.pico)
                                        0x27c (size before relaxing)
 .eh_frame      0x00000000000321fc      0x3e0 librumpfs_nfs_pic.a(nfs_socket.pico)
                                        0x40c (size before relaxing)
 .eh_frame      0x00000000000325dc      0x268 librumpfs_nfs_pic.a(nfs_boot.pico)
                                        0x294 (size before relaxing)
 .eh_frame      0x0000000000032844      0x12c librumpfs_nfs_pic.a(krpc_subr.pico)
                                        0x158 (size before relaxing)
 .eh_frame      0x0000000000032970        0x4 /usr/local/genode-gcc/bin/../lib/gcc/x86_64-elf/4.7.4/32/crtend.o

.gcc_except_table
 *(.gcc_except_table .gcc_except_table.*)

.exception_ranges
 *(.exception_ranges .exception_ranges*)
                0x0000000000032974                . = (ALIGN (0x1000) - ((0x1000 - .) & 0xfff))
                0x0000000000033000                . = DATA_SEGMENT_ALIGN (0x1000, 0x1000)

.eh_frame
 *(.eh_frame)

.gcc_except_table
 *(.gcc_except_table .gcc_except_table.*)

.exception_ranges
 *(.exception_ranges .exception_ranges*)

.tdata
 *(.tdata .tdata.* .gnu.linkonce.td.*)

.tbss
 *(.tbss .tbss.* .gnu.linkonce.tb.*)
 *(.tcommon)

.preinit_array
 *(.preinit_array)

.init_array
 *(SORT(.init_array.*))
 *(.init_array)

.fini_array
 *(SORT(.fini_array.*))
 *(.fini_array)

.ctors          0x0000000000033000        0x8
 *crtbegin.o(.ctors)
 .ctors         0x0000000000033000        0x4 /usr/local/genode-gcc/bin/../lib/gcc/x86_64-elf/4.7.4/32/crtbegin.o
 *crtbegin?.o(.ctors)
 *(EXCLUDE_FILE(*crtend?.o *crtend.o) .ctors)
 *(SORT(.ctors.*))
 *(.ctors)
 .ctors         0x0000000000033004        0x4 /usr/local/genode-gcc/bin/../lib/gcc/x86_64-elf/4.7.4/32/crtend.o

.dtors          0x0000000000033008        0x8
 *crtbegin.o(.dtors)
 .dtors         0x0000000000033008        0x4 /usr/local/genode-gcc/bin/../lib/gcc/x86_64-elf/4.7.4/32/crtbegin.o
 *crtbegin?.o(.dtors)
 *(EXCLUDE_FILE(*crtend?.o *crtend.o) .dtors)
 *(SORT(.dtors.*))
 *(.dtors)
 .dtors         0x000000000003300c        0x4 /usr/local/genode-gcc/bin/../lib/gcc/x86_64-elf/4.7.4/32/crtend.o
                0x000000000003300c                __DTOR_END__

.jcr            0x0000000000033010        0x4
 *(.jcr)
 .jcr           0x0000000000033010        0x0 /usr/local/genode-gcc/bin/../lib/gcc/x86_64-elf/4.7.4/32/crtbegin.o
 .jcr           0x0000000000033010        0x4 /usr/local/genode-gcc/bin/../lib/gcc/x86_64-elf/4.7.4/32/crtend.o

.data.rel.ro    0x0000000000033020      0x530
 *(.data.rel.ro.local* .gnu.linkonce.d.rel.ro.local.*)
 .data.rel.ro.local
                0x0000000000033020       0x14 librumpfs_nfs_pic.a(nfs_vfsops.pico)
 .data.rel.ro.local
                0x0000000000033034       0x10 librumpfs_nfs_pic.a(nfs_node.pico)
 .data.rel.ro.local
                0x0000000000033044       0x20 librumpfs_nfs_pic.a(nfs_kq.pico)
 *fill*         0x0000000000033064       0x1c 00
 .data.rel.ro.local
                0x0000000000033080       0x58 librumpfs_nfs_pic.a(nfs_subs.pico)
 *(.data.rel.ro* .gnu.linkonce.d.rel.ro.*)
 *fill*         0x00000000000330d8        0x8 00
 .data.rel.ro   0x00000000000330e0      0x460 librumpfs_nfs_pic.a(nfs_vnops.pico)
                0x00000000000330e0                rumpns_fifo_nfsv2nodeop_opv_desc
                0x0000000000033100                rumpns_fifo_nfsv2nodeop_entries
                0x0000000000033258                rumpns_spec_nfsv2nodeop_opv_desc
                0x0000000000033260                rumpns_spec_nfsv2nodeop_entries
                0x00000000000333c0                rumpns_nfsv2_vnodeop_opv_desc
                0x00000000000333e0                rumpns_nfsv2_vnodeop_entries
 .data.rel.ro   0x0000000000033540       0x10 librumpfs_nfs_pic.a(nfs_vfsops.pico)
                0x0000000000033540                rumpns_nfs_vnodeopv_descs

.dynamic        0x0000000000033550       0xb8
 *(.dynamic)
 .dynamic       0x0000000000033550       0xb8 /usr/local/genode-gcc/bin/../lib/gcc/x86_64-elf/4.7.4/32/crtbegin.o
                0x0000000000033550                _DYNAMIC

.got            0x0000000000033608      0x150
 *(.got)
 .got           0x0000000000033608      0x150 /usr/local/genode-gcc/bin/../lib/gcc/x86_64-elf/4.7.4/32/crtbegin.o
 *(.igot)
                0x0000000000033758                . = DATA_SEGMENT_RELRO_END (., 0xc)

.got.plt        0x0000000000033758      0x4c8
 *(.got.plt)
 .got.plt       0x0000000000033758      0x4c8 /usr/local/genode-gcc/bin/../lib/gcc/x86_64-elf/4.7.4/32/crtbegin.o
                0x0000000000033758                _GLOBAL_OFFSET_TABLE_
 *(.igot.plt)

.data           0x0000000000033c20       0xa0
 *(.data .data.* .gnu.linkonce.d.*)
 .data          0x0000000000033c20        0x4 /usr/local/genode-gcc/bin/../lib/gcc/x86_64-elf/4.7.4/32/crtbegin.o
                0x0000000000033c20                __dso_handle
 .data          0x0000000000033c24        0x0 librumpfs_nfs_pic.a(nfs_bootparam.pico)
 .data          0x0000000000033c24        0x4 librumpfs_nfs_pic.a(nfs_bootdhcp.pico)
 .data          0x0000000000033c28        0x0 librumpfs_nfs_pic.a(nfs_vnops.pico)
 .data          0x0000000000033c28        0x0 librumpfs_nfs_pic.a(nfs_vfsops.pico)
 *fill*         0x0000000000033c28       0x18 00
 .data.rel      0x0000000000033c40       0x6c librumpfs_nfs_pic.a(nfs_vfsops.pico)
                0x0000000000033c40                rumpns_nfs_vfsops
 .data          0x0000000000033cac        0x0 librumpfs_nfs_pic.a(nfs_clntsocket.pico)
 .data          0x0000000000033cac        0x0 librumpfs_nfs_pic.a(nfs_node.pico)
 .data          0x0000000000033cac        0x0 librumpfs_nfs_pic.a(nfs_kq.pico)
 .data          0x0000000000033cac        0x4 librumpfs_nfs_pic.a(nfs_iod.pico)
                0x0000000000033cac                rumpns_nfs_niothreads
 .data          0x0000000000033cb0        0x4 librumpfs_nfs_pic.a(nfs_subs.pico)
                0x0000000000033cb0                rumpns_nuidhash_max
 .data          0x0000000000033cb4        0x0 librumpfs_nfs_pic.a(nfs_clntsubs.pico)
 .data          0x0000000000033cb4        0x0 librumpfs_nfs_pic.a(nfs_bio.pico)
 .data          0x0000000000033cb4        0x0 librumpfs_nfs_pic.a(nfs_socket.pico)
 .data          0x0000000000033cb4        0x8 librumpfs_nfs_pic.a(nfs_boot.pico)
                0x0000000000033cb4                rumpns_nfs_boot_bootparam
                0x0000000000033cb8                rumpns_nfs_boot_rfc951
 .data          0x0000000000033cbc        0x4 librumpfs_nfs_pic.a(krpc_subr.pico)
 .data          0x0000000000033cc0        0x0 /usr/local/genode-gcc/bin/../lib/gcc/x86_64-elf/4.7.4/32/crtend.o

.tm_clone_table
                0x0000000000033cc0        0x0
 .tm_clone_table
                0x0000000000033cc0        0x0 /usr/local/genode-gcc/bin/../lib/gcc/x86_64-elf/4.7.4/32/crtbegin.o
 .tm_clone_table
                0x0000000000033cc0        0x0 /usr/local/genode-gcc/bin/../lib/gcc/x86_64-elf/4.7.4/32/crtend.o

link_set_modules
                0x0000000000033cc0        0x4
                0x0000000000033cc0                . = ALIGN (0x4)
                0x0000000000033cc0                PROVIDE (__start_link_set_modules, ABSOLUTE (.))
 link_set_modules
                0x0000000000033cc0        0x4 librumpfs_nfs_pic.a(nfs_vfsops.pico)
                0x0000000000033cc4                PROVIDE (__stop_link_set_modules, .)

.data1
 *(.data1)
                0x0000000000033cc4                _edata = .
                0x0000000000033cc4                PROVIDE (edata, .)
                0x0000000000033cc4                __bss_start = .

.bss            0x0000000000033ce0     0x1e44
 *(.dynbss)
 .dynbss        0x0000000000000000        0x0 /usr/local/genode-gcc/bin/../lib/gcc/x86_64-elf/4.7.4/32/crtbegin.o
 *(.bss .bss.* .gnu.linkonce.b.*)
 .bss           0x0000000000033ce0        0x8 /usr/local/genode-gcc/bin/../lib/gcc/x86_64-elf/4.7.4/32/crtbegin.o
 .bss           0x0000000000033ce8        0x0 librumpfs_nfs_pic.a(nfs_bootparam.pico)
 .bss           0x0000000000033ce8        0x0 librumpfs_nfs_pic.a(nfs_bootdhcp.pico)
 .bss           0x0000000000033ce8        0x4 librumpfs_nfs_pic.a(nfs_vnops.pico)
                0x0000000000033ce8                rumpns_nfs_numasync
 .bss           0x0000000000033cec        0x8 librumpfs_nfs_pic.a(nfs_vfsops.pico)
                0x0000000000033cec                rumpns_nfs_mount_count
 .bss           0x0000000000033cf4        0x0 librumpfs_nfs_pic.a(nfs_clntsocket.pico)
 .bss           0x0000000000033cf4        0x4 librumpfs_nfs_pic.a(nfs_node.pico)
 .bss           0x0000000000033cf8       0x1c librumpfs_nfs_pic.a(nfs_kq.pico)
 .bss           0x0000000000033d14        0x4 librumpfs_nfs_pic.a(nfs_iod.pico)
                0x0000000000033d14                rumpns_nfs_defect
 *fill*         0x0000000000033d18        0x8 00
 .bss           0x0000000000033d20       0x58 librumpfs_nfs_pic.a(nfs_subs.pico)
 .bss           0x0000000000033d78        0x0 librumpfs_nfs_pic.a(nfs_clntsubs.pico)
 .bss           0x0000000000033d78        0x0 librumpfs_nfs_pic.a(nfs_bio.pico)
 *fill*         0x0000000000033d78        0x8 00
 .bss           0x0000000000033d80      0x1d8 librumpfs_nfs_pic.a(nfs_socket.pico)
                0x0000000000033d80                rumpns_nfsrtton
 .bss           0x0000000000033f58        0x0 librumpfs_nfs_pic.a(nfs_boot.pico)
 .bss           0x0000000000033f58        0x0 librumpfs_nfs_pic.a(krpc_subr.pico)
 .bss           0x0000000000033f58        0x0 /usr/local/genode-gcc/bin/../lib/gcc/x86_64-elf/4.7.4/32/crtend.o
 *(COMMON)
 COMMON         0x0000000000033f58        0xc librumpfs_nfs_pic.a(nfs_vnops.pico)
                0x0000000000033f58                rumpns_nfsv2_vnodeop_p
                0x0000000000033f5c                rumpns_spec_nfsv2nodeop_p
                0x0000000000033f60                rumpns_fifo_nfsv2nodeop_p
 COMMON         0x0000000000033f64        0x4 librumpfs_nfs_pic.a(nfs_vfsops.pico)
                0x0000000000033f64                rumpns_nfs_commitsize
 *fill*         0x0000000000033f68       0x18 00
 COMMON         0x0000000000033f80      0x1b8 librumpfs_nfs_pic.a(nfs_node.pico)
                0x0000000000033f80                rumpns_nfs_node_pool
                0x0000000000034060                rumpns_nfs_vattr_pool
 COMMON         0x0000000000034138        0xc librumpfs_nfs_pic.a(nfs_iod.pico)
                0x0000000000034138                rumpns_nfs_iodlist_all
                0x000000000003413c                rumpns_nfs_iodlist_idle
                0x0000000000034140                rumpns_nfs_iodlist_lock
 *fill*         0x0000000000034144       0x1c 00
 COMMON         0x0000000000034160      0x19c librumpfs_nfs_pic.a(nfs_subs.pico)
                0x0000000000034160                rumpns_nfs_false
                0x0000000000034164                rumpns_rpc_auth_kerb
                0x0000000000034168                rumpns_rpc_autherr
                0x000000000003416c                rumpns_rpc_msgaccepted
                0x0000000000034170                rumpns_nfs_xdrneg1
                0x0000000000034174                rumpns_nfs_prog
                0x0000000000034178                rumpns_rpc_msgdenied
                0x000000000003417c                rumpns_nfs_true
                0x0000000000034180                rumpns_nfsdirhashmask
                0x0000000000034184                rumpns_rpc_call
                0x0000000000034188                rumpns_nfs_ticks
                0x00000000000341a0                rumpns_nfsstats
                0x00000000000342ec                rumpns_rpc_mismatch
                0x00000000000342f0                rumpns_rpc_reply
                0x00000000000342f4                rumpns_rpc_vers
                0x00000000000342f8                rumpns_rpc_auth_unix
 *fill*         0x00000000000342fc        0x4 00
 COMMON         0x0000000000034300     0x1824 librumpfs_nfs_pic.a(nfs_socket.pico)
                0x0000000000034300                rumpns_nfs_reqq
                0x0000000000034320                rumpns_nfsrtt
                0x0000000000035b24                . = ALIGN ((. != 0x0)?0x4:0x1)
                0x0000000000035b24                . = ALIGN (0x4)
                0x0000000000035b24                . = ALIGN (0x4)
                0x0000000000035b24                _end = .
                0x0000000000035b24                PROVIDE (end, .)
                0x0000000000035b24                . = DATA_SEGMENT_END (.)

.stab
 *(.stab)

.stabstr
 *(.stabstr)

.stab.excl
 *(.stab.excl)

.stab.exclstr
 *(.stab.exclstr)

.stab.index
 *(.stab.index)

.stab.indexstr
 *(.stab.indexstr)

.comment        0x0000000000000000       0x11
 *(.comment)
 .comment       0x0000000000000000       0x11 /usr/local/genode-gcc/bin/../lib/gcc/x86_64-elf/4.7.4/32/crtbegin.o
                                         0x12 (size before relaxing)
 .comment       0x0000000000000000       0x12 librumpfs_nfs_pic.a(nfs_bootparam.pico)
 .comment       0x0000000000000000       0x12 librumpfs_nfs_pic.a(nfs_bootdhcp.pico)
 .comment       0x0000000000000000       0x12 librumpfs_nfs_pic.a(nfs_vnops.pico)
 .comment       0x0000000000000000       0x12 librumpfs_nfs_pic.a(nfs_vfsops.pico)
 .comment       0x0000000000000000       0x12 librumpfs_nfs_pic.a(nfs_clntsocket.pico)
 .comment       0x0000000000000000       0x12 librumpfs_nfs_pic.a(nfs_node.pico)
 .comment       0x0000000000000000       0x12 librumpfs_nfs_pic.a(nfs_kq.pico)
 .comment       0x0000000000000000       0x12 librumpfs_nfs_pic.a(nfs_iod.pico)
 .comment       0x0000000000000000       0x12 librumpfs_nfs_pic.a(nfs_subs.pico)
 .comment       0x0000000000000000       0x12 librumpfs_nfs_pic.a(nfs_clntsubs.pico)
 .comment       0x0000000000000000       0x12 librumpfs_nfs_pic.a(nfs_bio.pico)
 .comment       0x0000000000000000       0x12 librumpfs_nfs_pic.a(nfs_socket.pico)
 .comment       0x0000000000000000       0x12 librumpfs_nfs_pic.a(nfs_boot.pico)
 .comment       0x0000000000000000       0x12 librumpfs_nfs_pic.a(krpc_subr.pico)
 .comment       0x0000000000000000       0x12 /usr/local/genode-gcc/bin/../lib/gcc/x86_64-elf/4.7.4/32/crtend.o

.ident          0x0000000000000000      0x35c
 .ident         0x0000000000000000       0x43 librumpfs_nfs_pic.a(nfs_bootparam.pico)
 .ident         0x0000000000000043       0x3f librumpfs_nfs_pic.a(nfs_bootdhcp.pico)
 .ident         0x0000000000000082       0x40 librumpfs_nfs_pic.a(nfs_vnops.pico)
 .ident         0x00000000000000c2       0x40 librumpfs_nfs_pic.a(nfs_vfsops.pico)
 .ident         0x0000000000000102       0x3f librumpfs_nfs_pic.a(nfs_clntsocket.pico)
 .ident         0x0000000000000141       0x3e librumpfs_nfs_pic.a(nfs_node.pico)
 .ident         0x000000000000017f       0x3b librumpfs_nfs_pic.a(nfs_kq.pico)
 .ident         0x00000000000001ba       0x3a librumpfs_nfs_pic.a(nfs_iod.pico)
 .ident         0x00000000000001f4       0x3a librumpfs_nfs_pic.a(nfs_subs.pico)
 .ident         0x000000000000022e       0x3e librumpfs_nfs_pic.a(nfs_clntsubs.pico)
 .ident         0x000000000000026c       0x3a librumpfs_nfs_pic.a(nfs_bio.pico)
 .ident         0x00000000000002a6       0x3d librumpfs_nfs_pic.a(nfs_socket.pico)
 .ident         0x00000000000002e3       0x3c librumpfs_nfs_pic.a(nfs_boot.pico)
 .ident         0x000000000000031f       0x3d librumpfs_nfs_pic.a(krpc_subr.pico)

.debug
 *(.debug)

.line
 *(.line)

.debug_srcinfo
 *(.debug_srcinfo)

.debug_sfnames
 *(.debug_sfnames)

.debug_aranges  0x0000000000000000      0x1c0
 *(.debug_aranges)
 .debug_aranges
                0x0000000000000000       0x20 librumpfs_nfs_pic.a(nfs_bootparam.pico)
 .debug_aranges
                0x0000000000000020       0x20 librumpfs_nfs_pic.a(nfs_bootdhcp.pico)
 .debug_aranges
                0x0000000000000040       0x20 librumpfs_nfs_pic.a(nfs_vnops.pico)
 .debug_aranges
                0x0000000000000060       0x20 librumpfs_nfs_pic.a(nfs_vfsops.pico)
 .debug_aranges
                0x0000000000000080       0x20 librumpfs_nfs_pic.a(nfs_clntsocket.pico)
 .debug_aranges
                0x00000000000000a0       0x20 librumpfs_nfs_pic.a(nfs_node.pico)
 .debug_aranges
                0x00000000000000c0       0x20 librumpfs_nfs_pic.a(nfs_kq.pico)
 .debug_aranges
                0x00000000000000e0       0x20 librumpfs_nfs_pic.a(nfs_iod.pico)
 .debug_aranges
                0x0000000000000100       0x20 librumpfs_nfs_pic.a(nfs_subs.pico)
 .debug_aranges
                0x0000000000000120       0x20 librumpfs_nfs_pic.a(nfs_clntsubs.pico)
 .debug_aranges
                0x0000000000000140       0x20 librumpfs_nfs_pic.a(nfs_bio.pico)
 .debug_aranges
                0x0000000000000160       0x20 librumpfs_nfs_pic.a(nfs_socket.pico)
 .debug_aranges
                0x0000000000000180       0x20 librumpfs_nfs_pic.a(nfs_boot.pico)
 .debug_aranges
                0x00000000000001a0       0x20 librumpfs_nfs_pic.a(krpc_subr.pico)

.debug_pubnames
 *(.debug_pubnames)

.debug_info     0x0000000000000000    0x8d47a
 *(.debug_info .gnu.linkonce.wi.*)
 .debug_info    0x0000000000000000     0x7b75 librumpfs_nfs_pic.a(nfs_bootparam.pico)
 .debug_info    0x0000000000007b75     0x7eee librumpfs_nfs_pic.a(nfs_bootdhcp.pico)
 .debug_info    0x000000000000fa63    0x17067 librumpfs_nfs_pic.a(nfs_vnops.pico)
 .debug_info    0x0000000000026aca     0xc381 librumpfs_nfs_pic.a(nfs_vfsops.pico)
 .debug_info    0x0000000000032e4b     0xa9b2 librumpfs_nfs_pic.a(nfs_clntsocket.pico)
 .debug_info    0x000000000003d7fd     0x73b3 librumpfs_nfs_pic.a(nfs_node.pico)
 .debug_info    0x0000000000044bb0     0x6eb6 librumpfs_nfs_pic.a(nfs_kq.pico)
 .debug_info    0x000000000004ba66     0xa045 librumpfs_nfs_pic.a(nfs_iod.pico)
 .debug_info    0x0000000000055aab     0xb8f7 librumpfs_nfs_pic.a(nfs_subs.pico)
 .debug_info    0x00000000000613a2     0x7f08 librumpfs_nfs_pic.a(nfs_clntsubs.pico)
 .debug_info    0x00000000000692aa     0xa1bc librumpfs_nfs_pic.a(nfs_bio.pico)
 .debug_info    0x0000000000073466     0xbded librumpfs_nfs_pic.a(nfs_socket.pico)
 .debug_info    0x000000000007f253     0x847e librumpfs_nfs_pic.a(nfs_boot.pico)
 .debug_info    0x00000000000876d1     0x5da9 librumpfs_nfs_pic.a(krpc_subr.pico)

.debug_abbrev   0x0000000000000000     0x44ad
 *(.debug_abbrev)
 .debug_abbrev  0x0000000000000000      0x356 librumpfs_nfs_pic.a(nfs_bootparam.pico)
 .debug_abbrev  0x0000000000000356      0x523 librumpfs_nfs_pic.a(nfs_bootdhcp.pico)
 .debug_abbrev  0x0000000000000879      0x560 librumpfs_nfs_pic.a(nfs_vnops.pico)
 .debug_abbrev  0x0000000000000dd9      0x619 librumpfs_nfs_pic.a(nfs_vfsops.pico)
 .debug_abbrev  0x00000000000013f2      0x549 librumpfs_nfs_pic.a(nfs_clntsocket.pico)
 .debug_abbrev  0x000000000000193b      0x43b librumpfs_nfs_pic.a(nfs_node.pico)
 .debug_abbrev  0x0000000000001d76      0x419 librumpfs_nfs_pic.a(nfs_kq.pico)
 .debug_abbrev  0x000000000000218f      0x48a librumpfs_nfs_pic.a(nfs_iod.pico)
 .debug_abbrev  0x0000000000002619      0x53a librumpfs_nfs_pic.a(nfs_subs.pico)
 .debug_abbrev  0x0000000000002b53      0x49c librumpfs_nfs_pic.a(nfs_clntsubs.pico)
 .debug_abbrev  0x0000000000002fef      0x502 librumpfs_nfs_pic.a(nfs_bio.pico)
 .debug_abbrev  0x00000000000034f1      0x5dc librumpfs_nfs_pic.a(nfs_socket.pico)
 .debug_abbrev  0x0000000000003acd      0x5af librumpfs_nfs_pic.a(nfs_boot.pico)
 .debug_abbrev  0x000000000000407c      0x431 librumpfs_nfs_pic.a(krpc_subr.pico)

.debug_line     0x0000000000000000    0x10c61
 *(.debug_line)
 .debug_line    0x0000000000000000      0x7e4 librumpfs_nfs_pic.a(nfs_bootparam.pico)
 .debug_line    0x00000000000007e4      0xb37 librumpfs_nfs_pic.a(nfs_bootdhcp.pico)
 .debug_line    0x000000000000131b     0x636f librumpfs_nfs_pic.a(nfs_vnops.pico)
 .debug_line    0x000000000000768a     0x114d librumpfs_nfs_pic.a(nfs_vfsops.pico)
 .debug_line    0x00000000000087d7      0xea4 librumpfs_nfs_pic.a(nfs_clntsocket.pico)
 .debug_line    0x000000000000967b      0x83c librumpfs_nfs_pic.a(nfs_node.pico)
 .debug_line    0x0000000000009eb7      0x7c6 librumpfs_nfs_pic.a(nfs_kq.pico)
 .debug_line    0x000000000000a67d      0xbb0 librumpfs_nfs_pic.a(nfs_iod.pico)
 .debug_line    0x000000000000b22d     0x198b librumpfs_nfs_pic.a(nfs_subs.pico)
 .debug_line    0x000000000000cbb8      0xc2a librumpfs_nfs_pic.a(nfs_clntsubs.pico)
 .debug_line    0x000000000000d7e2      0xf73 librumpfs_nfs_pic.a(nfs_bio.pico)
 .debug_line    0x000000000000e755     0x1275 librumpfs_nfs_pic.a(nfs_socket.pico)
 .debug_line    0x000000000000f9ca      0xb47 librumpfs_nfs_pic.a(nfs_boot.pico)
 .debug_line    0x0000000000010511      0x750 librumpfs_nfs_pic.a(krpc_subr.pico)

.debug_frame
 *(.debug_frame)

.debug_str      0x0000000000000000     0x9c1b
 *(.debug_str)
 .debug_str     0x0000000000000000     0x4031 librumpfs_nfs_pic.a(nfs_bootparam.pico)
                                       0x4466 (size before relaxing)
 .debug_str     0x0000000000004031      0x3c2 librumpfs_nfs_pic.a(nfs_bootdhcp.pico)
                                       0x3f1a (size before relaxing)
 .debug_str     0x00000000000043f3     0x2a3e librumpfs_nfs_pic.a(nfs_vnops.pico)
                                       0x67b1 (size before relaxing)
 .debug_str     0x0000000000006e31      0x9ff librumpfs_nfs_pic.a(nfs_vfsops.pico)
                                       0x5d24 (size before relaxing)
 .debug_str     0x0000000000007830      0x5bb librumpfs_nfs_pic.a(nfs_clntsocket.pico)
                                       0x53ff (size before relaxing)
 .debug_str     0x0000000000007deb      0x2c4 librumpfs_nfs_pic.a(nfs_node.pico)
                                       0x3f1d (size before relaxing)
 .debug_str     0x00000000000080af      0x3e7 librumpfs_nfs_pic.a(nfs_kq.pico)
                                       0x3923 (size before relaxing)
 .debug_str     0x0000000000008496      0x2e7 librumpfs_nfs_pic.a(nfs_iod.pico)
                                       0x5173 (size before relaxing)
 .debug_str     0x000000000000877d      0x78d librumpfs_nfs_pic.a(nfs_subs.pico)
                                       0x5896 (size before relaxing)
 .debug_str     0x0000000000008f0a       0xde librumpfs_nfs_pic.a(nfs_clntsubs.pico)
                                       0x4474 (size before relaxing)
 .debug_str     0x0000000000008fe8      0x273 librumpfs_nfs_pic.a(nfs_bio.pico)
                                       0x4c3c (size before relaxing)
 .debug_str     0x000000000000925b      0x4bf librumpfs_nfs_pic.a(nfs_socket.pico)
                                       0x5ada (size before relaxing)
 .debug_str     0x000000000000971a      0x319 librumpfs_nfs_pic.a(nfs_boot.pico)
                                       0x3fc5 (size before relaxing)
 .debug_str     0x0000000000009a33      0x1e8 librumpfs_nfs_pic.a(krpc_subr.pico)
                                       0x302c (size before relaxing)

.debug_loc      0x0000000000000000    0x265f5
 *(.debug_loc)
 .debug_loc     0x0000000000000000       0x8d librumpfs_nfs_pic.a(nfs_bootparam.pico)
 .debug_loc     0x000000000000008d     0x1038 librumpfs_nfs_pic.a(nfs_bootdhcp.pico)
 .debug_loc     0x00000000000010c5    0x14aaf librumpfs_nfs_pic.a(nfs_vnops.pico)
 .debug_loc     0x0000000000015b74     0x2014 librumpfs_nfs_pic.a(nfs_vfsops.pico)
 .debug_loc     0x0000000000017b88     0x1fec librumpfs_nfs_pic.a(nfs_clntsocket.pico)
 .debug_loc     0x0000000000019b74      0x594 librumpfs_nfs_pic.a(nfs_node.pico)
 .debug_loc     0x000000000001a108      0x696 librumpfs_nfs_pic.a(nfs_kq.pico)
 .debug_loc     0x000000000001a79e      0x7f0 librumpfs_nfs_pic.a(nfs_iod.pico)
 .debug_loc     0x000000000001af8e     0x3bb6 librumpfs_nfs_pic.a(nfs_subs.pico)
 .debug_loc     0x000000000001eb44     0x10aa librumpfs_nfs_pic.a(nfs_clntsubs.pico)
 .debug_loc     0x000000000001fbee     0x2c4f librumpfs_nfs_pic.a(nfs_bio.pico)
 .debug_loc     0x000000000002283d     0x22db librumpfs_nfs_pic.a(nfs_socket.pico)
 .debug_loc     0x0000000000024b18      0xf40 librumpfs_nfs_pic.a(nfs_boot.pico)
 .debug_loc     0x0000000000025a58      0xb9d librumpfs_nfs_pic.a(krpc_subr.pico)

.debug_macinfo
 *(.debug_macinfo)

.debug_weaknames
 *(.debug_weaknames)

.debug_funcnames
 *(.debug_funcnames)

.debug_typenames
 *(.debug_typenames)

.debug_varnames
 *(.debug_varnames)

.debug_pubtypes
 *(.debug_pubtypes)

.debug_ranges   0x0000000000000000     0x1c30
 *(.debug_ranges)
 .debug_ranges  0x0000000000000000      0x188 librumpfs_nfs_pic.a(nfs_bootdhcp.pico)
 .debug_ranges  0x0000000000000188      0xf98 librumpfs_nfs_pic.a(nfs_vnops.pico)
 .debug_ranges  0x0000000000001120      0x1a8 librumpfs_nfs_pic.a(nfs_vfsops.pico)
 .debug_ranges  0x00000000000012c8      0x240 librumpfs_nfs_pic.a(nfs_clntsocket.pico)
 .debug_ranges  0x0000000000001508       0x30 librumpfs_nfs_pic.a(nfs_node.pico)
 .debug_ranges  0x0000000000001538       0x30 librumpfs_nfs_pic.a(nfs_kq.pico)
 .debug_ranges  0x0000000000001568       0x98 librumpfs_nfs_pic.a(nfs_subs.pico)
 .debug_ranges  0x0000000000001600       0x98 librumpfs_nfs_pic.a(nfs_clntsubs.pico)
 .debug_ranges  0x0000000000001698      0x268 librumpfs_nfs_pic.a(nfs_bio.pico)
 .debug_ranges  0x0000000000001900      0x1c0 librumpfs_nfs_pic.a(nfs_socket.pico)
 .debug_ranges  0x0000000000001ac0      0x140 librumpfs_nfs_pic.a(nfs_boot.pico)
 .debug_ranges  0x0000000000001c00       0x30 librumpfs_nfs_pic.a(krpc_subr.pico)

.gnu.attributes
 *(.gnu.attributes)

/DISCARD/
 *(.note.GNU-stack)
 *(.gnu_debuglink)
 *(.gnu.lto_*)
OUTPUT(librumpfs_nfs.so.0.0 elf32-i386)
