Archive member included because of file (symbol)

librumpdev_raidframe_pic.a(rf_raid5_rotatedspare.pico)
                              (--whole-archive)
librumpdev_raidframe_pic.a(rf_pqdegdags.pico)
                              (--whole-archive)
librumpdev_raidframe_pic.a(rf_pqdeg.pico)
                              (--whole-archive)
librumpdev_raidframe_pic.a(rf_pq.pico)
                              (--whole-archive)
librumpdev_raidframe_pic.a(rf_parityloggingdags.pico)
                              (--whole-archive)
librumpdev_raidframe_pic.a(rf_paritylogging.pico)
                              (--whole-archive)
librumpdev_raidframe_pic.a(rf_paritylogDiskMgr.pico)
                              (--whole-archive)
librumpdev_raidframe_pic.a(rf_paritylog.pico)
                              (--whole-archive)
librumpdev_raidframe_pic.a(rf_invertq.pico)
                              (--whole-archive)
librumpdev_raidframe_pic.a(rf_interdecluster.pico)
                              (--whole-archive)
librumpdev_raidframe_pic.a(rf_evenodd_dags.pico)
                              (--whole-archive)
librumpdev_raidframe_pic.a(rf_evenodd_dagfuncs.pico)
                              (--whole-archive)
librumpdev_raidframe_pic.a(rf_evenodd.pico)
                              (--whole-archive)
librumpdev_raidframe_pic.a(rf_declusterPQ.pico)
                              (--whole-archive)
librumpdev_raidframe_pic.a(rf_debugprint.pico)
                              (--whole-archive)
librumpdev_raidframe_pic.a(rf_chaindecluster.pico)
                              (--whole-archive)
librumpdev_raidframe_pic.a(raidframe_component.pico)
                              (--whole-archive)
librumpdev_raidframe_pic.a(rf_paritymap.pico)
                              (--whole-archive)
librumpdev_raidframe_pic.a(rf_utils.pico)
                              (--whole-archive)
librumpdev_raidframe_pic.a(rf_stripelocks.pico)
                              (--whole-archive)
librumpdev_raidframe_pic.a(rf_states.pico)
                              (--whole-archive)
librumpdev_raidframe_pic.a(rf_aselect.pico)
                              (--whole-archive)
librumpdev_raidframe_pic.a(rf_sstf.pico)
                              (--whole-archive)
librumpdev_raidframe_pic.a(rf_revent.pico)
                              (--whole-archive)
librumpdev_raidframe_pic.a(rf_reconutil.pico)
                              (--whole-archive)
librumpdev_raidframe_pic.a(rf_reconstruct.pico)
                              (--whole-archive)
librumpdev_raidframe_pic.a(rf_reconbuffer.pico)
                              (--whole-archive)
librumpdev_raidframe_pic.a(rf_raid5.pico)
                              (--whole-archive)
librumpdev_raidframe_pic.a(rf_dagdegwr.pico)
                              (--whole-archive)
librumpdev_raidframe_pic.a(rf_raid4.pico)
                              (--whole-archive)
librumpdev_raidframe_pic.a(rf_raid1.pico)
                              (--whole-archive)
librumpdev_raidframe_pic.a(rf_dagdegrd.pico)
                              (--whole-archive)
librumpdev_raidframe_pic.a(rf_raid0.pico)
                              (--whole-archive)
librumpdev_raidframe_pic.a(rf_dagffwr.pico)
                              (--whole-archive)
librumpdev_raidframe_pic.a(rf_dagffrd.pico)
                              (--whole-archive)
librumpdev_raidframe_pic.a(rf_psstatus.pico)
                              (--whole-archive)
librumpdev_raidframe_pic.a(rf_parityscan.pico)
                              (--whole-archive)
librumpdev_raidframe_pic.a(rf_netbsdkintf.pico)
                              (--whole-archive)
librumpdev_raidframe_pic.a(rf_compat50.pico)
                              (--whole-archive)
librumpdev_raidframe_pic.a(rf_engine.pico)
                              (--whole-archive)
librumpdev_raidframe_pic.a(rf_driver.pico)
                              (--whole-archive)
librumpdev_raidframe_pic.a(rf_nwayxor.pico)
                              (--whole-archive)
librumpdev_raidframe_pic.a(rf_layout.pico)
                              (--whole-archive)
librumpdev_raidframe_pic.a(rf_disks.pico)
                              (--whole-archive)
librumpdev_raidframe_pic.a(rf_debugMem.pico)
                              (--whole-archive)
librumpdev_raidframe_pic.a(rf_copyback.pico)
                              (--whole-archive)
librumpdev_raidframe_pic.a(rf_callback.pico)
                              (--whole-archive)
librumpdev_raidframe_pic.a(rf_acctrace.pico)
                              (--whole-archive)
librumpdev_raidframe_pic.a(rf_strutils.pico)
                              (--whole-archive)
librumpdev_raidframe_pic.a(rf_mcpair.pico)
                              (--whole-archive)
librumpdev_raidframe_pic.a(rf_decluster.pico)
                              (--whole-archive)
librumpdev_raidframe_pic.a(rf_dagutils.pico)
                              (--whole-archive)
librumpdev_raidframe_pic.a(rf_map.pico)
[...]
Memory Configuration

Name             Origin             Length             Attributes
*default*        0x0000000000000000 0xffffffffffffffff

Linker script and memory map

LOAD /usr/local/genode-gcc/bin/../lib/gcc/x86_64-elf/4.7.4/32/crtbegin.o
LOAD librumpdev_raidframe_pic.a
LOAD /usr/local/genode-gcc/bin/../lib/gcc/x86_64-elf/4.7.4/../../../../x86_64-elf/lib/32/libgcc_s.so
LOAD /usr/local/genode-gcc/bin/../lib/gcc/x86_64-elf/4.7.4/../../../../x86_64-elf/lib/32/libgcc_s.so
LOAD /usr/local/genode-gcc/bin/../lib/gcc/x86_64-elf/4.7.4/32/crtend.o
                0x00000000000000b4                . = (0x0 + SIZEOF_HEADERS)

.note.gnu.build-id
 *(.note.gnu.build-id)

.hash           0x00000000000000b4     0x1088
 *(.hash)
 .hash          0x00000000000000b4     0x1088 /usr/local/genode-gcc/bin/../lib/gcc/x86_64-elf/4.7.4/32/crtbegin.o

.gnu.hash
 *(.gnu.hash)

.dynsym         0x000000000000113c     0x2170
 *(.dynsym)
 .dynsym        0x000000000000113c     0x2170 /usr/local/genode-gcc/bin/../lib/gcc/x86_64-elf/4.7.4/32/crtbegin.o

.dynstr         0x00000000000032ac     0x3310
 *(.dynstr)
 .dynstr        0x00000000000032ac     0x3310 /usr/local/genode-gcc/bin/../lib/gcc/x86_64-elf/4.7.4/32/crtbegin.o

.gnu.version    0x00000000000065bc      0x42e
 *(.gnu.version)
 .gnu.version   0x00000000000065bc      0x42e /usr/local/genode-gcc/bin/../lib/gcc/x86_64-elf/4.7.4/32/crtbegin.o

.gnu.version_d  0x00000000000069ec        0x0
 *(.gnu.version_d)
 .gnu.version_d
                0x0000000000000000        0x0 /usr/local/genode-gcc/bin/../lib/gcc/x86_64-elf/4.7.4/32/crtbegin.o

.gnu.version_r  0x00000000000069ec       0x20
 *(.gnu.version_r)
 .gnu.version_r
                0x00000000000069ec       0x20 /usr/local/genode-gcc/bin/../lib/gcc/x86_64-elf/4.7.4/32/crtbegin.o

.rel.dyn        0x0000000000006a0c      0x910
 *(.rel.init)
 *(.rel.text .rel.text.* .rel.gnu.linkonce.t.*)
 .rel.text      0x0000000000000000        0x0 /usr/local/genode-gcc/bin/../lib/gcc/x86_64-elf/4.7.4/32/crtbegin.o
 .rel.text.unlikely
                0x0000000000000000        0x0 /usr/local/genode-gcc/bin/../lib/gcc/x86_64-elf/4.7.4/32/crtbegin.o
 *(.rel.fini)
 *(.rel.rodata .rel.rodata.* .rel.gnu.linkonce.r.*)
 *(.rel.data.rel.ro* .rel.gnu.linkonce.d.rel.ro.*)
 .rel.data.rel.ro
                0x0000000000006a0c      0x338 /usr/local/genode-gcc/bin/../lib/gcc/x86_64-elf/4.7.4/32/crtbegin.o
 *(.rel.data .rel.data.* .rel.gnu.linkonce.d.*)
 .rel.data.rel.local
                0x0000000000006d44       0x30 /usr/local/genode-gcc/bin/../lib/gcc/x86_64-elf/4.7.4/32/crtbegin.o
 .rel.data.rel  0x0000000000006d74      0x270 /usr/local/genode-gcc/bin/../lib/gcc/x86_64-elf/4.7.4/32/crtbegin.o
 *(.rel.tdata .rel.tdata.* .rel.gnu.linkonce.td.*)
 *(.rel.tbss .rel.tbss.* .rel.gnu.linkonce.tb.*)
 *(.rel.ctors)
 *(.rel.dtors)
 *(.rel.got)
 .rel.got       0x0000000000006fe4      0x330 /usr/local/genode-gcc/bin/../lib/gcc/x86_64-elf/4.7.4/32/crtbegin.o
 *(.rel.bss .rel.bss.* .rel.gnu.linkonce.b.*)
 *(.rel.ifunc)
 .rel.ifunc     0x0000000000000000        0x0 /usr/local/genode-gcc/bin/../lib/gcc/x86_64-elf/4.7.4/32/crtbegin.o
 .rellink_set_rump_components
                0x0000000000007314        0x8 /usr/local/genode-gcc/bin/../lib/gcc/x86_64-elf/4.7.4/32/crtbegin.o

.rel.plt        0x000000000000731c      0xb20
 *(.rel.plt)
 .rel.plt       0x000000000000731c      0xb20 /usr/local/genode-gcc/bin/../lib/gcc/x86_64-elf/4.7.4/32/crtbegin.o
 *(.rel.iplt)

.init           0x0000000000007e3c        0xa
 *(.init)
 .init          0x0000000000007e3c        0x5 /usr/local/genode-gcc/bin/../lib/gcc/x86_64-elf/4.7.4/32/crtbegin.o
 .init          0x0000000000007e41        0x5 /usr/local/genode-gcc/bin/../lib/gcc/x86_64-elf/4.7.4/32/crtend.o

.plt            0x0000000000007e50     0x1650
 *(.plt)
 .plt           0x0000000000007e50     0x1650 /usr/local/genode-gcc/bin/../lib/gcc/x86_64-elf/4.7.4/32/crtbegin.o
 *(.iplt)

.text           0x00000000000094a0    0x285a8
 *(.text.unlikely .text.*_unlikely)
 .text.unlikely
                0x00000000000094a0      0x196 librumpdev_raidframe_pic.a(rf_netbsdkintf.pico)
 *(.text.exit .text.exit.*)
 *(.text.startup .text.startup.*)
 *(.text.hot .text.hot.*)
 *(.text .stub .text.* .gnu.linkonce.t.*)
 *fill*         0x0000000000009636        0xa 90909090
 .text          0x0000000000009640      0x13b /usr/local/genode-gcc/bin/../lib/gcc/x86_64-elf/4.7.4/32/crtbegin.o
 .text.__x86.get_pc_thunk.bx
                0x000000000000977b        0x4 /usr/local/genode-gcc/bin/../lib/gcc/x86_64-elf/4.7.4/32/crtbegin.o
                0x000000000000977b                __x86.get_pc_thunk.bx
 *fill*         0x000000000000977f        0x1 90909090
 .text          0x0000000000009780        0x0 librumpdev_raidframe_pic.a(rf_raid5_rotatedspare.pico)
 .text          0x0000000000009780        0x0 librumpdev_raidframe_pic.a(rf_pqdegdags.pico)
 .text          0x0000000000009780        0x0 librumpdev_raidframe_pic.a(rf_pqdeg.pico)
 .text          0x0000000000009780        0x0 librumpdev_raidframe_pic.a(rf_pq.pico)
 .text          0x0000000000009780        0x0 librumpdev_raidframe_pic.a(rf_parityloggingdags.pico)
 .text          0x0000000000009780        0x0 librumpdev_raidframe_pic.a(rf_paritylogging.pico)
 .text          0x0000000000009780        0x0 librumpdev_raidframe_pic.a(rf_paritylogDiskMgr.pico)
 .text          0x0000000000009780        0x0 librumpdev_raidframe_pic.a(rf_paritylog.pico)
 .text          0x0000000000009780        0x0 librumpdev_raidframe_pic.a(rf_invertq.pico)
 .text          0x0000000000009780        0x0 librumpdev_raidframe_pic.a(rf_interdecluster.pico)
 .text          0x0000000000009780        0x0 librumpdev_raidframe_pic.a(rf_evenodd_dags.pico)
 .text          0x0000000000009780        0x0 librumpdev_raidframe_pic.a(rf_evenodd_dagfuncs.pico)
 .text          0x0000000000009780        0x0 librumpdev_raidframe_pic.a(rf_evenodd.pico)
 .text          0x0000000000009780        0x0 librumpdev_raidframe_pic.a(rf_declusterPQ.pico)
 .text          0x0000000000009780       0x60 librumpdev_raidframe_pic.a(rf_debugprint.pico)
                0x0000000000009780                rumpns_rf_debug_printf
 .text          0x00000000000097e0        0x0 librumpdev_raidframe_pic.a(rf_chaindecluster.pico)
 .text          0x00000000000097e0      0x13e librumpdev_raidframe_pic.a(raidframe_component.pico)
 *fill*         0x000000000000991e        0x2 90909090
 .text          0x0000000000009920     0x198e librumpdev_raidframe_pic.a(rf_paritymap.pico)
                0x0000000000009ad0                rumpns_rf_paritymap_status
                0x0000000000009c90                rumpns_rf_paritymap_test
                0x0000000000009d20                rumpns_rf_paritymap_begin_region
                0x0000000000009e90                rumpns_rf_paritymap_begin
                0x0000000000009f40                rumpns_rf_paritymap_end_region
                0x000000000000a110                rumpns_rf_paritymap_end
                0x000000000000a1c0                rumpns_rf_paritymap_write
                0x000000000000a210                rumpns_rf_paritymap_invalidate
                0x000000000000a2c0                rumpns_rf_paritymap_forceclean
                0x000000000000a360                rumpns_rf_paritymap_checkwork
                0x000000000000a4a0                rumpns_rf_paritymap_set_params
                0x000000000000a760                rumpns_rf_paritymap_init
                0x000000000000a980                rumpns_rf_paritymap_destroy
                0x000000000000aa50                rumpns_rf_paritymap_rewrite
                0x000000000000ac10                rumpns_rf_paritymap_merge
                0x000000000000ac70                rumpns_rf_paritymap_detach
                0x000000000000ad00                rumpns_rf_paritymap_ineligible
                0x000000000000ad20                rumpns_rf_paritymap_attach
                0x000000000000b0b0                rumpns_rf_paritymap_init_label
                0x000000000000b0e0                rumpns_rf_paritymap_get_disable
                0x000000000000b1c0                rumpns_rf_paritymap_set_disable
 *fill*         0x000000000000b2ae        0x2 90909090
 .text          0x000000000000b2b0      0x1ca librumpdev_raidframe_pic.a(rf_utils.pico)
                0x000000000000b2b0                rumpns_rf_make_2d_array
                0x000000000000b3a0                rumpns_rf_atoi
                0x000000000000b400                rumpns_rf_htoi
 *fill*         0x000000000000b47a        0x6 90909090
 .text          0x000000000000b480     0x1591 librumpdev_raidframe_pic.a(rf_stripelocks.pico)
                0x000000000000b510                rumpns_rf_ConfigureStripeLockFreeList
                0x000000000000b5d0                rumpns_rf_ConfigureStripeLocks
                0x000000000000b6b0                rumpns_rf_AcquireStripeLock
                0x000000000000bd40                rumpns_rf_ReleaseStripeLock
 *fill*         0x000000000000ca11        0xf 90909090
 .text          0x000000000000ca20     0x165f librumpdev_raidframe_pic.a(rf_states.pico)
                0x000000000000ca20                rumpns_rf_State_LastState
                0x000000000000cb70                rumpns_rf_State_IncrAccessCount
                0x000000000000cbe0                rumpns_rf_State_DecrAccessCount
                0x000000000000cc80                rumpns_rf_State_Quiesce
                0x000000000000ce80                rumpns_rf_State_Map
                0x000000000000cfc0                rumpns_rf_State_Lock
                0x000000000000d240                rumpns_rf_State_CreateDAG
                0x000000000000d430                rumpns_rf_State_ExecuteDAG
                0x000000000000d550                rumpns_rf_State_ProcessDAG
                0x000000000000d7b0                rumpns_rf_State_Cleanup
                0x000000000000ddb0                rumpns_rf_ContinueRaidAccess
                0x000000000000dea0                rumpns_rf_ContinueDagAccess
 *fill*         0x000000000000e07f        0x1 90909090
 .text          0x000000000000e080      0xbd8 librumpdev_raidframe_pic.a(rf_aselect.pico)
                0x000000000000e100                rumpns_rf_SelectAlgorithm
 *fill*         0x000000000000ec58        0x8 90909090
 .text          0x000000000000ec60      0xe4c librumpdev_raidframe_pic.a(rf_sstf.pico)
                0x000000000000efa0                rumpns_rf_SstfCreate
                0x000000000000f070                rumpns_rf_ScanCreate
                0x000000000000f140                rumpns_rf_CscanCreate
                0x000000000000f200                rumpns_rf_SstfEnqueue
                0x000000000000f270                rumpns_rf_SstfDequeue
                0x000000000000f650                rumpns_rf_ScanDequeue
                0x000000000000f740                rumpns_rf_CscanDequeue
                0x000000000000f830                rumpns_rf_SstfPeek
                0x000000000000f940                rumpns_rf_ScanPeek
                0x000000000000f9b0                rumpns_rf_CscanPeek
                0x000000000000fa10                rumpns_rf_SstfPromote
 *fill*         0x000000000000faac        0x4 90909090
 .text          0x000000000000fab0      0x50f librumpdev_raidframe_pic.a(rf_revent.pico)
                0x000000000000fae0                rumpns_rf_ConfigureReconEvent
                0x000000000000fb50                rumpns_rf_GetNextReconEvent
                0x000000000000fe90                rumpns_rf_CauseReconEvent
                0x000000000000ff30                rumpns_rf_FreeReconEventDesc
                0x000000000000ff60                rumpns_rf_DrainReconEventQueue
 *fill*         0x000000000000ffbf        0x1 90909090
 .text          0x000000000000ffc0      0x546 librumpdev_raidframe_pic.a(rf_reconutil.pico)
                0x000000000000ffc0                rumpns_rf_GetDefaultHeadSepLimit
                0x000000000000fff0                rumpns_rf_GetDefaultNumFloatingReconBuffers
                0x0000000000010020                rumpns_rf_MakeReconBuffer
                0x00000000000100e0                rumpns_rf_MakeReconControl
                0x00000000000103f0                rumpns_rf_FreeReconBuffer
                0x0000000000010440                rumpns_rf_FreeReconControl
 *fill*         0x0000000000010506        0xa 90909090
 .text          0x0000000000010510     0x3733 librumpdev_raidframe_pic.a(rf_reconstruct.pico)
                0x0000000000011d90                rumpns_rf_ConfigureReconstruction
                0x0000000000011e00                rumpns_rf_ForceOrBlockRecon
                0x0000000000012620                rumpns_rf_UnblockRecon
                0x0000000000012900                rumpns_rf_WakeupHeadSepCBWaiters
                0x0000000000012a10                rumpns_rf_ContinueReconstructFailedDisk
                0x00000000000132c0                rumpns_rf_ReconstructInPlace
                0x0000000000013890                rumpns_rf_ReconstructFailedDiskBasic
                0x0000000000013b60                rumpns_rf_ReconstructFailedDisk
 *fill*         0x0000000000013c43        0xd 90909090
 .text          0x0000000000013c50      0xe7b librumpdev_raidframe_pic.a(rf_reconbuffer.pico)
                0x0000000000013c50                rumpns_rf_SubmitReconBuffer
                0x0000000000013c80                rumpns_rf_GetFullReconBuffer
                0x0000000000013d20                rumpns_rf_CheckForFullRbuf
                0x0000000000013e50                rumpns_rf_ReleaseFloatingReconBuffer
                0x0000000000013ef0                rumpns_rf_MultiWayReconXor
                0x0000000000013fc0                rumpns_rf_SubmitReconBufferBasic
 *fill*         0x0000000000014acb        0x5 90909090
 .text          0x0000000000014ad0      0x778 librumpdev_raidframe_pic.a(rf_raid5.pico)
                0x0000000000014ad0                rumpns_rf_ConfigureRAID5
                0x0000000000014ca0                rumpns_rf_GetDefaultNumFloatingReconBuffersRAID5
                0x0000000000014cb0                rumpns_rf_GetDefaultHeadSepLimitRAID5
                0x0000000000014cc0                rumpns_rf_MapSectorRAID5
                0x0000000000014dd0                rumpns_rf_MapParityRAID5
                0x0000000000014f00                rumpns_rf_IdentifyStripeRAID5
                0x0000000000014fb0                rumpns_rf_MapSIDToPSIDRAID5
                0x0000000000014fd0                rumpns_rf_RaidFiveDagSelect
 *fill*         0x0000000000015248        0x8 90909090
 .text          0x0000000000015250     0x116b librumpdev_raidframe_pic.a(rf_dagdegwr.pico)
                0x0000000000015250                rumpns_rf_CommonCreateSimpleDegradedWriteDAG
                0x0000000000016350                rumpns_rf_CreateDegradedWriteDAG
 *fill*         0x00000000000163bb        0x5 90909090
 .text          0x00000000000163c0      0x3cc librumpdev_raidframe_pic.a(rf_raid4.pico)
                0x00000000000163c0                rumpns_rf_ConfigureRAID4
                0x0000000000016540                rumpns_rf_GetDefaultNumFloatingReconBuffersRAID4
                0x0000000000016550                rumpns_rf_GetDefaultHeadSepLimitRAID4
                0x0000000000016560                rumpns_rf_MapSectorRAID4
                0x0000000000016670                rumpns_rf_MapParityRAID4
                0x0000000000016760                rumpns_rf_IdentifyStripeRAID4
                0x0000000000016770                rumpns_rf_MapSIDToPSIDRAID4
 *fill*         0x000000000001678c        0x4 90909090
 .text          0x0000000000016790     0x15c8 librumpdev_raidframe_pic.a(rf_raid1.pico)
                0x0000000000016790                rumpns_rf_ConfigureRAID1
                0x00000000000168e0                rumpns_rf_MapSectorRAID1
                0x00000000000169f0                rumpns_rf_MapParityRAID1
                0x0000000000016b00                rumpns_rf_IdentifyStripeRAID1
                0x0000000000016bb0                rumpns_rf_MapSIDToPSIDRAID1
                0x0000000000016bd0                rumpns_rf_RAID1DagSelect
                0x0000000000016d10                rumpns_rf_VerifyParityRAID1
                0x0000000000017860                rumpns_rf_SubmitReconBufferRAID1
                0x0000000000017d50                rumpns_rf_GetDefaultHeadSepLimitRAID1
 *fill*         0x0000000000017d58        0x8 90909090
 .text          0x0000000000017d60     0x13c2 librumpdev_raidframe_pic.a(rf_dagdegrd.pico)
                0x0000000000017d60                rumpns_rf_CreateRaidOneDegradedReadDAG
                0x00000000000181d0                rumpns_rf_CreateDegradedReadDAG
                0x00000000000190d0                rumpns_rf_CreateRaidFiveDegradedReadDAG
 *fill*         0x0000000000019122        0xe 90909090
 .text          0x0000000000019130      0x333 librumpdev_raidframe_pic.a(rf_raid0.pico)
                0x0000000000019130                rumpns_rf_ConfigureRAID0
                0x00000000000192b0                rumpns_rf_MapSectorRAID0
                0x00000000000193c0                rumpns_rf_MapParityRAID0
                0x00000000000193e0                rumpns_rf_IdentifyStripeRAID0
                0x00000000000193f0                rumpns_rf_MapSIDToPSIDRAID0
                0x0000000000019410                rumpns_rf_RAID0DagSelect
                0x0000000000019460                rumpns_rf_VerifyParityRAID0
 .text.__x86.get_pc_thunk.cx
                0x0000000000019463        0x4 librumpdev_raidframe_pic.a(rf_raid0.pico)
                0x0000000000019463                __x86.get_pc_thunk.cx
 *fill*         0x0000000000019467        0x9 90909090
 .text          0x0000000000019470     0x25eb librumpdev_raidframe_pic.a(rf_dagffwr.pico)
                0x0000000000019470                rumpns_rf_CreateNonRedundantWriteDAG
                0x00000000000194c0                rumpns_rf_CreateRAID0WriteDAG
                0x0000000000019510                rumpns_rf_CommonCreateLargeWriteDAG
                0x000000000001a120                rumpns_rf_CreateLargeWriteDAG
                0x000000000001a190                rumpns_rf_CommonCreateSmallWriteDAG
                0x000000000001b300                rumpns_rf_CreateSmallWriteDAG
                0x000000000001b360                rumpns_rf_CreateRaidOneWriteDAG
 *fill*         0x000000000001ba5b        0x5 90909090
 .text          0x000000000001ba60      0xa45 librumpdev_raidframe_pic.a(rf_dagffrd.pico)
                0x000000000001ba60                rumpns_rf_CreateNonredundantDAG
                0x000000000001c060                rumpns_rf_CreateFaultFreeReadDAG
                0x000000000001c0b0                rumpns_rf_CreateMirrorIdleReadDAG
 *fill*         0x000000000001c4a5        0xb 90909090
 .text          0x000000000001c4b0      0x7c1 librumpdev_raidframe_pic.a(rf_psstatus.pico)
                0x000000000001c4e0                rumpns_rf_ConfigurePSStatus
                0x000000000001c550                rumpns_rf_InitPSStatus
                0x000000000001c560                rumpns_rf_MakeParityStripeStatusTable
                0x000000000001c620                rumpns_rf_FreeParityStripeStatusTable
                0x000000000001c680                rumpns_rf_LookupRUStatus
                0x000000000001c780                rumpns_rf_AllocPSStatus
                0x000000000001c830                rumpns_rf_FreePSStatus
                0x000000000001c860                rumpns_rf_PSStatusDelete
                0x000000000001c910                rumpns_rf_PrintPSStatusTable
                0x000000000001cb10                rumpns_rf_RemoveFromActiveReconTable
 *fill*         0x000000000001cc71        0xf 90909090
 .text          0x000000000001cc80      0xf43 librumpdev_raidframe_pic.a(rf_parityscan.pico)
                0x000000000001cc80                rumpns_rf_VerifyParity
                0x000000000001cd20                rumpns_rf_RewriteParityRange
                0x000000000001cf40                rumpns_rf_RewriteParity
                0x000000000001cfa0                rumpns_rf_TryToRedirectPDA
                0x000000000001d070                rumpns_rf_MakeSimpleDAG
                0x000000000001d3e0                rumpns_rf_VerifyParityBasic
 *fill*         0x000000000001dbc3        0xd 90909090
 .text          0x000000000001dbd0     0x6085 librumpdev_raidframe_pic.a(rf_netbsdkintf.pico)
                0x000000000001e5d0                rumpns_raiddump
                0x000000000001e8b0                rumpns_raidstrategy
                0x000000000001eb70                rumpns_raidwrite
                0x000000000001ec20                rumpns_raidread
                0x000000000001edf0                rumpns_rf_ReconstructInPlaceThread
                0x000000000001ee70                rumpns_rf_CopybackThread
                0x000000000001eed0                rumpns_rf_RewriteParityThread
                0x000000000001ef90                rumpns_rf_ReconThread
                0x000000000001f0f0                rumpns_raidattach
                0x000000000001f1b0                rumpns_rf_DispatchKernelIO
                0x000000000001f430                rumpns_raidfetch_component_label
                0x000000000001f4e0                rumpns_raidget_component_label
                0x000000000001f500                rumpns_raidflush_component_label
                0x000000000001f600                rumpns_raidmarkdirty
                0x000000000001f660                rumpns_raidmarkclean
                0x000000000001f6c0                rumpns_rf_paritymap_kern_write
                0x000000000001f7b0                rumpns_rf_paritymap_kern_read
                0x000000000001f9b0                rumpns_rf_close_component
                0x000000000001fa40                rumpns_rf_UnconfigureVnodes
                0x000000000001fb30                rumpns_rf_reasonable_label
                0x000000000001fc20                rumpns_rf_find_raid_components
                0x0000000000020300                rumpns_rf_create_auto_sets
                0x00000000000204f0                rumpns_rf_have_enough_components
                0x0000000000020650                rumpns_rf_create_configuration
                0x0000000000020740                rumpns_rf_set_autoconfig
                0x0000000000020820                rumpns_rf_set_rootpartition
                0x0000000000020900                rumpns_rf_release_all_vps
                0x0000000000020980                rumpns_rf_cleanup_config_set
                0x00000000000209d0                rumpns_raid_init_component_label
                0x0000000000020bd0                rumpns_raidopen
                0x0000000000020f90                rumpns_rf_update_component_labels
                0x0000000000021130                rumpns_raidstart
                0x0000000000021410                rumpns_raidclose
                0x0000000000021510                rumpns_raidsize
                0x0000000000021650                rumpns_rf_auto_config_set
                0x00000000000217f0                rumpns_rf_buildroothack
                0x0000000000021a30                rumpns_rf_autoconfig
                0x0000000000021aa0                rumpns_rf_disk_unbusy
                0x0000000000021af0                rumpns_rf_pool_init
                0x0000000000021b90                rumpns_rf_buf_queue_check
                0x0000000000021c00                rumpns_rf_getdisksize
                0x0000000000021c90                rumpns_rf_sync_component_caches
                0x0000000000021e60                rumpns_raidioctl
 *fill*         0x0000000000023c55        0xb 90909090
 .text          0x0000000000023c60      0x6d5 librumpdev_raidframe_pic.a(rf_compat50.pico)
                0x0000000000023c60                rumpns_rf_config50
                0x0000000000024090                rumpns_rf_get_info50
 *fill*         0x0000000000024335        0xb 90909090
 .text          0x0000000000024340      0xe0f librumpdev_raidframe_pic.a(rf_engine.pico)
                0x0000000000024900                rumpns_rf_ConfigureEngine
                0x0000000000024ac0                rumpns_rf_FinishNode
                0x0000000000024fb0                rumpns_rf_DispatchDAG
 *fill*         0x000000000002514f        0x1 90909090
 .text          0x0000000000025150     0x16ba librumpdev_raidframe_pic.a(rf_driver.pico)
                0x00000000000252f0                rumpns_rf_BootRaidframe
                0x0000000000025370                rumpns_rf_Shutdown
                0x0000000000025540                rumpns_rf_Configure
                0x0000000000026010                rumpns_rf_AllocRaidAccDesc
                0x00000000000261d0                rumpns_rf_FreeRaidAccDesc
                0x00000000000262a0                rumpns_rf_DoAccess
                0x0000000000026480                rumpns_rf_SignalQuiescenceLock
                0x00000000000264c0                rumpns_rf_SuspendNewRequestsAndWait
                0x0000000000026580                rumpns_rf_ResumeNewRequests
                0x0000000000026630                rumpns_rf_FailDisk
                0x0000000000026740                rumpns_rf_print_panic_message
                0x0000000000026790                rumpns_rf_print_unable_to_init_mutex
                0x00000000000267d0                rumpns_rf_print_unable_to_add_shutdown
 *fill*         0x000000000002680a        0x6 90909090
 .text          0x0000000000026810     0x18e7 librumpdev_raidframe_pic.a(rf_nwayxor.pico)
                0x00000000000268a0                rumpns_rf_ConfigureNWayXor
                0x00000000000268f0                rumpns_rf_nWayXor1
                0x00000000000269b0                rumpns_rf_nWayXor2
                0x0000000000026b50                rumpns_rf_nWayXor3
                0x0000000000026d40                rumpns_rf_nWayXor4
                0x0000000000026fa0                rumpns_rf_nWayXor5
                0x0000000000027260                rumpns_rf_nWayXor6
                0x0000000000027580                rumpns_rf_nWayXor7
                0x0000000000027900                rumpns_rf_nWayXor8
                0x0000000000027cd0                rumpns_rf_nWayXor9
 *fill*         0x00000000000280f7        0x9 90909090
 .text          0x0000000000028100      0x2c6 librumpdev_raidframe_pic.a(rf_layout.pico)
                0x0000000000028100                rumpns_rf_GetLayout
                0x0000000000028140                rumpns_rf_ConfigureLayout
                0x0000000000028350                rumpns_rf_MapStripeIDToParityStripeID
 *fill*         0x00000000000283c6        0xa 90909090
 .text          0x00000000000283d0     0x1b66 librumpdev_raidframe_pic.a(rf_disks.pico)
                0x00000000000284f0                rumpns_rf_AutoConfigureDisks
                0x0000000000028970                rumpns_rf_ConfigureDisk
                0x0000000000028c20                rumpns_rf_ConfigureSpareDisks
                0x0000000000028f10                rumpns_rf_CheckLabels
                0x0000000000029780                rumpns_rf_ConfigureDisks
                0x0000000000029b50                rumpns_rf_add_hot_spare
                0x0000000000029ee0                rumpns_rf_remove_hot_spare
                0x0000000000029f20                rumpns_rf_delete_component
                0x0000000000029f30                rumpns_rf_incorporate_hot_spare
 *fill*         0x0000000000029f36        0xa 90909090
 .text          0x0000000000029f40        0x3 librumpdev_raidframe_pic.a(rf_debugMem.pico)
                0x0000000000029f40                rumpns_rf_ConfigureDebugMem
 *fill*         0x0000000000029f43        0xd 90909090
 .text          0x0000000000029f50      0xb78 librumpdev_raidframe_pic.a(rf_copyback.pico)
                0x000000000002a2e0                rumpns_rf_ConfigureCopyback
                0x000000000002a300                rumpns_rf_ContinueCopyback
                0x000000000002a5d0                rumpns_rf_CopybackReconstructedData
 *fill*         0x000000000002aac8        0x8 90909090
 .text          0x000000000002aad0       0xff librumpdev_raidframe_pic.a(rf_callback.pico)
                0x000000000002ab00                rumpns_rf_ConfigureCallback
                0x000000000002ab70                rumpns_rf_AllocCallbackDesc
                0x000000000002aba0                rumpns_rf_FreeCallbackDesc
 *fill*         0x000000000002abcf        0x1 90909090
 .text          0x000000000002abd0      0x361 librumpdev_raidframe_pic.a(rf_acctrace.pico)
                0x000000000002ac00                rumpns_rf_ConfigureAccessTrace
                0x000000000002ac60                rumpns_rf_LogTraceRec
 *fill*         0x000000000002af31        0xf 90909090
 .text          0x000000000002af40       0x56 librumpdev_raidframe_pic.a(rf_strutils.pico)
                0x000000000002af40                rumpns_rf_find_non_white
                0x000000000002af70                rumpns_rf_find_white
 *fill*         0x000000000002af96        0xa 90909090
 .text          0x000000000002afa0      0x1b8 librumpdev_raidframe_pic.a(rf_mcpair.pico)
                0x000000000002afd0                rumpns_rf_ConfigureMCPair
                0x000000000002b040                rumpns_rf_AllocMCPair
                0x000000000002b0c0                rumpns_rf_FreeMCPair
                0x000000000002b110                rumpns_rf_MCPairWakeupFunc
 *fill*         0x000000000002b158        0x8 90909090
 .text          0x000000000002b160       0xaa librumpdev_raidframe_pic.a(rf_decluster.pico)
                0x000000000002b160                rumpns_rf_FreeSpareTable
 *fill*         0x000000000002b20a        0x6 90909090
 .text          0x000000000002b210     0x1b59 librumpdev_raidframe_pic.a(rf_dagutils.pico)
                0x000000000002b280                rumpns_rf_ConfigureDAGs
                0x000000000002b3b0                rumpns_rf_AllocDAGHeader
                0x000000000002b460                rumpns_rf_FreeDAGHeader
                0x000000000002b490                rumpns_rf_AllocDAGNode
                0x000000000002b540                rumpns_rf_AllocDAGList
                0x000000000002b5f0                rumpns_rf_FreeDAGList
                0x000000000002b620                rumpns_rf_AllocDAGPCache
                0x000000000002b6d0                rumpns_rf_InitNode
                0x000000000002b950                rumpns_rf_FreeDAGPCache
                0x000000000002b980                rumpns_rf_FreeDAGNode
                0x000000000002b9f0                rumpns_rf_FreeDAG
                0x000000000002ba90                rumpns_rf_AllocFuncList
                0x000000000002bad0                rumpns_rf_FreeFuncList
                0x000000000002bb00                rumpns_rf_AllocStripeBuffer
                0x000000000002bc60                rumpns_rf_FreeStripeBuffer
                0x000000000002bcf0                rumpns_rf_AllocIOBuffer
                0x000000000002be10                rumpns_rf_AllocBuffer
                0x000000000002be70                rumpns_rf_FreeIOBuffer
                0x000000000002bf00                rumpns_rf_redirect_asm
                0x000000000002c000                rumpns_rf_MapUnaccessedPortionOfStripe
                0x000000000002c2a0                rumpns_rf_PDAOverlap
                0x000000000002c400                rumpns_rf_RangeRestrictPDA
                0x000000000002c680                rumpns_rf_GenerateFailedAccessASMs
                0x000000000002cb60                rumpns_rf_SelectMirrorDiskIdle
 *fill*         0x000000000002cd69        0x7 90909090
 .text          0x000000000002cd70     0x187e librumpdev_raidframe_pic.a(rf_map.pico)
                0x000000000002cdf0                rumpns_rf_MarkFailuresInASMList
                0x000000000002cf70                rumpns_rf_ConfigureMapModule
                0x000000000002d100                rumpns_rf_AllocAccessStripeMapHeader
                0x000000000002d150                rumpns_rf_FreeAccessStripeMapHeader
                0x000000000002d180                rumpns_rf_AllocVFPListElem
                0x000000000002d1c0                rumpns_rf_FreeVFPListElem
                0x000000000002d1f0                rumpns_rf_AllocVPListElem
                0x000000000002d230                rumpns_rf_FreeVPListElem
                0x000000000002d260                rumpns_rf_AllocASMHeaderListElem
                0x000000000002d2a0                rumpns_rf_FreeASMHeaderListElem
                0x000000000002d2d0                rumpns_rf_AllocFailedStripeStruct
                0x000000000002d330                rumpns_rf_FreeFailedStripeStruct
                0x000000000002d360                rumpns_rf_AllocPhysDiskAddr
                0x000000000002d410                rumpns_rf_AllocPDAList
                0x000000000002d470                rumpns_rf_FreePhysDiskAddr
                0x000000000002d4a0                rumpns_rf_AllocASMList
                0x000000000002d500                rumpns_rf_FreeAccessStripeMap
                0x000000000002d650                rumpns_rf_CheckStripeForFailures
                0x000000000002d8a0                rumpns_rf_PrintFullAccessStripeMap
                0x000000000002db10                rumpns_rf_ASMParityAdjust
                0x000000000002dd10                rumpns_rf_ASMCheckStatus
                0x000000000002ddd0                rumpns_rf_MapAccess
 *fill*         0x000000000002e5ee        0x2 90909090
 .text          0x000000000002e5f0      0xe13 librumpdev_raidframe_pic.a(rf_dagfuncs.pico)
                0x000000000002e5f0                rumpns_rf_NullNodeUndoFunc
                0x000000000002e620                rumpns_rf_DiskWriteFuncForThreads
                0x000000000002e770                rumpns_rf_DiskReadFuncForThreads
                0x000000000002e8c0                rumpns_rf_DiskUndoFunc
                0x000000000002e9c0                rumpns_rf_ConfigureDAGFuncs
                0x000000000002ea20                rumpns_rf_TerminateFunc
                0x000000000002ea50                rumpns_rf_TerminateUndoFunc
                0x000000000002ea60                rumpns_rf_DiskReadMirrorIdleFunc
                0x000000000002eaa0                rumpns_rf_DiskReadMirrorUndoFunc
                0x000000000002eab0                rumpns_rf_NullNodeFunc
                0x000000000002eae0                rumpns_rf_GenericWakeupFunc
                0x000000000002ebc0                rumpns_rf_longword_bxor
                0x000000000002eda0                rumpns_rf_bxor
                0x000000000002ee00                rumpns_rf_XorIntoBuffer
                0x000000000002eea0                rumpns_rf_RegularXorFunc
                0x000000000002f010                rumpns_rf_RecoveryXorFunc
                0x000000000002f270                rumpns_rf_SimpleXorFunc
 *fill*         0x000000000002f403        0xd 90909090
 .text          0x000000000002f410      0xa7b librumpdev_raidframe_pic.a(rf_reconmap.pico)
                0x000000000002f410                rumpns_rf_MakeReconMap
                0x000000000002f660                rumpns_rf_ReconMapUpdate
                0x000000000002fc90                rumpns_rf_FreeReconMap
                0x000000000002fd90                rumpns_rf_CheckRUReconstructed
                0x000000000002fe80                rumpns_rf_UnitsLeftToReconstruct
 *fill*         0x000000000002fe8b        0x5 90909090
 .text          0x000000000002fe90      0x916 librumpdev_raidframe_pic.a(rf_diskqueue.pico)
                0x000000000002fef0                rumpns_rf_ConfigureDiskQueue
                0x000000000002ffe0                rumpns_rf_ConfigureDiskQueueSystem
                0x0000000000030050                rumpns_rf_ConfigureDiskQueues
                0x00000000000302c0                rumpns_rf_DiskIOEnqueue
                0x00000000000303f0                rumpns_rf_DiskIOComplete
                0x00000000000304a0                rumpns_rf_DiskIOPromote
                0x0000000000030540                rumpns_rf_CreateDiskQueueData
                0x0000000000030740                rumpns_rf_FreeDiskQueueData
 *fill*         0x00000000000307a6        0xa 90909090
 .text          0x00000000000307b0      0xa58 librumpdev_raidframe_pic.a(rf_cvscan.pico)
                0x0000000000030a20                rumpns_rf_CvscanEnqueue
                0x0000000000030a30                rumpns_rf_CvscanDequeue
                0x0000000000030da0                rumpns_rf_CvscanPeek
                0x0000000000030ec0                rumpns_rf_CvscanCreate
                0x0000000000031060                rumpns_rf_CvscanPromote
 *fill*         0x0000000000031208        0x8 90909090
 .text          0x0000000000031210      0x1d4 librumpdev_raidframe_pic.a(rf_options.pico)
                0x0000000000031210                rumpns_rf_ResetDebugOptions
 *fill*         0x00000000000313e4        0xc 90909090
 .text          0x00000000000313f0      0x349 librumpdev_raidframe_pic.a(rf_fifo.pico)
                0x00000000000313f0                rumpns_rf_FifoCreate
                0x00000000000314c0                rumpns_rf_FifoEnqueue
                0x00000000000315b0                rumpns_rf_FifoDequeue
                0x0000000000031620                rumpns_rf_FifoPeek
                0x0000000000031640                rumpns_rf_FifoPromote
 *fill*         0x0000000000031739        0x7 90909090
 .text          0x0000000000031740      0x225 librumpdev_raidframe_pic.a(rf_alloclist.pico)
                0x0000000000031770                rumpns_rf_ConfigureAllocList
                0x00000000000317e0                rumpns_rf_FreeAllocList
                0x0000000000031860                rumpns_rf_real_MakeAllocList
                0x0000000000031900                rumpns_rf_real_AddToAllocList
 *fill*         0x0000000000031965        0xb 90909090
 .text          0x0000000000031970       0x98 librumpdev_raidframe_pic.a(rf_shutdown.pico)
                0x0000000000031970                rumpns__rf_ShutdownCreate
                0x00000000000319c0                rumpns_rf_ShutdownList
 *fill*         0x0000000000031a08        0x8 90909090
 .text          0x0000000000031a10       0x38 /usr/local/genode-gcc/bin/../lib/gcc/x86_64-elf/4.7.4/32/crtend.o
 *(.gnu.warning)

.fini           0x0000000000031a48        0x5
 *(.fini)
 .fini          0x0000000000031a48        0x5 /usr/local/genode-gcc/bin/../lib/gcc/x86_64-elf/4.7.4/32/crtbegin.o
                0x0000000000031a4d                PROVIDE (__etext, .)
                0x0000000000031a4d                PROVIDE (_etext, .)
                0x0000000000031a4d                PROVIDE (etext, .)

.rodata         0x0000000000031a60     0x2af2
 *(.rodata .rodata.* .gnu.linkonce.r.*)
 .rodata.str1.1
                0x0000000000031a60       0x39 librumpdev_raidframe_pic.a(raidframe_component.pico)
 *fill*         0x0000000000031a99        0x3 00
 .rodata.str1.4
                0x0000000000031a9c       0x4d librumpdev_raidframe_pic.a(raidframe_component.pico)
 *fill*         0x0000000000031ae9        0x3 00
 .rodata.str1.4
                0x0000000000031aec      0x1de librumpdev_raidframe_pic.a(rf_paritymap.pico)
 .rodata.str1.1
                0x0000000000031cca       0x27 librumpdev_raidframe_pic.a(rf_paritymap.pico)
 .rodata.str1.1
                0x0000000000031cf1       0x11 librumpdev_raidframe_pic.a(rf_stripelocks.pico)
 *fill*         0x0000000000031d02        0x2 00
 .rodata.str1.4
                0x0000000000031d04       0x45 librumpdev_raidframe_pic.a(rf_stripelocks.pico)
 *fill*         0x0000000000031d49        0x3 00
 .rodata.str1.4
                0x0000000000031d4c      0x109 librumpdev_raidframe_pic.a(rf_states.pico)
                                        0x13d (size before relaxing)
 .rodata.str1.1
                0x0000000000031e55       0x11 librumpdev_raidframe_pic.a(rf_states.pico)
                                         0x20 (size before relaxing)
 *fill*         0x0000000000031e66        0x2 00
 .rodata        0x0000000000031e68       0x28 librumpdev_raidframe_pic.a(rf_states.pico)
 .rodata.str1.1
                0x0000000000031e90       0x16 librumpdev_raidframe_pic.a(rf_revent.pico)
 .rodata.str1.1
                0x0000000000031ea6        0xc librumpdev_raidframe_pic.a(rf_reconutil.pico)
 *fill*         0x0000000000031eb2        0x2 00
 .rodata.str1.4
                0x0000000000031eb4      0x3e6 librumpdev_raidframe_pic.a(rf_reconstruct.pico)
 .rodata.str1.1
                0x000000000003229a       0x4a librumpdev_raidframe_pic.a(rf_reconstruct.pico)
                                         0x4d (size before relaxing)
 .rodata        0x00000000000322e4       0x2c librumpdev_raidframe_pic.a(rf_reconstruct.pico)
 .rodata.str1.4
                0x0000000000032310       0xd3 librumpdev_raidframe_pic.a(rf_reconbuffer.pico)
 .rodata.str1.1
                0x0000000000000000        0x3 librumpdev_raidframe_pic.a(rf_reconbuffer.pico)
 .rodata.str1.1
                0x00000000000323e3       0x37 librumpdev_raidframe_pic.a(rf_dagdegwr.pico)
                                         0x48 (size before relaxing)
 .rodata.str1.1
                0x000000000003241a       0x1a librumpdev_raidframe_pic.a(rf_raid1.pico)
                                         0x21 (size before relaxing)
 .rodata.str1.4
                0x0000000000032434      0x15d librumpdev_raidframe_pic.a(rf_raid1.pico)
 .rodata.str1.1
                0x0000000000032591       0x27 librumpdev_raidframe_pic.a(rf_dagdegrd.pico)
                                         0x47 (size before relaxing)
 .rodata.str1.1
                0x00000000000325b8       0x3c librumpdev_raidframe_pic.a(rf_dagffwr.pico)
                                         0x54 (size before relaxing)
 .rodata.str1.1
                0x00000000000325f4       0x2c librumpdev_raidframe_pic.a(rf_dagffrd.pico)
                                         0x3b (size before relaxing)
 .rodata.str1.4
                0x0000000000032620       0xa3 librumpdev_raidframe_pic.a(rf_dagffrd.pico)
 .rodata.str1.1
                0x00000000000326c3       0x71 librumpdev_raidframe_pic.a(rf_psstatus.pico)
                                         0x76 (size before relaxing)
 .rodata.str1.4
                0x0000000000032734       0x48 librumpdev_raidframe_pic.a(rf_psstatus.pico)
 .rodata.str1.1
                0x000000000003277c       0x5f librumpdev_raidframe_pic.a(rf_parityscan.pico)
                                         0x6f (size before relaxing)
 *fill*         0x00000000000327db        0x1 00
 .rodata.str1.4
                0x00000000000327dc       0xe7 librumpdev_raidframe_pic.a(rf_parityscan.pico)
 *fill*         0x00000000000328c3        0x1 00
 .rodata        0x00000000000328c4       0x14 librumpdev_raidframe_pic.a(rf_parityscan.pico)
 .rodata.str1.1
                0x00000000000328d8      0x149 librumpdev_raidframe_pic.a(rf_netbsdkintf.pico)
                                        0x15d (size before relaxing)
 *fill*         0x0000000000032a21        0x3 00
 .rodata.str1.4
                0x0000000000032a24      0x5e0 librumpdev_raidframe_pic.a(rf_netbsdkintf.pico)
                                        0x614 (size before relaxing)
 .rodata        0x0000000000033004       0x1c librumpdev_raidframe_pic.a(rf_netbsdkintf.pico)
 .rodata.str1.4
                0x0000000000000000       0x24 librumpdev_raidframe_pic.a(rf_compat50.pico)
 .rodata.str1.4
                0x0000000000033020      0x197 librumpdev_raidframe_pic.a(rf_engine.pico)
 .rodata.str1.1
                0x00000000000331b7       0x33 librumpdev_raidframe_pic.a(rf_engine.pico)
                                         0x3d (size before relaxing)
 *fill*         0x00000000000331ea        0x2 00
 .rodata.str1.4
                0x00000000000331ec      0x22e librumpdev_raidframe_pic.a(rf_driver.pico)
 .rodata.str1.1
                0x000000000003341a      0x253 librumpdev_raidframe_pic.a(rf_driver.pico)
                                        0x255 (size before relaxing)
 *fill*         0x000000000003366d        0x3 00
 .rodata.str1.4
                0x0000000000033670       0x26 librumpdev_raidframe_pic.a(rf_nwayxor.pico)
 .rodata.str1.1
                0x0000000000000000      0x253 librumpdev_raidframe_pic.a(rf_nwayxor.pico)
                                          0x6 (size before relaxing)
 *fill*         0x0000000000033696        0x2 00
 .rodata.str1.4
                0x0000000000033698       0xb2 librumpdev_raidframe_pic.a(rf_layout.pico)
 .rodata.str1.1
                0x000000000003374a       0x34 librumpdev_raidframe_pic.a(rf_layout.pico)
 *fill*         0x000000000003377e        0x2 00
 .rodata        0x0000000000033780       0x28 librumpdev_raidframe_pic.a(rf_layout.pico)
 .rodata.str1.1
                0x00000000000337a8       0xa7 librumpdev_raidframe_pic.a(rf_disks.pico)
 *fill*         0x000000000003384f        0x1 00
 .rodata.str1.4
                0x0000000000033850      0x4d2 librumpdev_raidframe_pic.a(rf_disks.pico)
 *fill*         0x0000000000033d22        0x2 00
 .rodata.str1.4
                0x0000000000033d24      0x138 librumpdev_raidframe_pic.a(rf_copyback.pico)
 .rodata.str1.1
                0x0000000000033e5c       0x1c librumpdev_raidframe_pic.a(rf_copyback.pico)
 .rodata.str1.1
                0x0000000000033e78        0xe librumpdev_raidframe_pic.a(rf_callback.pico)
 .rodata.str1.1
                0x0000000000033e86       0x14 librumpdev_raidframe_pic.a(rf_mcpair.pico)
 .rodata.str1.1
                0x0000000000033e9a       0x63 librumpdev_raidframe_pic.a(rf_dagutils.pico)
                                         0x66 (size before relaxing)
 *fill*         0x0000000000033efd        0x3 00
 .rodata.str1.4
                0x0000000000033f00      0x146 librumpdev_raidframe_pic.a(rf_dagutils.pico)
 .rodata.str1.1
                0x0000000000034046       0xd4 librumpdev_raidframe_pic.a(rf_map.pico)
                                         0xd9 (size before relaxing)
 *fill*         0x000000000003411a        0x2 00
 .rodata.str1.4
                0x000000000003411c       0x6e librumpdev_raidframe_pic.a(rf_map.pico)
 .rodata.str1.1
                0x000000000003418a       0x39 librumpdev_raidframe_pic.a(rf_dagfuncs.pico)
                                         0x3c (size before relaxing)
 *fill*         0x00000000000341c3        0x1 00
 .rodata.str1.4
                0x00000000000341c4       0xa4 librumpdev_raidframe_pic.a(rf_dagfuncs.pico)
 .rodata.str1.1
                0x0000000000034268       0x2d librumpdev_raidframe_pic.a(rf_reconmap.pico)
 *fill*         0x0000000000034295        0x3 00
 .rodata.str1.4
                0x0000000000034298       0x2a librumpdev_raidframe_pic.a(rf_reconmap.pico)
 .rodata.str1.1
                0x00000000000342c2        0xa librumpdev_raidframe_pic.a(rf_diskqueue.pico)
 .rodata.str1.4
                0x00000000000342cc       0x24 librumpdev_raidframe_pic.a(rf_diskqueue.pico)
 .rodata.str1.1
                0x00000000000342f0      0x224 librumpdev_raidframe_pic.a(rf_options.pico)
                                        0x22e (size before relaxing)
 .rodata.str1.4
                0x0000000000034514       0x24 librumpdev_raidframe_pic.a(rf_fifo.pico)
                                         0x21 (size before relaxing)
 .rodata.str1.1
                0x0000000000034538        0xa librumpdev_raidframe_pic.a(rf_fifo.pico)
 .rodata.str1.1
                0x0000000000034542       0x10 librumpdev_raidframe_pic.a(rf_alloclist.pico)

.rodata1
 *(.rodata1)

.eh_frame_hdr   0x0000000000034554      0xc5c
 *(.eh_frame_hdr)
 .eh_frame_hdr  0x0000000000034554      0xc5c /usr/local/genode-gcc/bin/../lib/gcc/x86_64-elf/4.7.4/32/crtbegin.o

.eh_frame       0x00000000000351b0     0x4b88
 *(.eh_frame)
 .eh_frame      0x00000000000351b0       0x3c /usr/local/genode-gcc/bin/../lib/gcc/x86_64-elf/4.7.4/32/crtbegin.o
                                         0x40 (size before relaxing)
 .eh_frame      0x00000000000351ec       0x24 librumpdev_raidframe_pic.a(rf_debugprint.pico)
                                         0x50 (size before relaxing)
 .eh_frame      0x0000000000035210       0x30 librumpdev_raidframe_pic.a(raidframe_component.pico)
                                         0x5c (size before relaxing)
 .eh_frame      0x0000000000035240      0x48c librumpdev_raidframe_pic.a(rf_paritymap.pico)
                                        0x4b8 (size before relaxing)
 .eh_frame      0x00000000000356cc       0xa0 librumpdev_raidframe_pic.a(rf_utils.pico)
                                         0xcc (size before relaxing)
 .eh_frame      0x000000000003576c      0x154 librumpdev_raidframe_pic.a(rf_stripelocks.pico)
                                        0x180 (size before relaxing)
 .eh_frame      0x00000000000358c0      0x2ec librumpdev_raidframe_pic.a(rf_states.pico)
                                        0x318 (size before relaxing)
 .eh_frame      0x0000000000035bac       0x84 librumpdev_raidframe_pic.a(rf_aselect.pico)
                                         0xb0 (size before relaxing)
 .eh_frame      0x0000000000035c30      0x2c0 librumpdev_raidframe_pic.a(rf_sstf.pico)
                                        0x2ec (size before relaxing)
 .eh_frame      0x0000000000035ef0      0x100 librumpdev_raidframe_pic.a(rf_revent.pico)
                                        0x12c (size before relaxing)
 .eh_frame      0x0000000000035ff0      0x100 librumpdev_raidframe_pic.a(rf_reconutil.pico)
                                        0x12c (size before relaxing)
 .eh_frame      0x00000000000360f0      0x480 librumpdev_raidframe_pic.a(rf_reconstruct.pico)
                                        0x4ac (size before relaxing)
 .eh_frame      0x0000000000036570      0x12c librumpdev_raidframe_pic.a(rf_reconbuffer.pico)
                                        0x158 (size before relaxing)
 .eh_frame      0x000000000003669c      0x130 librumpdev_raidframe_pic.a(rf_raid5.pico)
                                        0x15c (size before relaxing)
 .eh_frame      0x00000000000367cc       0x68 librumpdev_raidframe_pic.a(rf_dagdegwr.pico)
                                         0x94 (size before relaxing)
 .eh_frame      0x0000000000036834       0xf4 librumpdev_raidframe_pic.a(rf_raid4.pico)
                                        0x120 (size before relaxing)
 .eh_frame      0x0000000000036928      0x1a0 librumpdev_raidframe_pic.a(rf_raid1.pico)
                                        0x1cc (size before relaxing)
 .eh_frame      0x0000000000036ac8       0xac librumpdev_raidframe_pic.a(rf_dagdegrd.pico)
                                         0xd8 (size before relaxing)
 .eh_frame      0x0000000000036b74       0xf4 librumpdev_raidframe_pic.a(rf_raid0.pico)
                                        0x120 (size before relaxing)
 .eh_frame      0x0000000000036c68      0x15c librumpdev_raidframe_pic.a(rf_dagffwr.pico)
                                        0x188 (size before relaxing)
 .eh_frame      0x0000000000036dc4       0xc4 librumpdev_raidframe_pic.a(rf_dagffrd.pico)
                                         0xf0 (size before relaxing)
 .eh_frame      0x0000000000036e88      0x230 librumpdev_raidframe_pic.a(rf_psstatus.pico)
                                        0x25c (size before relaxing)
 .eh_frame      0x00000000000370b8      0x15c librumpdev_raidframe_pic.a(rf_parityscan.pico)
                                        0x188 (size before relaxing)
 .eh_frame      0x0000000000037214      0xb4c librumpdev_raidframe_pic.a(rf_netbsdkintf.pico)
                                        0xb78 (size before relaxing)
 .eh_frame      0x0000000000037d60       0x68 librumpdev_raidframe_pic.a(rf_compat50.pico)
                                         0x94 (size before relaxing)
 .eh_frame      0x0000000000037dc8      0x1f8 librumpdev_raidframe_pic.a(rf_engine.pico)
                                        0x224 (size before relaxing)
 .eh_frame      0x0000000000037fc0      0x360 librumpdev_raidframe_pic.a(rf_driver.pico)
                                        0x38c (size before relaxing)
 .eh_frame      0x0000000000038320      0x284 librumpdev_raidframe_pic.a(rf_nwayxor.pico)
                                        0x2b0 (size before relaxing)
 .eh_frame      0x00000000000385a4       0x70 librumpdev_raidframe_pic.a(rf_layout.pico)
                                         0x9c (size before relaxing)
 .eh_frame      0x0000000000038614      0x1f0 librumpdev_raidframe_pic.a(rf_disks.pico)
                                        0x21c (size before relaxing)
 .eh_frame      0x0000000000038804       0x14 librumpdev_raidframe_pic.a(rf_debugMem.pico)
                                         0x2c (size before relaxing)
 .eh_frame      0x0000000000038818      0x174 librumpdev_raidframe_pic.a(rf_copyback.pico)
                                        0x1b4 (size before relaxing)
 .eh_frame      0x000000000003898c       0x84 librumpdev_raidframe_pic.a(rf_callback.pico)
                                         0xb0 (size before relaxing)
 .eh_frame      0x0000000000038a10       0x78 librumpdev_raidframe_pic.a(rf_acctrace.pico)
                                         0xa4 (size before relaxing)
 .eh_frame      0x0000000000038a88       0x28 librumpdev_raidframe_pic.a(rf_strutils.pico)
                                         0x40 (size before relaxing)
 .eh_frame      0x0000000000038ab0       0xa4 librumpdev_raidframe_pic.a(rf_mcpair.pico)
                                         0xd0 (size before relaxing)
 .eh_frame      0x0000000000038b54       0x40 librumpdev_raidframe_pic.a(rf_decluster.pico)
                                         0x6c (size before relaxing)
 .eh_frame      0x0000000000038b94      0x498 librumpdev_raidframe_pic.a(rf_dagutils.pico)
                                        0x4c4 (size before relaxing)
 .eh_frame      0x000000000003902c      0x438 librumpdev_raidframe_pic.a(rf_map.pico)
                                        0x464 (size before relaxing)
 .eh_frame      0x0000000000039464      0x2d8 librumpdev_raidframe_pic.a(rf_dagfuncs.pico)
                                        0x304 (size before relaxing)
 .eh_frame      0x000000000003973c       0xf8 librumpdev_raidframe_pic.a(rf_reconmap.pico)
                                        0x124 (size before relaxing)
 .eh_frame      0x0000000000039834      0x1e8 librumpdev_raidframe_pic.a(rf_diskqueue.pico)
                                        0x214 (size before relaxing)
 .eh_frame      0x0000000000039a1c      0x120 librumpdev_raidframe_pic.a(rf_cvscan.pico)
                                        0x14c (size before relaxing)
 .eh_frame      0x0000000000039b3c       0x14 librumpdev_raidframe_pic.a(rf_options.pico)
                                         0x40 (size before relaxing)
 .eh_frame      0x0000000000039b50       0xb0 librumpdev_raidframe_pic.a(rf_fifo.pico)
                                         0xdc (size before relaxing)
 .eh_frame      0x0000000000039c00       0xd8 librumpdev_raidframe_pic.a(rf_alloclist.pico)
                                        0x104 (size before relaxing)
 .eh_frame      0x0000000000039cd8       0x5c librumpdev_raidframe_pic.a(rf_shutdown.pico)
                                         0x88 (size before relaxing)
 .eh_frame      0x0000000000039d34        0x4 /usr/local/genode-gcc/bin/../lib/gcc/x86_64-elf/4.7.4/32/crtend.o

.gcc_except_table
 *(.gcc_except_table .gcc_except_table.*)

.exception_ranges
 *(.exception_ranges .exception_ranges*)
                0x0000000000039d38                . = (ALIGN (0x1000) - ((0x1000 - .) & 0xfff))
                0x000000000003a000                . = DATA_SEGMENT_ALIGN (0x1000, 0x1000)

.eh_frame
 *(.eh_frame)

.gcc_except_table
 *(.gcc_except_table .gcc_except_table.*)

.exception_ranges
 *(.exception_ranges .exception_ranges*)

.tdata
 *(.tdata .tdata.* .gnu.linkonce.td.*)

.tbss
 *(.tbss .tbss.* .gnu.linkonce.tb.*)
 *(.tcommon)

.preinit_array
 *(.preinit_array)

.init_array
 *(SORT(.init_array.*))
 *(.init_array)

.fini_array
 *(SORT(.fini_array.*))
 *(.fini_array)

.ctors          0x000000000003a000        0x8
 *crtbegin.o(.ctors)
 .ctors         0x000000000003a000        0x4 /usr/local/genode-gcc/bin/../lib/gcc/x86_64-elf/4.7.4/32/crtbegin.o
 *crtbegin?.o(.ctors)
 *(EXCLUDE_FILE(*crtend?.o *crtend.o) .ctors)
 *(SORT(.ctors.*))
 *(.ctors)
 .ctors         0x000000000003a004        0x4 /usr/local/genode-gcc/bin/../lib/gcc/x86_64-elf/4.7.4/32/crtend.o

.dtors          0x000000000003a008        0x8
 *crtbegin.o(.dtors)
 .dtors         0x000000000003a008        0x4 /usr/local/genode-gcc/bin/../lib/gcc/x86_64-elf/4.7.4/32/crtbegin.o
 *crtbegin?.o(.dtors)
 *(EXCLUDE_FILE(*crtend?.o *crtend.o) .dtors)
 *(SORT(.dtors.*))
 *(.dtors)
 .dtors         0x000000000003a00c        0x4 /usr/local/genode-gcc/bin/../lib/gcc/x86_64-elf/4.7.4/32/crtend.o
                0x000000000003a00c                __DTOR_END__

.jcr            0x000000000003a010        0x4
 *(.jcr)
 .jcr           0x000000000003a010        0x0 /usr/local/genode-gcc/bin/../lib/gcc/x86_64-elf/4.7.4/32/crtbegin.o
 .jcr           0x000000000003a010        0x4 /usr/local/genode-gcc/bin/../lib/gcc/x86_64-elf/4.7.4/32/crtend.o

.data.rel.ro    0x000000000003a020     0x16a4
 *(.data.rel.ro.local* .gnu.linkonce.d.rel.ro.local.*)
 *(.data.rel.ro* .gnu.linkonce.d.rel.ro.*)
 .data.rel.ro   0x000000000003a020       0x28 librumpdev_raidframe_pic.a(rf_reconbuffer.pico)
 *fill*         0x000000000003a048       0x18 00
 .data.rel.ro   0x000000000003a060       0x60 librumpdev_raidframe_pic.a(rf_netbsdkintf.pico)
                0x000000000003a060                rumpns_raid_cdevsw
                0x000000000003a0a0                rumpns_raid_bdevsw
 .data.rel.ro   0x000000000003a0c0      0x168 librumpdev_raidframe_pic.a(rf_layout.pico)
 .data.rel.ro   0x000000000003a228       0x20 librumpdev_raidframe_pic.a(rf_dagutils.pico)
                0x000000000003a228                rumpns_rf_xorRecoveryFuncs
                0x000000000003a238                rumpns_rf_xorFuncs
 *fill*         0x000000000003a248       0x18 00
 .data.rel.ro   0x000000000003a260     0x1464 librumpdev_raidframe_pic.a(rf_diskqueue.pico)

.dynamic        0x000000000003b6c4       0xb8
 *(.dynamic)
 .dynamic       0x000000000003b6c4       0xb8 /usr/local/genode-gcc/bin/../lib/gcc/x86_64-elf/4.7.4/32/crtbegin.o
                0x000000000003b6c4                _DYNAMIC

.got            0x000000000003b77c      0x198
 *(.got)
 .got           0x000000000003b77c      0x198 /usr/local/genode-gcc/bin/../lib/gcc/x86_64-elf/4.7.4/32/crtbegin.o
 *(.igot)
                0x000000000003b914                . = DATA_SEGMENT_RELRO_END (., 0xc)

.got.plt        0x000000000003b914      0x59c
 *(.got.plt)
 .got.plt       0x000000000003b914      0x59c /usr/local/genode-gcc/bin/../lib/gcc/x86_64-elf/4.7.4/32/crtbegin.o
                0x000000000003b914                _GLOBAL_OFFSET_TABLE_
 *(.igot.plt)

.data           0x000000000003bec0      0x1f8
 *(.data .data.* .gnu.linkonce.d.*)
 .data          0x000000000003bec0        0x4 /usr/local/genode-gcc/bin/../lib/gcc/x86_64-elf/4.7.4/32/crtbegin.o
                0x000000000003bec0                __dso_handle
 .data          0x000000000003bec4        0x0 librumpdev_raidframe_pic.a(rf_raid5_rotatedspare.pico)
 .data          0x000000000003bec4        0x0 librumpdev_raidframe_pic.a(rf_pqdegdags.pico)
 .data          0x000000000003bec4        0x0 librumpdev_raidframe_pic.a(rf_pqdeg.pico)
 .data          0x000000000003bec4        0x0 librumpdev_raidframe_pic.a(rf_pq.pico)
 .data          0x000000000003bec4        0x0 librumpdev_raidframe_pic.a(rf_parityloggingdags.pico)
 .data          0x000000000003bec4        0x0 librumpdev_raidframe_pic.a(rf_paritylogging.pico)
 .data          0x000000000003bec4        0x0 librumpdev_raidframe_pic.a(rf_paritylogDiskMgr.pico)
 .data          0x000000000003bec4        0x0 librumpdev_raidframe_pic.a(rf_paritylog.pico)
 .data          0x000000000003bec4        0x0 librumpdev_raidframe_pic.a(rf_invertq.pico)
 .data          0x000000000003bec4        0x0 librumpdev_raidframe_pic.a(rf_interdecluster.pico)
 .data          0x000000000003bec4        0x0 librumpdev_raidframe_pic.a(rf_evenodd_dags.pico)
 .data          0x000000000003bec4        0x0 librumpdev_raidframe_pic.a(rf_evenodd_dagfuncs.pico)
 .data          0x000000000003bec4        0x0 librumpdev_raidframe_pic.a(rf_evenodd.pico)
 .data          0x000000000003bec4        0x0 librumpdev_raidframe_pic.a(rf_declusterPQ.pico)
 .data          0x000000000003bec4        0x0 librumpdev_raidframe_pic.a(rf_debugprint.pico)
 .data          0x000000000003bec4        0x0 librumpdev_raidframe_pic.a(rf_chaindecluster.pico)
 .data          0x000000000003bec4        0x0 librumpdev_raidframe_pic.a(raidframe_component.pico)
 *fill*         0x000000000003bec4       0x1c 00
 .data.rel.local
                0x000000000003bee0       0x30 librumpdev_raidframe_pic.a(raidframe_component.pico)
                0x000000000003bee0                rumpns_raid_cd
 .data          0x000000000003bf10        0x0 librumpdev_raidframe_pic.a(rf_paritymap.pico)
 .data          0x000000000003bf10        0x0 librumpdev_raidframe_pic.a(rf_utils.pico)
 .data          0x000000000003bf10        0x0 librumpdev_raidframe_pic.a(rf_stripelocks.pico)
 .data          0x000000000003bf10        0x0 librumpdev_raidframe_pic.a(rf_states.pico)
 .data          0x000000000003bf10        0x0 librumpdev_raidframe_pic.a(rf_aselect.pico)
 .data          0x000000000003bf10        0x0 librumpdev_raidframe_pic.a(rf_sstf.pico)
 .data          0x000000000003bf10        0x0 librumpdev_raidframe_pic.a(rf_revent.pico)
 .data          0x000000000003bf10        0x0 librumpdev_raidframe_pic.a(rf_reconutil.pico)
 .data          0x000000000003bf10        0x0 librumpdev_raidframe_pic.a(rf_reconstruct.pico)
 .data          0x000000000003bf10        0x0 librumpdev_raidframe_pic.a(rf_reconbuffer.pico)
 .data          0x000000000003bf10        0x0 librumpdev_raidframe_pic.a(rf_raid5.pico)
 .data          0x000000000003bf10        0x0 librumpdev_raidframe_pic.a(rf_dagdegwr.pico)
 .data          0x000000000003bf10        0x0 librumpdev_raidframe_pic.a(rf_raid4.pico)
 .data          0x000000000003bf10        0x0 librumpdev_raidframe_pic.a(rf_raid1.pico)
 .data          0x000000000003bf10        0x0 librumpdev_raidframe_pic.a(rf_dagdegrd.pico)
 .data          0x000000000003bf10        0x0 librumpdev_raidframe_pic.a(rf_raid0.pico)
 .data          0x000000000003bf10        0x0 librumpdev_raidframe_pic.a(rf_dagffwr.pico)
 .data          0x000000000003bf10        0x0 librumpdev_raidframe_pic.a(rf_dagffrd.pico)
 .data          0x000000000003bf10        0x0 librumpdev_raidframe_pic.a(rf_psstatus.pico)
 .data          0x000000000003bf10        0x0 librumpdev_raidframe_pic.a(rf_parityscan.pico)
 .data          0x000000000003bf10        0x0 librumpdev_raidframe_pic.a(rf_netbsdkintf.pico)
 *fill*         0x000000000003bf10       0x10 00
 .data.rel.local
                0x000000000003bf20       0x2c librumpdev_raidframe_pic.a(rf_netbsdkintf.pico)
                0x000000000003bf20                rumpns_raid_ca
 .data.rel      0x000000000003bf4c        0x8 librumpdev_raidframe_pic.a(rf_netbsdkintf.pico)
 .data          0x000000000003bf54        0x0 librumpdev_raidframe_pic.a(rf_compat50.pico)
 .data          0x000000000003bf54        0x0 librumpdev_raidframe_pic.a(rf_engine.pico)
 .data          0x000000000003bf54        0x0 librumpdev_raidframe_pic.a(rf_driver.pico)
 .data          0x000000000003bf54        0x0 librumpdev_raidframe_pic.a(rf_nwayxor.pico)
 .data          0x000000000003bf54        0x0 librumpdev_raidframe_pic.a(rf_layout.pico)
 .data          0x000000000003bf54        0x0 librumpdev_raidframe_pic.a(rf_disks.pico)
 .data          0x000000000003bf54        0x0 librumpdev_raidframe_pic.a(rf_debugMem.pico)
 .data          0x000000000003bf54        0x0 librumpdev_raidframe_pic.a(rf_copyback.pico)
 .data          0x000000000003bf54        0x0 librumpdev_raidframe_pic.a(rf_callback.pico)
 .data          0x000000000003bf54        0x0 librumpdev_raidframe_pic.a(rf_acctrace.pico)
 .data          0x000000000003bf54        0x0 librumpdev_raidframe_pic.a(rf_strutils.pico)
 .data          0x000000000003bf54        0x0 librumpdev_raidframe_pic.a(rf_mcpair.pico)
 .data          0x000000000003bf54        0x0 librumpdev_raidframe_pic.a(rf_decluster.pico)
 .data          0x000000000003bf54        0x0 librumpdev_raidframe_pic.a(rf_dagutils.pico)
 .data          0x000000000003bf54        0x0 librumpdev_raidframe_pic.a(rf_map.pico)
 .data          0x000000000003bf54        0x0 librumpdev_raidframe_pic.a(rf_dagfuncs.pico)
 .data          0x000000000003bf54        0x0 librumpdev_raidframe_pic.a(rf_reconmap.pico)
 .data          0x000000000003bf54        0x0 librumpdev_raidframe_pic.a(rf_diskqueue.pico)
 .data          0x000000000003bf54        0x0 librumpdev_raidframe_pic.a(rf_cvscan.pico)
 .data          0x000000000003bf54       0x20 librumpdev_raidframe_pic.a(rf_options.pico)
                0x000000000003bf54                rumpns_rf_validateVisitedDebug
                0x000000000003bf58                rumpns_rf_sizePercentage
                0x000000000003bf5c                rumpns_rf_protectedSectors
                0x000000000003bf60                rumpns_rf_numBufsToAccumulate
                0x000000000003bf64                rumpns_rf_maxNumTraces
                0x000000000003bf68                rumpns_rf_lockTableSize
                0x000000000003bf6c                rumpns_rf_forceNumFloatingReconBufs
                0x000000000003bf70                rumpns_rf_forceHeadSepLimit
 *fill*         0x000000000003bf74        0xc 00
 .data.rel      0x000000000003bf80      0x138 librumpdev_raidframe_pic.a(rf_options.pico)
                0x000000000003bf80                rumpns_rf_debugNames
 .data          0x000000000003c0b8        0x0 librumpdev_raidframe_pic.a(rf_fifo.pico)
 .data          0x000000000003c0b8        0x0 librumpdev_raidframe_pic.a(rf_alloclist.pico)
 .data          0x000000000003c0b8        0x0 librumpdev_raidframe_pic.a(rf_shutdown.pico)
 .data          0x000000000003c0b8        0x0 /usr/local/genode-gcc/bin/../lib/gcc/x86_64-elf/4.7.4/32/crtend.o

.tm_clone_table
                0x000000000003c0b8        0x0
 .tm_clone_table
                0x000000000003c0b8        0x0 /usr/local/genode-gcc/bin/../lib/gcc/x86_64-elf/4.7.4/32/crtbegin.o
 .tm_clone_table
                0x000000000003c0b8        0x0 /usr/local/genode-gcc/bin/../lib/gcc/x86_64-elf/4.7.4/32/crtend.o

link_set_rump_components
                0x000000000003c0b8        0x4
                0x000000000003c0b8                . = ALIGN (0x4)
                0x000000000003c0b8                PROVIDE (__start_link_set_rump_components, ABSOLUTE (.))
 link_set_rump_components
                0x000000000003c0b8        0x4 librumpdev_raidframe_pic.a(raidframe_component.pico)
                0x000000000003c0bc                PROVIDE (__stop_link_set_rump_components, .)

.data1
 *(.data1)
                0x000000000003c0bc                _edata = .
                0x000000000003c0bc                PROVIDE (edata, .)
                0x000000000003c0bc                __bss_start = .

.bss            0x000000000003c0c0     0x1bc8
 *(.dynbss)
 .dynbss        0x0000000000000000        0x0 /usr/local/genode-gcc/bin/../lib/gcc/x86_64-elf/4.7.4/32/crtbegin.o
 *(.bss .bss.* .gnu.linkonce.b.*)
 .bss           0x000000000003c0c0        0x8 /usr/local/genode-gcc/bin/../lib/gcc/x86_64-elf/4.7.4/32/crtbegin.o
 .bss           0x000000000003c0c8        0x0 librumpdev_raidframe_pic.a(rf_raid5_rotatedspare.pico)
 .bss           0x000000000003c0c8        0x0 librumpdev_raidframe_pic.a(rf_pqdegdags.pico)
 .bss           0x000000000003c0c8        0x0 librumpdev_raidframe_pic.a(rf_pqdeg.pico)
 .bss           0x000000000003c0c8        0x0 librumpdev_raidframe_pic.a(rf_pq.pico)
 .bss           0x000000000003c0c8        0x0 librumpdev_raidframe_pic.a(rf_parityloggingdags.pico)
 .bss           0x000000000003c0c8        0x0 librumpdev_raidframe_pic.a(rf_paritylogging.pico)
 .bss           0x000000000003c0c8        0x0 librumpdev_raidframe_pic.a(rf_paritylogDiskMgr.pico)
 .bss           0x000000000003c0c8        0x0 librumpdev_raidframe_pic.a(rf_paritylog.pico)
 .bss           0x000000000003c0c8        0x0 librumpdev_raidframe_pic.a(rf_invertq.pico)
 .bss           0x000000000003c0c8        0x0 librumpdev_raidframe_pic.a(rf_interdecluster.pico)
 .bss           0x000000000003c0c8        0x0 librumpdev_raidframe_pic.a(rf_evenodd_dags.pico)
 .bss           0x000000000003c0c8        0x0 librumpdev_raidframe_pic.a(rf_evenodd_dagfuncs.pico)
 .bss           0x000000000003c0c8        0x0 librumpdev_raidframe_pic.a(rf_evenodd.pico)
 .bss           0x000000000003c0c8        0x0 librumpdev_raidframe_pic.a(rf_declusterPQ.pico)
 .bss           0x000000000003c0c8        0x0 librumpdev_raidframe_pic.a(rf_debugprint.pico)
 .bss           0x000000000003c0c8        0x0 librumpdev_raidframe_pic.a(rf_chaindecluster.pico)
 .bss           0x000000000003c0c8        0x0 librumpdev_raidframe_pic.a(raidframe_component.pico)
 .bss           0x000000000003c0c8        0x0 librumpdev_raidframe_pic.a(rf_paritymap.pico)
 .bss           0x000000000003c0c8        0x0 librumpdev_raidframe_pic.a(rf_utils.pico)
 .bss           0x000000000003c0c8        0x0 librumpdev_raidframe_pic.a(rf_stripelocks.pico)
 .bss           0x000000000003c0c8        0x0 librumpdev_raidframe_pic.a(rf_states.pico)
 .bss           0x000000000003c0c8        0x0 librumpdev_raidframe_pic.a(rf_aselect.pico)
 .bss           0x000000000003c0c8        0x0 librumpdev_raidframe_pic.a(rf_sstf.pico)
 .bss           0x000000000003c0c8        0x0 librumpdev_raidframe_pic.a(rf_revent.pico)
 .bss           0x000000000003c0c8        0x0 librumpdev_raidframe_pic.a(rf_reconutil.pico)
 .bss           0x000000000003c0c8        0x0 librumpdev_raidframe_pic.a(rf_reconstruct.pico)
 .bss           0x000000000003c0c8        0x0 librumpdev_raidframe_pic.a(rf_reconbuffer.pico)
 .bss           0x000000000003c0c8        0x0 librumpdev_raidframe_pic.a(rf_raid5.pico)
 .bss           0x000000000003c0c8        0x0 librumpdev_raidframe_pic.a(rf_dagdegwr.pico)
 .bss           0x000000000003c0c8        0x0 librumpdev_raidframe_pic.a(rf_raid4.pico)
 .bss           0x000000000003c0c8        0x0 librumpdev_raidframe_pic.a(rf_raid1.pico)
 .bss           0x000000000003c0c8        0x0 librumpdev_raidframe_pic.a(rf_dagdegrd.pico)
 .bss           0x000000000003c0c8        0x0 librumpdev_raidframe_pic.a(rf_raid0.pico)
 .bss           0x000000000003c0c8        0x0 librumpdev_raidframe_pic.a(rf_dagffwr.pico)
 .bss           0x000000000003c0c8        0x0 librumpdev_raidframe_pic.a(rf_dagffrd.pico)
 .bss           0x000000000003c0c8        0x0 librumpdev_raidframe_pic.a(rf_psstatus.pico)
 .bss           0x000000000003c0c8        0x0 librumpdev_raidframe_pic.a(rf_parityscan.pico)
 .bss           0x000000000003c0c8       0x10 librumpdev_raidframe_pic.a(rf_netbsdkintf.pico)
                0x000000000003c0c8                rumpns_raidautoconfig
 .bss           0x000000000003c0d8        0x0 librumpdev_raidframe_pic.a(rf_compat50.pico)
 .bss           0x000000000003c0d8        0x0 librumpdev_raidframe_pic.a(rf_engine.pico)
 .bss           0x000000000003c0d8       0x14 librumpdev_raidframe_pic.a(rf_driver.pico)
 *fill*         0x000000000003c0ec       0x14 00
 .bss           0x000000000003c100       0x28 librumpdev_raidframe_pic.a(rf_nwayxor.pico)
 .bss           0x000000000003c128        0x0 librumpdev_raidframe_pic.a(rf_layout.pico)
 .bss           0x000000000003c128        0x0 librumpdev_raidframe_pic.a(rf_disks.pico)
 .bss           0x000000000003c128        0x0 librumpdev_raidframe_pic.a(rf_debugMem.pico)
 .bss           0x000000000003c128        0x0 librumpdev_raidframe_pic.a(rf_copyback.pico)
 .bss           0x000000000003c128        0x0 librumpdev_raidframe_pic.a(rf_callback.pico)
 .bss           0x000000000003c128        0x4 librumpdev_raidframe_pic.a(rf_acctrace.pico)
 .bss           0x000000000003c12c        0x0 librumpdev_raidframe_pic.a(rf_strutils.pico)
 .bss           0x000000000003c12c        0x0 librumpdev_raidframe_pic.a(rf_mcpair.pico)
 .bss           0x000000000003c12c        0x0 librumpdev_raidframe_pic.a(rf_decluster.pico)
 .bss           0x000000000003c12c        0x0 librumpdev_raidframe_pic.a(rf_dagutils.pico)
 .bss           0x000000000003c12c        0x0 librumpdev_raidframe_pic.a(rf_map.pico)
 .bss           0x000000000003c12c        0x0 librumpdev_raidframe_pic.a(rf_dagfuncs.pico)
 .bss           0x000000000003c12c        0x0 librumpdev_raidframe_pic.a(rf_reconmap.pico)
 .bss           0x000000000003c12c        0x0 librumpdev_raidframe_pic.a(rf_diskqueue.pico)
 .bss           0x000000000003c12c        0x0 librumpdev_raidframe_pic.a(rf_cvscan.pico)
 .bss           0x000000000003c12c       0x78 librumpdev_raidframe_pic.a(rf_options.pico)
                0x000000000003c12c                rumpns_rf_debugKernelAccess
                0x000000000003c130                rumpns_rf_verifyParityDebug
                0x000000000003c134                rumpns_rf_validateDAGDebug
                0x000000000003c138                rumpns_rf_suppressLocksAndLargeWrites
                0x000000000003c13c                rumpns_rf_stripeLockDebug
                0x000000000003c140                rumpns_rf_sstfDebug
                0x000000000003c144                rumpns_rf_shutdownDebug
                0x000000000003c148                rumpns_rf_showXorCallCounts
                0x000000000003c14c                rumpns_rf_scanDebug
                0x000000000003c150                rumpns_rf_reconbufferDebug
                0x000000000003c154                rumpns_rf_reconDebug
                0x000000000003c158                rumpns_rf_raidSectorOffset
                0x000000000003c15c                rumpns_rf_quiesceDebug
                0x000000000003c160                rumpns_rf_queueDebug
                0x000000000003c164                rumpns_rf_pssDebug
                0x000000000003c168                rumpns_rf_printStatesDebug
                0x000000000003c16c                rumpns_rf_printDAGsDebug
                0x000000000003c170                rumpns_rf_prReconSched
                0x000000000003c174                rumpns_rf_memDebugAddress
                0x000000000003c178                rumpns_rf_memDebug
                0x000000000003c17c                rumpns_rf_mapDebug
                0x000000000003c180                rumpns_rf_keepAccTotals
                0x000000000003c184                rumpns_rf_floatingRbufDebug
                0x000000000003c188                rumpns_rf_fifoDebug
                0x000000000003c18c                rumpns_rf_engineDebug
                0x000000000003c190                rumpns_rf_diskDebug
                0x000000000003c194                rumpns_rf_degDagDebug
                0x000000000003c198                rumpns_rf_dagDebug
                0x000000000003c19c                rumpns_rf_cscanDebug
                0x000000000003c1a0                rumpns_rf_accessDebug
 .bss           0x000000000003c1a4        0x0 librumpdev_raidframe_pic.a(rf_fifo.pico)
 .bss           0x000000000003c1a4        0x0 librumpdev_raidframe_pic.a(rf_alloclist.pico)
 .bss           0x000000000003c1a4        0x0 librumpdev_raidframe_pic.a(rf_shutdown.pico)
 .bss           0x000000000003c1a4        0x0 /usr/local/genode-gcc/bin/../lib/gcc/x86_64-elf/4.7.4/32/crtend.o
 *(COMMON)
 *fill*         0x000000000003c1a4       0x1c 00
 COMMON         0x000000000003c1c0     0x1290 librumpdev_raidframe_pic.a(rf_netbsdkintf.pico)
                0x000000000003c1c0                rumpns_rf_pools
 *fill*         0x000000000003d450       0x10 00
 COMMON         0x000000000003d460      0x804 librumpdev_raidframe_pic.a(rf_driver.pico)
                0x000000000003d460                rumpns_rf_panicbuf
                0x000000000003dc60                rumpns_rf_printf_mutex
 COMMON         0x000000000003dc64        0x4 librumpdev_raidframe_pic.a(rf_copyback.pico)
                0x000000000003dc64                rumpns_rf_copyback_in_progress
 COMMON         0x000000000003dc68        0x4 librumpdev_raidframe_pic.a(rf_acctrace.pico)
                0x000000000003dc68                rumpns_rf_tracing_mutex
 COMMON         0x000000000003dc6c       0x1c librumpdev_raidframe_pic.a(rf_dagfuncs.pico)
                0x000000000003dc6c                rumpns_rf_DiskReadFunc
                0x000000000003dc70                rumpns_rf_DiskReadUndoFunc
                0x000000000003dc74                rumpns_rf_RegularXorUndoFunc
                0x000000000003dc78                rumpns_rf_DiskWriteFunc
                0x000000000003dc7c                rumpns_rf_SimpleXorUndoFunc
                0x000000000003dc80                rumpns_rf_DiskWriteUndoFunc
                0x000000000003dc84                rumpns_rf_RecoveryXorUndoFunc
                0x000000000003dc88                . = ALIGN ((. != 0x0)?0x4:0x1)
                0x000000000003dc88                . = ALIGN (0x4)
                0x000000000003dc88                . = ALIGN (0x4)
                0x000000000003dc88                _end = .
                0x000000000003dc88                PROVIDE (end, .)
                0x000000000003dc88                . = DATA_SEGMENT_END (.)

.stab
 *(.stab)

.stabstr
 *(.stabstr)

.stab.excl
 *(.stab.excl)

.stab.exclstr
 *(.stab.exclstr)

.stab.index
 *(.stab.index)

.stab.indexstr
 *(.stab.indexstr)

.comment        0x0000000000000000       0x11
 *(.comment)
 .comment       0x0000000000000000       0x11 /usr/local/genode-gcc/bin/../lib/gcc/x86_64-elf/4.7.4/32/crtbegin.o
                                         0x12 (size before relaxing)
 .comment       0x0000000000000000       0x12 librumpdev_raidframe_pic.a(rf_raid5_rotatedspare.pico)
 .comment       0x0000000000000000       0x12 librumpdev_raidframe_pic.a(rf_pqdegdags.pico)
 .comment       0x0000000000000000       0x12 librumpdev_raidframe_pic.a(rf_pqdeg.pico)
 .comment       0x0000000000000000       0x12 librumpdev_raidframe_pic.a(rf_pq.pico)
 .comment       0x0000000000000000       0x12 librumpdev_raidframe_pic.a(rf_parityloggingdags.pico)
 .comment       0x0000000000000000       0x12 librumpdev_raidframe_pic.a(rf_paritylogging.pico)
 .comment       0x0000000000000000       0x12 librumpdev_raidframe_pic.a(rf_paritylogDiskMgr.pico)
 .comment       0x0000000000000000       0x12 librumpdev_raidframe_pic.a(rf_paritylog.pico)
 .comment       0x0000000000000000       0x12 librumpdev_raidframe_pic.a(rf_invertq.pico)
 .comment       0x0000000000000000       0x12 librumpdev_raidframe_pic.a(rf_interdecluster.pico)
 .comment       0x0000000000000000       0x12 librumpdev_raidframe_pic.a(rf_evenodd_dags.pico)
 .comment       0x0000000000000000       0x12 librumpdev_raidframe_pic.a(rf_evenodd_dagfuncs.pico)
 .comment       0x0000000000000000       0x12 librumpdev_raidframe_pic.a(rf_evenodd.pico)
 .comment       0x0000000000000000       0x12 librumpdev_raidframe_pic.a(rf_declusterPQ.pico)
 .comment       0x0000000000000000       0x12 librumpdev_raidframe_pic.a(rf_debugprint.pico)
 .comment       0x0000000000000000       0x12 librumpdev_raidframe_pic.a(rf_chaindecluster.pico)
 .comment       0x0000000000000000       0x12 librumpdev_raidframe_pic.a(raidframe_component.pico)
 .comment       0x0000000000000000       0x12 librumpdev_raidframe_pic.a(rf_paritymap.pico)
 .comment       0x0000000000000000       0x12 librumpdev_raidframe_pic.a(rf_utils.pico)
 .comment       0x0000000000000000       0x12 librumpdev_raidframe_pic.a(rf_stripelocks.pico)
 .comment       0x0000000000000000       0x12 librumpdev_raidframe_pic.a(rf_states.pico)
 .comment       0x0000000000000000       0x12 librumpdev_raidframe_pic.a(rf_aselect.pico)
 .comment       0x0000000000000000       0x12 librumpdev_raidframe_pic.a(rf_sstf.pico)
 .comment       0x0000000000000000       0x12 librumpdev_raidframe_pic.a(rf_revent.pico)
 .comment       0x0000000000000000       0x12 librumpdev_raidframe_pic.a(rf_reconutil.pico)
 .comment       0x0000000000000000       0x12 librumpdev_raidframe_pic.a(rf_reconstruct.pico)
 .comment       0x0000000000000000       0x12 librumpdev_raidframe_pic.a(rf_reconbuffer.pico)
 .comment       0x0000000000000000       0x12 librumpdev_raidframe_pic.a(rf_raid5.pico)
 .comment       0x0000000000000000       0x12 librumpdev_raidframe_pic.a(rf_dagdegwr.pico)
 .comment       0x0000000000000000       0x12 librumpdev_raidframe_pic.a(rf_raid4.pico)
 .comment       0x0000000000000000       0x12 librumpdev_raidframe_pic.a(rf_raid1.pico)
 .comment       0x0000000000000000       0x12 librumpdev_raidframe_pic.a(rf_dagdegrd.pico)
 .comment       0x0000000000000000       0x12 librumpdev_raidframe_pic.a(rf_raid0.pico)
 .comment       0x0000000000000000       0x12 librumpdev_raidframe_pic.a(rf_dagffwr.pico)
 .comment       0x0000000000000000       0x12 librumpdev_raidframe_pic.a(rf_dagffrd.pico)
 .comment       0x0000000000000000       0x12 librumpdev_raidframe_pic.a(rf_psstatus.pico)
 .comment       0x0000000000000000       0x12 librumpdev_raidframe_pic.a(rf_parityscan.pico)
 .comment       0x0000000000000000       0x12 librumpdev_raidframe_pic.a(rf_netbsdkintf.pico)
 .comment       0x0000000000000000       0x12 librumpdev_raidframe_pic.a(rf_compat50.pico)
 .comment       0x0000000000000000       0x12 librumpdev_raidframe_pic.a(rf_engine.pico)
 .comment       0x0000000000000000       0x12 librumpdev_raidframe_pic.a(rf_driver.pico)
 .comment       0x0000000000000000       0x12 librumpdev_raidframe_pic.a(rf_nwayxor.pico)
 .comment       0x0000000000000000       0x12 librumpdev_raidframe_pic.a(rf_layout.pico)
 .comment       0x0000000000000000       0x12 librumpdev_raidframe_pic.a(rf_disks.pico)
 .comment       0x0000000000000000       0x12 librumpdev_raidframe_pic.a(rf_debugMem.pico)
 .comment       0x0000000000000000       0x12 librumpdev_raidframe_pic.a(rf_copyback.pico)
 .comment       0x0000000000000000       0x12 librumpdev_raidframe_pic.a(rf_callback.pico)
 .comment       0x0000000000000000       0x12 librumpdev_raidframe_pic.a(rf_acctrace.pico)
 .comment       0x0000000000000000       0x12 librumpdev_raidframe_pic.a(rf_strutils.pico)
 .comment       0x0000000000000000       0x12 librumpdev_raidframe_pic.a(rf_mcpair.pico)
 .comment       0x0000000000000000       0x12 librumpdev_raidframe_pic.a(rf_decluster.pico)
 .comment       0x0000000000000000       0x12 librumpdev_raidframe_pic.a(rf_dagutils.pico)
 .comment       0x0000000000000000       0x12 librumpdev_raidframe_pic.a(rf_map.pico)
 .comment       0x0000000000000000       0x12 librumpdev_raidframe_pic.a(rf_dagfuncs.pico)
 .comment       0x0000000000000000       0x12 librumpdev_raidframe_pic.a(rf_reconmap.pico)
 .comment       0x0000000000000000       0x12 librumpdev_raidframe_pic.a(rf_diskqueue.pico)
 .comment       0x0000000000000000       0x12 librumpdev_raidframe_pic.a(rf_cvscan.pico)
 .comment       0x0000000000000000       0x12 librumpdev_raidframe_pic.a(rf_options.pico)
 .comment       0x0000000000000000       0x12 librumpdev_raidframe_pic.a(rf_fifo.pico)
 .comment       0x0000000000000000       0x12 librumpdev_raidframe_pic.a(rf_alloclist.pico)
 .comment       0x0000000000000000       0x12 librumpdev_raidframe_pic.a(rf_shutdown.pico)
 .comment       0x0000000000000000       0x12 /usr/local/genode-gcc/bin/../lib/gcc/x86_64-elf/4.7.4/32/crtend.o

.ident          0x0000000000000000      0xeba
 .ident         0x0000000000000000       0x46 librumpdev_raidframe_pic.a(rf_raid5_rotatedspare.pico)
 .ident         0x0000000000000046       0x41 librumpdev_raidframe_pic.a(rf_pqdegdags.pico)
 .ident         0x0000000000000087       0x3d librumpdev_raidframe_pic.a(rf_pqdeg.pico)
 .ident         0x00000000000000c4       0x36 librumpdev_raidframe_pic.a(rf_pq.pico)
 .ident         0x00000000000000fa       0x4a librumpdev_raidframe_pic.a(rf_parityloggingdags.pico)
 .ident         0x0000000000000144       0x41 librumpdev_raidframe_pic.a(rf_paritylogging.pico)
 .ident         0x0000000000000185       0x44 librumpdev_raidframe_pic.a(rf_paritylogDiskMgr.pico)
 .ident         0x00000000000001c9       0x3d librumpdev_raidframe_pic.a(rf_paritylog.pico)
 .ident         0x0000000000000206       0x3c librumpdev_raidframe_pic.a(rf_invertq.pico)
 .ident         0x0000000000000242       0x47 librumpdev_raidframe_pic.a(rf_interdecluster.pico)
 .ident         0x0000000000000289       0x41 librumpdev_raidframe_pic.a(rf_evenodd_dags.pico)
 .ident         0x00000000000002ca       0x49 librumpdev_raidframe_pic.a(rf_evenodd_dagfuncs.pico)
 .ident         0x0000000000000313       0x40 librumpdev_raidframe_pic.a(rf_evenodd.pico)
 .ident         0x0000000000000353       0x44 librumpdev_raidframe_pic.a(rf_declusterPQ.pico)
 .ident         0x0000000000000397       0x43 librumpdev_raidframe_pic.a(rf_debugprint.pico)
 .ident         0x00000000000003da       0x47 librumpdev_raidframe_pic.a(rf_chaindecluster.pico)
 .ident         0x0000000000000421       0x45 librumpdev_raidframe_pic.a(raidframe_component.pico)
 .ident         0x0000000000000466       0x3c librumpdev_raidframe_pic.a(rf_paritymap.pico)
 .ident         0x00000000000004a2       0x3e librumpdev_raidframe_pic.a(rf_utils.pico)
 .ident         0x00000000000004e0       0x3f librumpdev_raidframe_pic.a(rf_stripelocks.pico)
 .ident         0x000000000000051f       0x3a librumpdev_raidframe_pic.a(rf_states.pico)
 .ident         0x0000000000000559       0x3e librumpdev_raidframe_pic.a(rf_aselect.pico)
 .ident         0x0000000000000597       0x38 librumpdev_raidframe_pic.a(rf_sstf.pico)
 .ident         0x00000000000005cf       0x3a librumpdev_raidframe_pic.a(rf_revent.pico)
 .ident         0x0000000000000609       0x40 librumpdev_raidframe_pic.a(rf_reconutil.pico)
 .ident         0x0000000000000649       0x42 librumpdev_raidframe_pic.a(rf_reconstruct.pico)
 .ident         0x000000000000068b       0x3f librumpdev_raidframe_pic.a(rf_reconbuffer.pico)
 .ident         0x00000000000006ca       0x3e librumpdev_raidframe_pic.a(rf_raid5.pico)
 .ident         0x0000000000000708       0x41 librumpdev_raidframe_pic.a(rf_dagdegwr.pico)
 .ident         0x0000000000000749       0x3e librumpdev_raidframe_pic.a(rf_raid4.pico)
 .ident         0x0000000000000787       0x3c librumpdev_raidframe_pic.a(rf_raid1.pico)
 .ident         0x00000000000007c3       0x3f librumpdev_raidframe_pic.a(rf_dagdegrd.pico)
 .ident         0x0000000000000802       0x3e librumpdev_raidframe_pic.a(rf_raid0.pico)
 .ident         0x0000000000000840       0x3e librumpdev_raidframe_pic.a(rf_dagffwr.pico)
 .ident         0x000000000000087e       0x3e librumpdev_raidframe_pic.a(rf_dagffrd.pico)
 .ident         0x00000000000008bc       0x3c librumpdev_raidframe_pic.a(rf_psstatus.pico)
 .ident         0x00000000000008f8       0x3e librumpdev_raidframe_pic.a(rf_parityscan.pico)
 .ident         0x0000000000000936       0x42 librumpdev_raidframe_pic.a(rf_netbsdkintf.pico)
 .ident         0x0000000000000978       0x3a librumpdev_raidframe_pic.a(rf_engine.pico)
 .ident         0x00000000000009b2       0x3f librumpdev_raidframe_pic.a(rf_driver.pico)
 .ident         0x00000000000009f1       0x40 librumpdev_raidframe_pic.a(rf_nwayxor.pico)
 .ident         0x0000000000000a31       0x3c librumpdev_raidframe_pic.a(rf_layout.pico)
 .ident         0x0000000000000a6d       0x39 librumpdev_raidframe_pic.a(rf_disks.pico)
 .ident         0x0000000000000aa6       0x3c librumpdev_raidframe_pic.a(rf_debugMem.pico)
 .ident         0x0000000000000ae2       0x40 librumpdev_raidframe_pic.a(rf_copyback.pico)
 .ident         0x0000000000000b22       0x3f librumpdev_raidframe_pic.a(rf_callback.pico)
 .ident         0x0000000000000b61       0x3c librumpdev_raidframe_pic.a(rf_acctrace.pico)
 .ident         0x0000000000000b9d       0x3d librumpdev_raidframe_pic.a(rf_strutils.pico)
 .ident         0x0000000000000bda       0x3a librumpdev_raidframe_pic.a(rf_mcpair.pico)
 .ident         0x0000000000000c14       0x42 librumpdev_raidframe_pic.a(rf_decluster.pico)
 .ident         0x0000000000000c56       0x3c librumpdev_raidframe_pic.a(rf_dagutils.pico)
 .ident         0x0000000000000c92       0x39 librumpdev_raidframe_pic.a(rf_map.pico)
 .ident         0x0000000000000ccb       0x3e librumpdev_raidframe_pic.a(rf_dagfuncs.pico)
 .ident         0x0000000000000d09       0x3e librumpdev_raidframe_pic.a(rf_reconmap.pico)
 .ident         0x0000000000000d47       0x3d librumpdev_raidframe_pic.a(rf_diskqueue.pico)
 .ident         0x0000000000000d84       0x3d librumpdev_raidframe_pic.a(rf_cvscan.pico)
 .ident         0x0000000000000dc1       0x3d librumpdev_raidframe_pic.a(rf_options.pico)
 .ident         0x0000000000000dfe       0x3d librumpdev_raidframe_pic.a(rf_fifo.pico)
 .ident         0x0000000000000e3b       0x40 librumpdev_raidframe_pic.a(rf_alloclist.pico)
 .ident         0x0000000000000e7b       0x3f librumpdev_raidframe_pic.a(rf_shutdown.pico)

.debug
 *(.debug)

.line
 *(.line)

.debug_srcinfo
 *(.debug_srcinfo)

.debug_sfnames
 *(.debug_sfnames)

.debug_aranges  0x0000000000000000      0x738
 *(.debug_aranges)
 .debug_aranges
                0x0000000000000000       0x18 librumpdev_raidframe_pic.a(rf_raid5_rotatedspare.pico)
 .debug_aranges
                0x0000000000000018       0x18 librumpdev_raidframe_pic.a(rf_pqdegdags.pico)
 .debug_aranges
                0x0000000000000030       0x18 librumpdev_raidframe_pic.a(rf_pqdeg.pico)
 .debug_aranges
                0x0000000000000048       0x18 librumpdev_raidframe_pic.a(rf_pq.pico)
 .debug_aranges
                0x0000000000000060       0x18 librumpdev_raidframe_pic.a(rf_parityloggingdags.pico)
 .debug_aranges
                0x0000000000000078       0x18 librumpdev_raidframe_pic.a(rf_paritylogging.pico)
 .debug_aranges
                0x0000000000000090       0x18 librumpdev_raidframe_pic.a(rf_paritylogDiskMgr.pico)
 .debug_aranges
                0x00000000000000a8       0x18 librumpdev_raidframe_pic.a(rf_paritylog.pico)
 .debug_aranges
                0x00000000000000c0       0x18 librumpdev_raidframe_pic.a(rf_invertq.pico)
 .debug_aranges
                0x00000000000000d8       0x18 librumpdev_raidframe_pic.a(rf_interdecluster.pico)
 .debug_aranges
                0x00000000000000f0       0x18 librumpdev_raidframe_pic.a(rf_evenodd_dags.pico)
 .debug_aranges
                0x0000000000000108       0x18 librumpdev_raidframe_pic.a(rf_evenodd_dagfuncs.pico)
 .debug_aranges
                0x0000000000000120       0x18 librumpdev_raidframe_pic.a(rf_evenodd.pico)
 .debug_aranges
                0x0000000000000138       0x18 librumpdev_raidframe_pic.a(rf_declusterPQ.pico)
 .debug_aranges
                0x0000000000000150       0x20 librumpdev_raidframe_pic.a(rf_debugprint.pico)
 .debug_aranges
                0x0000000000000170       0x18 librumpdev_raidframe_pic.a(rf_chaindecluster.pico)
 .debug_aranges
                0x0000000000000188       0x20 librumpdev_raidframe_pic.a(raidframe_component.pico)
 .debug_aranges
                0x00000000000001a8       0x20 librumpdev_raidframe_pic.a(rf_paritymap.pico)
 .debug_aranges
                0x00000000000001c8       0x20 librumpdev_raidframe_pic.a(rf_utils.pico)
 .debug_aranges
                0x00000000000001e8       0x20 librumpdev_raidframe_pic.a(rf_stripelocks.pico)
 .debug_aranges
                0x0000000000000208       0x20 librumpdev_raidframe_pic.a(rf_states.pico)
 .debug_aranges
                0x0000000000000228       0x20 librumpdev_raidframe_pic.a(rf_aselect.pico)
 .debug_aranges
                0x0000000000000248       0x20 librumpdev_raidframe_pic.a(rf_sstf.pico)
 .debug_aranges
                0x0000000000000268       0x20 librumpdev_raidframe_pic.a(rf_revent.pico)
 .debug_aranges
                0x0000000000000288       0x20 librumpdev_raidframe_pic.a(rf_reconutil.pico)
 .debug_aranges
                0x00000000000002a8       0x20 librumpdev_raidframe_pic.a(rf_reconstruct.pico)
 .debug_aranges
                0x00000000000002c8       0x20 librumpdev_raidframe_pic.a(rf_reconbuffer.pico)
 .debug_aranges
                0x00000000000002e8       0x20 librumpdev_raidframe_pic.a(rf_raid5.pico)
 .debug_aranges
                0x0000000000000308       0x20 librumpdev_raidframe_pic.a(rf_dagdegwr.pico)
 .debug_aranges
                0x0000000000000328       0x20 librumpdev_raidframe_pic.a(rf_raid4.pico)
 .debug_aranges
                0x0000000000000348       0x20 librumpdev_raidframe_pic.a(rf_raid1.pico)
 .debug_aranges
                0x0000000000000368       0x20 librumpdev_raidframe_pic.a(rf_dagdegrd.pico)
 .debug_aranges
                0x0000000000000388       0x20 librumpdev_raidframe_pic.a(rf_raid0.pico)
 .debug_aranges
                0x00000000000003a8       0x20 librumpdev_raidframe_pic.a(rf_dagffwr.pico)
 .debug_aranges
                0x00000000000003c8       0x20 librumpdev_raidframe_pic.a(rf_dagffrd.pico)
 .debug_aranges
                0x00000000000003e8       0x20 librumpdev_raidframe_pic.a(rf_psstatus.pico)
 .debug_aranges
                0x0000000000000408       0x20 librumpdev_raidframe_pic.a(rf_parityscan.pico)
 .debug_aranges
                0x0000000000000428       0x30 librumpdev_raidframe_pic.a(rf_netbsdkintf.pico)
 .debug_aranges
                0x0000000000000458       0x20 librumpdev_raidframe_pic.a(rf_compat50.pico)
 .debug_aranges
                0x0000000000000478       0x20 librumpdev_raidframe_pic.a(rf_engine.pico)
 .debug_aranges
                0x0000000000000498       0x20 librumpdev_raidframe_pic.a(rf_driver.pico)
 .debug_aranges
                0x00000000000004b8       0x20 librumpdev_raidframe_pic.a(rf_nwayxor.pico)
 .debug_aranges
                0x00000000000004d8       0x20 librumpdev_raidframe_pic.a(rf_layout.pico)
 .debug_aranges
                0x00000000000004f8       0x20 librumpdev_raidframe_pic.a(rf_disks.pico)
 .debug_aranges
                0x0000000000000518       0x20 librumpdev_raidframe_pic.a(rf_debugMem.pico)
 .debug_aranges
                0x0000000000000538       0x20 librumpdev_raidframe_pic.a(rf_copyback.pico)
 .debug_aranges
                0x0000000000000558       0x20 librumpdev_raidframe_pic.a(rf_callback.pico)
 .debug_aranges
                0x0000000000000578       0x20 librumpdev_raidframe_pic.a(rf_acctrace.pico)
 .debug_aranges
                0x0000000000000598       0x20 librumpdev_raidframe_pic.a(rf_strutils.pico)
 .debug_aranges