Archive member included because of file (symbol)

librumpdev_bpf_pic.a(bpf_component.pico)
                              (--whole-archive)
librumpdev_bpf_pic.a(bpf.pico)
                              (--whole-archive)
librumpdev_bpf_pic.a(bpf_filter.pico)
                              (--whole-archive)

Allocating common symbols
Common symbol       size              file

rumpns_bpf_list     0x4               librumpdev_bpf_pic.a(bpf.pico)
rumpns_bpf_iflist   0x4               librumpdev_bpf_pic.a(bpf.pico)
rumpns_bpf_gstats   0x80              librumpdev_bpf_pic.a(bpf.pico)

Discarded input sections

 .group         0x0000000000000000        0x8 /usr/local/genode-gcc/bin/../lib/gcc/x86_64-elf/4.7.4/32/crtbegin.o
 .group         0x0000000000000000        0x8 librumpdev_bpf_pic.a(bpf_component.pico)
 .text.__x86.get_pc_thunk.bx
                0x0000000000000000        0x4 librumpdev_bpf_pic.a(bpf_component.pico)
 .group         0x0000000000000000        0x8 librumpdev_bpf_pic.a(bpf.pico)
 .text.__x86.get_pc_thunk.bx
                0x0000000000000000        0x4 librumpdev_bpf_pic.a(bpf.pico)
 .group         0x0000000000000000        0x8 librumpdev_bpf_pic.a(bpf_filter.pico)
 .text.__x86.get_pc_thunk.bx
                0x0000000000000000        0x4 librumpdev_bpf_pic.a(bpf_filter.pico)
 .group         0x0000000000000000        0x8 /usr/local/genode-gcc/bin/../lib/gcc/x86_64-elf/4.7.4/32/crtend.o
 .text.__x86.get_pc_thunk.bx
                0x0000000000000000        0x4 /usr/local/genode-gcc/bin/../lib/gcc/x86_64-elf/4.7.4/32/crtend.o

Memory Configuration

Name             Origin             Length             Attributes
*default*        0x0000000000000000 0xffffffffffffffff

Linker script and memory map

LOAD /usr/local/genode-gcc/bin/../lib/gcc/x86_64-elf/4.7.4/32/crtbegin.o
LOAD librumpdev_bpf_pic.a
LOAD /usr/local/genode-gcc/bin/../lib/gcc/x86_64-elf/4.7.4/../../../../x86_64-elf/lib/32/libgcc_s.so
LOAD /usr/local/genode-gcc/bin/../lib/gcc/x86_64-elf/4.7.4/../../../../x86_64-elf/lib/32/libgcc_s.so
LOAD /usr/local/genode-gcc/bin/../lib/gcc/x86_64-elf/4.7.4/32/crtend.o
                0x00000000000000b4                . = (0x0 + SIZEOF_HEADERS)

.note.gnu.build-id
 *(.note.gnu.build-id)

.hash           0x00000000000000b4      0x328
 *(.hash)
 .hash          0x00000000000000b4      0x328 /usr/local/genode-gcc/bin/../lib/gcc/x86_64-elf/4.7.4/32/crtbegin.o

.gnu.hash
 *(.gnu.hash)

.dynsym         0x00000000000003dc      0x670
 *(.dynsym)
 .dynsym        0x00000000000003dc      0x670 /usr/local/genode-gcc/bin/../lib/gcc/x86_64-elf/4.7.4/32/crtbegin.o

.dynstr         0x0000000000000a4c      0x793
 *(.dynstr)
 .dynstr        0x0000000000000a4c      0x793 /usr/local/genode-gcc/bin/../lib/gcc/x86_64-elf/4.7.4/32/crtbegin.o

.gnu.version    0x00000000000011e0        0x0
 *(.gnu.version)
 .gnu.version   0x0000000000000000        0x0 /usr/local/genode-gcc/bin/../lib/gcc/x86_64-elf/4.7.4/32/crtbegin.o

.gnu.version_d  0x00000000000011e0        0x0
 *(.gnu.version_d)
 .gnu.version_d
                0x0000000000000000        0x0 /usr/local/genode-gcc/bin/../lib/gcc/x86_64-elf/4.7.4/32/crtbegin.o

.gnu.version_r  0x00000000000011e0        0x0
 *(.gnu.version_r)
 .gnu.version_r
                0x0000000000000000        0x0 /usr/local/genode-gcc/bin/../lib/gcc/x86_64-elf/4.7.4/32/crtbegin.o

.rel.dyn        0x00000000000011e0      0x1a0
 *(.rel.init)
 *(.rel.text .rel.text.* .rel.gnu.linkonce.t.*)
 .rel.text      0x0000000000000000        0x0 /usr/local/genode-gcc/bin/../lib/gcc/x86_64-elf/4.7.4/32/crtbegin.o
 *(.rel.fini)
 *(.rel.rodata .rel.rodata.* .rel.gnu.linkonce.r.*)
 *(.rel.data.rel.ro* .rel.gnu.linkonce.d.rel.ro.*)
 .rel.data.rel.ro
                0x00000000000011e0       0x98 /usr/local/genode-gcc/bin/../lib/gcc/x86_64-elf/4.7.4/32/crtbegin.o
 .rel.data.rel.ro.local
                0x0000000000001278       0x20 /usr/local/genode-gcc/bin/../lib/gcc/x86_64-elf/4.7.4/32/crtbegin.o
 *(.rel.data .rel.data.* .rel.gnu.linkonce.d.*)
 .rel.data.rel.local
                0x0000000000001298       0x50 /usr/local/genode-gcc/bin/../lib/gcc/x86_64-elf/4.7.4/32/crtbegin.o
 *(.rel.tdata .rel.tdata.* .rel.gnu.linkonce.td.*)
 *(.rel.tbss .rel.tbss.* .rel.gnu.linkonce.tb.*)
 *(.rel.ctors)
 *(.rel.dtors)
 *(.rel.got)
 .rel.got       0x00000000000012e8       0x88 /usr/local/genode-gcc/bin/../lib/gcc/x86_64-elf/4.7.4/32/crtbegin.o
 *(.rel.bss .rel.bss.* .rel.gnu.linkonce.b.*)
 *(.rel.ifunc)
 .rel.ifunc     0x0000000000000000        0x0 /usr/local/genode-gcc/bin/../lib/gcc/x86_64-elf/4.7.4/32/crtbegin.o
 .rellink_set_rump_components
                0x0000000000001370        0x8 /usr/local/genode-gcc/bin/../lib/gcc/x86_64-elf/4.7.4/32/crtbegin.o
 .rellink_set_modules
                0x0000000000001378        0x8 /usr/local/genode-gcc/bin/../lib/gcc/x86_64-elf/4.7.4/32/crtbegin.o

.rel.plt        0x0000000000001380      0x240
 *(.rel.plt)
 .rel.plt       0x0000000000001380      0x240 /usr/local/genode-gcc/bin/../lib/gcc/x86_64-elf/4.7.4/32/crtbegin.o
 *(.rel.iplt)

.init           0x00000000000015c0        0xa
 *(.init)
 .init          0x00000000000015c0        0x5 /usr/local/genode-gcc/bin/../lib/gcc/x86_64-elf/4.7.4/32/crtbegin.o
 .init          0x00000000000015c5        0x5 /usr/local/genode-gcc/bin/../lib/gcc/x86_64-elf/4.7.4/32/crtend.o

.plt            0x00000000000015d0      0x490
 *(.plt)
 .plt           0x00000000000015d0      0x490 /usr/local/genode-gcc/bin/../lib/gcc/x86_64-elf/4.7.4/32/crtbegin.o
 *(.iplt)

.text           0x0000000000001a60     0x4018
 *(.text.unlikely .text.*_unlikely)
 *(.text.exit .text.exit.*)
 *(.text.startup .text.startup.*)
 *(.text.hot .text.hot.*)
 *(.text .stub .text.* .gnu.linkonce.t.*)
 .text          0x0000000000001a60      0x13b /usr/local/genode-gcc/bin/../lib/gcc/x86_64-elf/4.7.4/32/crtbegin.o
 .text.__x86.get_pc_thunk.bx
                0x0000000000001b9b        0x4 /usr/local/genode-gcc/bin/../lib/gcc/x86_64-elf/4.7.4/32/crtbegin.o
                0x0000000000001b9b                __x86.get_pc_thunk.bx
 *fill*         0x0000000000001b9f        0x1 90909090
 .text          0x0000000000001ba0       0xb1 librumpdev_bpf_pic.a(bpf_component.pico)
 *fill*         0x0000000000001c51        0xf 90909090
 .text          0x0000000000001c60     0x32b1 librumpdev_bpf_pic.a(bpf.pico)
                0x0000000000001ed0                rumpns_bpfopen
                0x0000000000003da0                rumpns_bpf_jit_generate
                0x0000000000003df0                rumpns_bpf_jit_freecode
                0x0000000000003fe0                rumpns_bpfilterattach
                0x00000000000043c0                rumpns_bpf_setf
 *fill*         0x0000000000004f11        0xf 90909090
 .text          0x0000000000004f20      0xb20 librumpdev_bpf_pic.a(bpf_filter.pico)
                0x0000000000004f20                rumpns_bpf_create
                0x0000000000004f50                rumpns_bpf_destroy
                0x0000000000004f80                rumpns_bpf_set_cop
                0x0000000000004fa0                rumpns_bpf_set_extmem
                0x0000000000004fd0                rumpns_m_xword
                0x00000000000050b0                rumpns_m_xhalf
                0x0000000000005130                rumpns_m_xbyte
                0x0000000000005180                rumpns_bpf_filter_ext
                0x0000000000005640                rumpns_bpf_filter
                0x00000000000056b0                rumpns_bpf_validate_ext
                0x0000000000005a10                rumpns_bpf_validate
 .text          0x0000000000005a40       0x38 /usr/local/genode-gcc/bin/../lib/gcc/x86_64-elf/4.7.4/32/crtend.o
 *(.gnu.warning)

.fini           0x0000000000005a78        0x5
 *(.fini)
 .fini          0x0000000000005a78        0x5 /usr/local/genode-gcc/bin/../lib/gcc/x86_64-elf/4.7.4/32/crtbegin.o
                0x0000000000005a7d                PROVIDE (__etext, .)
                0x0000000000005a7d                PROVIDE (_etext, .)
                0x0000000000005a7d                PROVIDE (etext, .)

.rodata         0x0000000000005a80      0x514
 *(.rodata .rodata.* .gnu.linkonce.r.*)
 .rodata.str1.1
                0x0000000000005a80       0x25 librumpdev_bpf_pic.a(bpf_component.pico)
                                         0x29 (size before relaxing)
 *fill*         0x0000000000005aa5        0x3 00
 .rodata.str1.4
                0x0000000000005aa8       0x23 librumpdev_bpf_pic.a(bpf_component.pico)
 .rodata.str1.1
                0x0000000000005acb       0x7e librumpdev_bpf_pic.a(bpf.pico)
                                         0x82 (size before relaxing)
 *fill*         0x0000000000005b49        0x3 00
 .rodata.str1.4
                0x0000000000005b4c      0x154 librumpdev_bpf_pic.a(bpf.pico)
                                        0x153 (size before relaxing)
 .rodata        0x0000000000005ca0        0xc librumpdev_bpf_pic.a(bpf.pico)
 .rodata        0x0000000000005cac      0x2e8 librumpdev_bpf_pic.a(bpf_filter.pico)

.rodata1
 *(.rodata1)

.eh_frame_hdr   0x0000000000005f94      0x174
 *(.eh_frame_hdr)
 .eh_frame_hdr  0x0000000000005f94      0x174 /usr/local/genode-gcc/bin/../lib/gcc/x86_64-elf/4.7.4/32/crtbegin.o

.eh_frame       0x0000000000006108      0x82c
 *(.eh_frame)
 .eh_frame      0x0000000000006108       0x3c /usr/local/genode-gcc/bin/../lib/gcc/x86_64-elf/4.7.4/32/crtbegin.o
                                         0x40 (size before relaxing)
 .eh_frame      0x0000000000006144       0x24 librumpdev_bpf_pic.a(bpf_component.pico)
                                         0x50 (size before relaxing)
 .eh_frame      0x0000000000006168      0x5f8 librumpdev_bpf_pic.a(bpf.pico)
                                        0x624 (size before relaxing)
 .eh_frame      0x0000000000006760      0x1d0 librumpdev_bpf_pic.a(bpf_filter.pico)
                                        0x1fc (size before relaxing)
 .eh_frame      0x0000000000006930        0x4 /usr/local/genode-gcc/bin/../lib/gcc/x86_64-elf/4.7.4/32/crtend.o

.gcc_except_table
 *(.gcc_except_table .gcc_except_table.*)

.exception_ranges
 *(.exception_ranges .exception_ranges*)
                0x0000000000006934                . = (ALIGN (0x1000) - ((0x1000 - .) & 0xfff))
                0x0000000000007934                . = DATA_SEGMENT_ALIGN (0x1000, 0x1000)

.eh_frame
 *(.eh_frame)

.gcc_except_table
 *(.gcc_except_table .gcc_except_table.*)

.exception_ranges
 *(.exception_ranges .exception_ranges*)

.tdata
 *(.tdata .tdata.* .gnu.linkonce.td.*)

.tbss
 *(.tbss .tbss.* .gnu.linkonce.tb.*)
 *(.tcommon)

.preinit_array
 *(.preinit_array)

.init_array
 *(SORT(.init_array.*))
 *(.init_array)

.fini_array
 *(SORT(.fini_array.*))
 *(.fini_array)

.ctors          0x0000000000007934        0x8
 *crtbegin.o(.ctors)
 .ctors         0x0000000000007934        0x4 /usr/local/genode-gcc/bin/../lib/gcc/x86_64-elf/4.7.4/32/crtbegin.o
 *crtbegin?.o(.ctors)
 *(EXCLUDE_FILE(*crtend?.o *crtend.o) .ctors)
 *(SORT(.ctors.*))
 *(.ctors)
 .ctors         0x0000000000007938        0x4 /usr/local/genode-gcc/bin/../lib/gcc/x86_64-elf/4.7.4/32/crtend.o

.dtors          0x000000000000793c        0x8
 *crtbegin.o(.dtors)
 .dtors         0x000000000000793c        0x4 /usr/local/genode-gcc/bin/../lib/gcc/x86_64-elf/4.7.4/32/crtbegin.o
 *crtbegin?.o(.dtors)
 *(EXCLUDE_FILE(*crtend?.o *crtend.o) .dtors)
 *(SORT(.dtors.*))
 *(.dtors)
 .dtors         0x0000000000007940        0x4 /usr/local/genode-gcc/bin/../lib/gcc/x86_64-elf/4.7.4/32/crtend.o
                0x0000000000007940                __DTOR_END__

.jcr            0x0000000000007944        0x4
 *(.jcr)
 .jcr           0x0000000000007944        0x0 /usr/local/genode-gcc/bin/../lib/gcc/x86_64-elf/4.7.4/32/crtbegin.o
 .jcr           0x0000000000007944        0x4 /usr/local/genode-gcc/bin/../lib/gcc/x86_64-elf/4.7.4/32/crtend.o

.data.rel.ro    0x0000000000007960       0xac
 *(.data.rel.ro.local* .gnu.linkonce.d.rel.ro.local.*)
 .data.rel.ro.local
                0x0000000000007960       0x24 librumpdev_bpf_pic.a(bpf.pico)
 *(.data.rel.ro* .gnu.linkonce.d.rel.ro.*)
 *fill*         0x0000000000007984       0x1c 00
 .data.rel.ro   0x00000000000079a0       0x6c librumpdev_bpf_pic.a(bpf.pico)
                0x00000000000079a0                rumpns_bpf_cdevsw

.dynamic        0x0000000000007a0c       0xa0
 *(.dynamic)
 .dynamic       0x0000000000007a0c       0xa0 /usr/local/genode-gcc/bin/../lib/gcc/x86_64-elf/4.7.4/32/crtbegin.o
                0x0000000000007a0c                _DYNAMIC

.got            0x0000000000007aac       0x44
 *(.got)
 .got           0x0000000000007aac       0x44 /usr/local/genode-gcc/bin/../lib/gcc/x86_64-elf/4.7.4/32/crtbegin.o
 *(.igot)
                0x0000000000007af0                . = DATA_SEGMENT_RELRO_END (., 0xc)

.got.plt        0x0000000000007af0      0x12c
 *(.got.plt)
 .got.plt       0x0000000000007af0      0x12c /usr/local/genode-gcc/bin/../lib/gcc/x86_64-elf/4.7.4/32/crtbegin.o
                0x0000000000007af0                _GLOBAL_OFFSET_TABLE_
 *(.igot.plt)

.data           0x0000000000007c20       0x44
 *(.data .data.* .gnu.linkonce.d.*)
 .data          0x0000000000007c20        0x4 /usr/local/genode-gcc/bin/../lib/gcc/x86_64-elf/4.7.4/32/crtbegin.o
                0x0000000000007c20                __dso_handle
 .data          0x0000000000007c24        0x0 librumpdev_bpf_pic.a(bpf_component.pico)
 .data.rel.local
                0x0000000000007c24       0x10 librumpdev_bpf_pic.a(bpf_component.pico)
 .data          0x0000000000007c34        0x8 librumpdev_bpf_pic.a(bpf.pico)
                0x0000000000007c34                rumpns_bpf_maxbufsize
                0x0000000000007c38                rumpns_bpf_bufsize
 *fill*         0x0000000000007c3c        0x4 00
 .data.rel.local
                0x0000000000007c40       0x24 librumpdev_bpf_pic.a(bpf.pico)
                0x0000000000007c40                rumpns_bpf_ops_kernel
 .data          0x0000000000007c64        0x0 librumpdev_bpf_pic.a(bpf_filter.pico)
 .data          0x0000000000007c64        0x0 /usr/local/genode-gcc/bin/../lib/gcc/x86_64-elf/4.7.4/32/crtend.o

.tm_clone_table
                0x0000000000007c64        0x0
 .tm_clone_table
                0x0000000000007c64        0x0 /usr/local/genode-gcc/bin/../lib/gcc/x86_64-elf/4.7.4/32/crtbegin.o
 .tm_clone_table
                0x0000000000007c64        0x0 /usr/local/genode-gcc/bin/../lib/gcc/x86_64-elf/4.7.4/32/crtend.o

link_set_rump_components
                0x0000000000007c64        0x4
                0x0000000000007c64                . = ALIGN (0x4)
                0x0000000000007c64                PROVIDE (__start_link_set_rump_components, ABSOLUTE (.))
 link_set_rump_components
                0x0000000000007c64        0x4 librumpdev_bpf_pic.a(bpf_component.pico)
                0x0000000000007c68                PROVIDE (__stop_link_set_rump_components, .)

link_set_modules
                0x0000000000007c68        0x4
                0x0000000000007c68                . = ALIGN (0x4)
                0x0000000000007c68                PROVIDE (__start_link_set_modules, ABSOLUTE (.))
 link_set_modules
                0x0000000000007c68        0x4 librumpdev_bpf_pic.a(bpf.pico)
                0x0000000000007c6c                PROVIDE (__stop_link_set_modules, .)

.data1
 *(.data1)
                0x0000000000007c6c                _edata = .
                0x0000000000007c6c                PROVIDE (edata, .)
                0x0000000000007c6c                __bss_start = .

.bss            0x0000000000007c80      0x160
 *(.dynbss)
 .dynbss        0x0000000000000000        0x0 /usr/local/genode-gcc/bin/../lib/gcc/x86_64-elf/4.7.4/32/crtbegin.o
 *(.bss .bss.* .gnu.linkonce.b.*)
 .bss           0x0000000000007c80        0x8 /usr/local/genode-gcc/bin/../lib/gcc/x86_64-elf/4.7.4/32/crtbegin.o
 .bss           0x0000000000007c88        0x0 librumpdev_bpf_pic.a(bpf_component.pico)
 *fill*         0x0000000000007c88       0x18 00
 .bss           0x0000000000007ca0       0xa0 librumpdev_bpf_pic.a(bpf.pico)
                0x0000000000007ca0                rumpns_bpfjit_module_ops
                0x0000000000007ca8                rumpns_bpf_jit
 .bss           0x0000000000007d40        0x0 librumpdev_bpf_pic.a(bpf_filter.pico)
 .bss           0x0000000000007d40        0x0 /usr/local/genode-gcc/bin/../lib/gcc/x86_64-elf/4.7.4/32/crtend.o
 *(COMMON)
 COMMON         0x0000000000007d40       0xa0 librumpdev_bpf_pic.a(bpf.pico)
                0x0000000000007d40                rumpns_bpf_list
                0x0000000000007d44                rumpns_bpf_iflist
                0x0000000000007d60                rumpns_bpf_gstats
                0x0000000000007de0                . = ALIGN ((. != 0x0)?0x4:0x1)
                0x0000000000007de0                . = ALIGN (0x4)
                0x0000000000007de0                . = ALIGN (0x4)
                0x0000000000007de0                _end = .
                0x0000000000007de0                PROVIDE (end, .)
                0x0000000000007de0                . = DATA_SEGMENT_END (.)

.stab
 *(.stab)

.stabstr
 *(.stabstr)

.stab.excl
 *(.stab.excl)

.stab.exclstr
 *(.stab.exclstr)

.stab.index
 *(.stab.index)

.stab.indexstr
 *(.stab.indexstr)

.comment        0x0000000000000000       0x11
 *(.comment)
 .comment       0x0000000000000000       0x11 /usr/local/genode-gcc/bin/../lib/gcc/x86_64-elf/4.7.4/32/crtbegin.o
                                         0x12 (size before relaxing)
 .comment       0x0000000000000000       0x12 librumpdev_bpf_pic.a(bpf_component.pico)
 .comment       0x0000000000000000       0x12 librumpdev_bpf_pic.a(bpf.pico)
 .comment       0x0000000000000000       0x12 librumpdev_bpf_pic.a(bpf_filter.pico)
 .comment       0x0000000000000000       0x12 /usr/local/genode-gcc/bin/../lib/gcc/x86_64-elf/4.7.4/32/crtend.o

.ident          0x0000000000000000       0xb6
 .ident         0x0000000000000000       0x3f librumpdev_bpf_pic.a(bpf_component.pico)
 .ident         0x000000000000003f       0x37 librumpdev_bpf_pic.a(bpf.pico)
 .ident         0x0000000000000076       0x40 librumpdev_bpf_pic.a(bpf_filter.pico)

.debug
 *(.debug)

.line
 *(.line)

.debug_srcinfo
 *(.debug_srcinfo)

.debug_sfnames
 *(.debug_sfnames)

.debug_aranges  0x0000000000000000       0x60
 *(.debug_aranges)
 .debug_aranges
                0x0000000000000000       0x20 librumpdev_bpf_pic.a(bpf_component.pico)
 .debug_aranges
                0x0000000000000020       0x20 librumpdev_bpf_pic.a(bpf.pico)
 .debug_aranges
                0x0000000000000040       0x20 librumpdev_bpf_pic.a(bpf_filter.pico)

.debug_pubnames
 *(.debug_pubnames)

.debug_info     0x0000000000000000    0x1565d
 *(.debug_info .gnu.linkonce.wi.*)
 .debug_info    0x0000000000000000     0x7ac4 librumpdev_bpf_pic.a(bpf_component.pico)
 .debug_info    0x0000000000007ac4     0xc016 librumpdev_bpf_pic.a(bpf.pico)
 .debug_info    0x0000000000013ada     0x1b83 librumpdev_bpf_pic.a(bpf_filter.pico)

.debug_abbrev   0x0000000000000000      0xd02
 *(.debug_abbrev)
 .debug_abbrev  0x0000000000000000      0x2d1 librumpdev_bpf_pic.a(bpf_component.pico)
 .debug_abbrev  0x00000000000002d1      0x69a librumpdev_bpf_pic.a(bpf.pico)
 .debug_abbrev  0x000000000000096b      0x397 librumpdev_bpf_pic.a(bpf_filter.pico)

.debug_line     0x0000000000000000     0x22c5
 *(.debug_line)
 .debug_line    0x0000000000000000      0x877 librumpdev_bpf_pic.a(bpf_component.pico)
 .debug_line    0x0000000000000877     0x132b librumpdev_bpf_pic.a(bpf.pico)
 .debug_line    0x0000000000001ba2      0x723 librumpdev_bpf_pic.a(bpf_filter.pico)

.debug_frame
 *(.debug_frame)

.debug_str      0x0000000000000000     0x5e92
 *(.debug_str)
 .debug_str     0x0000000000000000     0x40b0 librumpdev_bpf_pic.a(bpf_component.pico)
                                       0x4494 (size before relaxing)
 .debug_str     0x00000000000040b0     0x1c5a librumpdev_bpf_pic.a(bpf.pico)
                                       0x5438 (size before relaxing)
 .debug_str     0x0000000000005d0a      0x188 librumpdev_bpf_pic.a(bpf_filter.pico)
                                        0xc48 (size before relaxing)

.debug_loc      0x0000000000000000     0x3c0c
 *(.debug_loc)
 .debug_loc     0x0000000000000000       0x93 librumpdev_bpf_pic.a(bpf_component.pico)
 .debug_loc     0x0000000000000093     0x2e42 librumpdev_bpf_pic.a(bpf.pico)
 .debug_loc     0x0000000000002ed5      0xd37 librumpdev_bpf_pic.a(bpf_filter.pico)

.debug_macinfo
 *(.debug_macinfo)

.debug_weaknames
 *(.debug_weaknames)

.debug_funcnames
 *(.debug_funcnames)

.debug_typenames
 *(.debug_typenames)

.debug_varnames
 *(.debug_varnames)

.debug_pubtypes
 *(.debug_pubtypes)

.debug_ranges   0x0000000000000000      0x910
 *(.debug_ranges)
 .debug_ranges  0x0000000000000000      0x910 librumpdev_bpf_pic.a(bpf.pico)

.gnu.attributes
 *(.gnu.attributes)

/DISCARD/
 *(.note.GNU-stack)
 *(.gnu_debuglink)
 *(.gnu.lto_*)
OUTPUT(librumpdev_bpf.so.0.0 elf32-i386)
