Archive member included because of file (symbol)

librump_pic.a(cdbr.pico)      (--whole-archive)
librump_pic.a(consttime_memequal.pico)
                              (--whole-archive)
librump_pic.a(ptree.pico)     (--whole-archive)
librump_pic.a(xlat_mbr_fstype.pico)
                              (--whole-archive)
librump_pic.a(strncasecmp.pico)
                              (--whole-archive)
librump_pic.a(strspn.pico)    (--whole-archive)
librump_pic.a(strpbrk.pico)   (--whole-archive)
librump_pic.a(strncat.pico)   (--whole-archive)
librump_pic.a(strnlen.pico)   (--whole-archive)
librump_pic.a(strcspn.pico)   (--whole-archive)
librump_pic.a(strtoumax.pico)
                              (--whole-archive)
librump_pic.a(strtoimax.pico)
                              (--whole-archive)
librump_pic.a(popcount64.pico)
                              (--whole-archive)
librump_pic.a(ulmin.pico)     (--whole-archive)
librump_pic.a(ulmax.pico)     (--whole-archive)
librump_pic.a(min.pico)       (--whole-archive)
librump_pic.a(max.pico)       (--whole-archive)
librump_pic.a(lmin.pico)      (--whole-archive)
librump_pic.a(lmax.pico)      (--whole-archive)
librump_pic.a(imin.pico)      (--whole-archive)
librump_pic.a(imax.pico)      (--whole-archive)
librump_pic.a(strlcat.pico)   (--whole-archive)
librump_pic.a(strstr.pico)    (--whole-archive)
librump_pic.a(strsep.pico)    (--whole-archive)
librump_pic.a(mertwist.pico)  (--whole-archive)
librump_pic.a(mcount.pico)    (--whole-archive)
librump_pic.a(pmatch.pico)    (--whole-archive)
librump_pic.a(murmurhash.pico)
                              (--whole-archive)
librump_pic.a(sha2.pico)      (--whole-archive)
librump_pic.a(rmd160.pico)    (--whole-archive)
librump_pic.a(md5c.pico)      (--whole-archive)
librump_pic.a(md4c.pico)      (--whole-archive)
librump_pic.a(bswap64.pico)   (--whole-archive)
librump_pic.a(intoa.pico)     (--whole-archive)
librump_pic.a(inet_addr.pico)
                              (--whole-archive)
librump_pic.a(cpuset.pico)    (--whole-archive)
librump_pic.a(__main.pico)    (--whole-archive)
librump_pic.a(crc32.pico)     (--whole-archive)
librump_pic.a(skpc.pico)      (--whole-archive)
librump_pic.a(scanc.pico)     (--whole-archive)
librump_pic.a(strrchr.pico)   (--whole-archive)
librump_pic.a(strcat.pico)    (--whole-archive)
librump_pic.a(random.pico)    (--whole-archive)
librump_pic.a(ffs.pico)       (--whole-archive)
librump_pic.a(byte_swap_4.pico)
                              (--whole-archive)
librump_pic.a(byte_swap_2.pico)
                              (--whole-archive)
librump_pic.a(ppath_extant.pico)
                              (--whole-archive)
librump_pic.a(ppath.pico)     (--whole-archive)
librump_pic.a(prop_ingest.pico)
                              (--whole-archive)
librump_pic.a(prop_array_util.pico)
                              (--whole-archive)
librump_pic.a(getfstypename.pico)
                              (--whole-archive)
librump_pic.a(proc_compare.pico)
                              (--whole-archive)
librump_pic.a(snprintb.pico)  (--whole-archive)
librump_pic.a(atomic_cas_64_cas.pico)
                              (--whole-archive)
librump_pic.a(atomic_sub_64_cas.pico)
                              (--whole-archive)
librump_pic.a(atomic_xor_64_cas.pico)
                              (--whole-archive)
librump_pic.a(atomic_nand_64_cas.pico)
                              (--whole-archive)
librump_pic.a(atomic_swap_64_cas.pico)
                              (--whole-archive)
librump_pic.a(atomic_or_64_nv_cas.pico)
                              (--whole-archive)
librump_pic.a(atomic_or_64_cas.pico)
                              (--whole-archive)
librump_pic.a(atomic_inc_64_nv_cas.pico)
                              (--whole-archive)
librump_pic.a(atomic_inc_64_cas.pico)
                              (--whole-archive)
librump_pic.a(atomic_dec_64_nv_cas.pico)
                              (--whole-archive)
librump_pic.a(atomic_dec_64_cas.pico)
                              (--whole-archive)
librump_pic.a(atomic_and_64_nv_cas.pico)
                              (--whole-archive)
librump_pic.a(atomic_and_64_cas.pico)
                              (--whole-archive)
librump_pic.a(atomic_add_64_nv_cas.pico)
                              (--whole-archive)
librump_pic.a(atomic_add_64_cas.pico)
                              (--whole-archive)
librump_pic.a(rump_x86_spinlock.pico)
                              (--whole-archive)
librump_pic.a(kern_time_50.pico)
                              (--whole-archive)
librump_pic.a(kern_select_50.pico)
                              (--whole-archive)
librump_pic.a(rijndael-api-fst.pico)
                              (--whole-archive)
librump_pic.a(clock_subr.pico)
                              (--whole-archive)
librump_pic.a(secmodel_suser.pico)
                              (--whole-archive)
librump_pic.a(uvm_swapstub.pico)
                              (--whole-archive)
[...]
Memory Configuration

Name             Origin             Length             Attributes
*default*        0x0000000000000000 0xffffffffffffffff

Linker script and memory map

LOAD /usr/local/genode-gcc/bin/../lib/gcc/x86_64-elf/4.7.4/32/crtbegin.o
LOAD librump_pic.a
LOAD /usr/local/genode-gcc/bin/../lib/gcc/x86_64-elf/4.7.4/../../../../x86_64-elf/lib/32/libgcc_s.so
LOAD /usr/local/genode-gcc/bin/../lib/gcc/x86_64-elf/4.7.4/../../../../x86_64-elf/lib/32/libgcc_s.so
LOAD /usr/local/genode-gcc/bin/../lib/gcc/x86_64-elf/4.7.4/32/crtend.o
                0x00000000000000d4                . = (0x0 + SIZEOF_HEADERS)

.note.gnu.build-id
 *(.note.gnu.build-id)

.hash           0x00000000000000d4     0x4e64
 *(.hash)
 .hash          0x00000000000000d4     0x4e64 /usr/local/genode-gcc/bin/../lib/gcc/x86_64-elf/4.7.4/32/crtbegin.o

.gnu.hash
 *(.gnu.hash)

.dynsym         0x0000000000004f38     0xb920
 *(.dynsym)
 .dynsym        0x0000000000004f38     0xb920 /usr/local/genode-gcc/bin/../lib/gcc/x86_64-elf/4.7.4/32/crtbegin.o

.dynstr         0x0000000000010858     0xd4cd
 *(.dynstr)
 .dynstr        0x0000000000010858     0xd4cd /usr/local/genode-gcc/bin/../lib/gcc/x86_64-elf/4.7.4/32/crtbegin.o

.gnu.version    0x000000000001dd26     0x1724
 *(.gnu.version)
 .gnu.version   0x000000000001dd26     0x1724 /usr/local/genode-gcc/bin/../lib/gcc/x86_64-elf/4.7.4/32/crtbegin.o

.gnu.version_d  0x000000000001f44c        0x0
 *(.gnu.version_d)
 .gnu.version_d
                0x0000000000000000        0x0 /usr/local/genode-gcc/bin/../lib/gcc/x86_64-elf/4.7.4/32/crtbegin.o

.gnu.version_r  0x000000000001f44c       0x20
 *(.gnu.version_r)
 .gnu.version_r
                0x000000000001f44c       0x20 /usr/local/genode-gcc/bin/../lib/gcc/x86_64-elf/4.7.4/32/crtbegin.o

.rel.dyn        0x000000000001f46c     0x4300
 *(.rel.init)
 *(.rel.text .rel.text.* .rel.gnu.linkonce.t.*)
 .rel.text      0x0000000000000000        0x0 /usr/local/genode-gcc/bin/../lib/gcc/x86_64-elf/4.7.4/32/crtbegin.o
 .rel.text.unlikely
                0x0000000000000000        0x0 /usr/local/genode-gcc/bin/../lib/gcc/x86_64-elf/4.7.4/32/crtbegin.o
 *(.rel.fini)
 *(.rel.rodata .rel.rodata.* .rel.gnu.linkonce.r.*)
 *(.rel.data.rel.ro* .rel.gnu.linkonce.d.rel.ro.*)
 .rel.data.rel.ro
                0x000000000001f46c      0xae8 /usr/local/genode-gcc/bin/../lib/gcc/x86_64-elf/4.7.4/32/crtbegin.o
 .rel.data.rel.ro.local
                0x000000000001ff54     0x1778 /usr/local/genode-gcc/bin/../lib/gcc/x86_64-elf/4.7.4/32/crtbegin.o
 *(.rel.data .rel.data.* .rel.gnu.linkonce.d.*)
 .rel.data.rel.local
                0x00000000000216cc      0x550 /usr/local/genode-gcc/bin/../lib/gcc/x86_64-elf/4.7.4/32/crtbegin.o
 .rel.data.rel  0x0000000000021c1c     0x11e0 /usr/local/genode-gcc/bin/../lib/gcc/x86_64-elf/4.7.4/32/crtbegin.o
 *(.rel.tdata .rel.tdata.* .rel.gnu.linkonce.td.*)
 *(.rel.tbss .rel.tbss.* .rel.gnu.linkonce.tb.*)
 *(.rel.ctors)
 *(.rel.dtors)
 *(.rel.got)
 .rel.got       0x0000000000022dfc      0x8c0 /usr/local/genode-gcc/bin/../lib/gcc/x86_64-elf/4.7.4/32/crtbegin.o
 *(.rel.bss .rel.bss.* .rel.gnu.linkonce.b.*)
 *(.rel.ifunc)
 .rel.ifunc     0x0000000000000000        0x0 /usr/local/genode-gcc/bin/../lib/gcc/x86_64-elf/4.7.4/32/crtbegin.o
 .rellink_set_modules
                0x00000000000236bc       0x18 /usr/local/genode-gcc/bin/../lib/gcc/x86_64-elf/4.7.4/32/crtbegin.o
 .rellink_set_rump_components
                0x00000000000236d4       0x10 /usr/local/genode-gcc/bin/../lib/gcc/x86_64-elf/4.7.4/32/crtbegin.o
 .rellink_set_prop_linkpools
                0x00000000000236e4       0x40 /usr/local/genode-gcc/bin/../lib/gcc/x86_64-elf/4.7.4/32/crtbegin.o
 .rellink_set_sysctl_funcs
                0x0000000000023724       0x30 /usr/local/genode-gcc/bin/../lib/gcc/x86_64-elf/4.7.4/32/crtbegin.o
 .rellink_set_evcnts
                0x0000000000023754       0x18 /usr/local/genode-gcc/bin/../lib/gcc/x86_64-elf/4.7.4/32/crtbegin.o

.rel.plt        0x000000000002376c     0x1980
 *(.rel.plt)
 .rel.plt       0x000000000002376c     0x1980 /usr/local/genode-gcc/bin/../lib/gcc/x86_64-elf/4.7.4/32/crtbegin.o
 *(.rel.iplt)

.init           0x00000000000250ec        0xa
 *(.init)
 .init          0x00000000000250ec        0x5 /usr/local/genode-gcc/bin/../lib/gcc/x86_64-elf/4.7.4/32/crtbegin.o
 .init          0x00000000000250f1        0x5 /usr/local/genode-gcc/bin/../lib/gcc/x86_64-elf/4.7.4/32/crtend.o

.plt            0x0000000000025100     0x3310
 *(.plt)
 .plt           0x0000000000025100     0x3310 /usr/local/genode-gcc/bin/../lib/gcc/x86_64-elf/4.7.4/32/crtbegin.o
 *(.iplt)

.text           0x0000000000028410    0x7ce18
 *(.text.unlikely .text.*_unlikely)
 .text.unlikely
                0x0000000000028410      0x5d3 librump_pic.a(subr_pool.pico)
 .text.unlikely
                0x00000000000289e3       0x54 librump_pic.a(cprng_fast.pico)
 .text.unlikely
                0x0000000000028a37       0x48 librump_pic.a(subr_percpu.pico)
 .text.unlikely
                0x0000000000028a7f      0x134 librump_pic.a(kern_sysctl.pico)
 .text.unlikely
                0x0000000000028bb3      0x11d librump_pic.a(scheduler.pico)
 *(.text.exit .text.exit.*)
 *(.text.startup .text.startup.*)
 *(.text.hot .text.hot.*)
 *(.text .stub .text.* .gnu.linkonce.t.*)
 .text          0x0000000000028cd0      0x13b /usr/local/genode-gcc/bin/../lib/gcc/x86_64-elf/4.7.4/32/crtbegin.o
 .text.__x86.get_pc_thunk.bx
                0x0000000000028e0b        0x4 /usr/local/genode-gcc/bin/../lib/gcc/x86_64-elf/4.7.4/32/crtbegin.o
                0x0000000000028e0b                __x86.get_pc_thunk.bx
 *fill*         0x0000000000028e0f        0x1 90909090
 .text          0x0000000000028e10      0x672 librump_pic.a(cdbr.pico)
                0x0000000000028e10                rumpns_cdbr_open_mem
                0x0000000000029210                rumpns_cdbr_entries
                0x0000000000029220                rumpns_cdbr_get
                0x00000000000292a0                rumpns_cdbr_find
                0x0000000000029430                rumpns_cdbr_close
 *fill*         0x0000000000029482        0xe 90909090
 .text          0x0000000000029490       0x3e librump_pic.a(consttime_memequal.pico)
                0x0000000000029490                rumpns_consttime_memequal
 *fill*         0x00000000000294ce        0x2 90909090
 .text          0x00000000000294d0     0x1d8e librump_pic.a(ptree.pico)
                0x000000000002a2e0                rumpns_ptree_init
                0x000000000002a370                rumpns_ptree_insert_node
                0x000000000002a3a0                rumpns_ptree_insert_mask_node
                0x000000000002a4b0                rumpns_ptree_find_filtered_node
                0x000000000002a830                rumpns_ptree_iterate
                0x000000000002aa80                rumpns_ptree_remove_node
                0x000000000002b210                rumpns_ptree_check
                0x000000000002b220                rumpns_ptree_mask_node_p
 *fill*         0x000000000002b25e        0x2 90909090
 .text          0x000000000002b260       0x34 librump_pic.a(xlat_mbr_fstype.pico)
                0x000000000002b260                rumpns_xlat_mbr_fstype
 *fill*         0x000000000002b294        0xc 90909090
 .text          0x000000000002b2a0      0x124 librump_pic.a(strncasecmp.pico)
                0x000000000002b2a0                rumpns_strncasecmp
 *fill*         0x000000000002b3c4        0xc 90909090
 .text          0x000000000002b3d0      0x16f librump_pic.a(strspn.pico)
                0x000000000002b3d0                rumpns_strspn
 *fill*         0x000000000002b53f        0x1 90909090
 .text          0x000000000002b540      0x19e librump_pic.a(strpbrk.pico)
                0x000000000002b540                rumpns_strpbrk
 *fill*         0x000000000002b6de        0x2 90909090
 .text          0x000000000002b6e0       0xf7 librump_pic.a(strncat.pico)
                0x000000000002b6e0                rumpns_strncat
 *fill*         0x000000000002b7d7        0x9 90909090
 .text          0x000000000002b7e0       0x34 librump_pic.a(strnlen.pico)
                0x000000000002b7e0                rumpns_strnlen
 *fill*         0x000000000002b814        0xc 90909090
 .text          0x000000000002b820      0x181 librump_pic.a(strcspn.pico)
                0x000000000002b820                rumpns_strcspn
 *fill*         0x000000000002b9a1        0xf 90909090
 .text          0x000000000002b9b0      0x369 librump_pic.a(strtoumax.pico)
                0x000000000002b9b0                rumpns_strtoumax
 *fill*         0x000000000002bd19        0x7 90909090
 .text          0x000000000002bd20      0x431 librump_pic.a(strtoimax.pico)
                0x000000000002bd20                rumpns_strtoimax
 *fill*         0x000000000002c151        0xf 90909090
 .text          0x000000000002c160       0x46 librump_pic.a(popcount64.pico)
                0x000000000002c160                rumpns_popcountll
                0x000000000002c160                rumpns_popcount64
 *fill*         0x000000000002c1a6        0xa 90909090
 .text          0x000000000002c1b0        0xe librump_pic.a(ulmin.pico)
                0x000000000002c1b0                rumpns_ulmin
 *fill*         0x000000000002c1be        0x2 90909090
 .text          0x000000000002c1c0        0xe librump_pic.a(ulmax.pico)
                0x000000000002c1c0                rumpns_ulmax
 *fill*         0x000000000002c1ce        0x2 90909090
 .text          0x000000000002c1d0        0xe librump_pic.a(min.pico)
                0x000000000002c1d0                rumpns_min
 *fill*         0x000000000002c1de        0x2 90909090
 .text          0x000000000002c1e0        0xe librump_pic.a(max.pico)
                0x000000000002c1e0                rumpns_max
 *fill*         0x000000000002c1ee        0x2 90909090
 .text          0x000000000002c1f0        0xe librump_pic.a(lmin.pico)
                0x000000000002c1f0                rumpns_lmin
 *fill*         0x000000000002c1fe        0x2 90909090
 .text          0x000000000002c200        0xe librump_pic.a(lmax.pico)
                0x000000000002c200                rumpns_lmax
 *fill*         0x000000000002c20e        0x2 90909090
 .text          0x000000000002c210        0xe librump_pic.a(imin.pico)
                0x000000000002c210                rumpns_imin
 *fill*         0x000000000002c21e        0x2 90909090
 .text          0x000000000002c220        0xe librump_pic.a(imax.pico)
                0x000000000002c220                rumpns_imax
 *fill*         0x000000000002c22e        0x2 90909090
 .text          0x000000000002c230      0x124 librump_pic.a(strlcat.pico)
                0x000000000002c230                rumpns_strlcat
 *fill*         0x000000000002c354        0xc 90909090
 .text          0x000000000002c360      0x107 librump_pic.a(strstr.pico)
                0x000000000002c360                rumpns_strstr
 *fill*         0x000000000002c467        0x9 90909090
 .text          0x000000000002c470       0xdf librump_pic.a(strsep.pico)
                0x000000000002c470                rumpns_strsep
 *fill*         0x000000000002c54f        0x1 90909090
 .text          0x000000000002c550      0x45c librump_pic.a(mertwist.pico)
                0x000000000002c610                rumpns_mtprng_init32
                0x000000000002c650                rumpns_mtprng_initarray
                0x000000000002c8a0                rumpns_mtprng_rawrandom
                0x000000000002c950                rumpns_mtprng_random
 .text          0x000000000002c9ac        0x0 librump_pic.a(mcount.pico)
 *fill*         0x000000000002c9ac        0x4 90909090
 .text          0x000000000002c9b0      0x208 librump_pic.a(pmatch.pico)
                0x000000000002c9b0                rumpns_pmatch
 *fill*         0x000000000002cbb8        0x8 90909090
 .text          0x000000000002cbc0       0x8f librump_pic.a(murmurhash.pico)
                0x000000000002cbc0                rumpns_murmurhash2
 *fill*         0x000000000002cc4f        0x1 90909090
 .text          0x000000000002cc50     0x1b5d librump_pic.a(sha2.pico)
                0x000000000002cc50                rumpns_SHA256_Init
                0x000000000002cd50                rumpns_SHA256_Transform
                0x000000000002d270                rumpns_SHA256_Update
                0x000000000002d4b0                rumpns_SHA256_Final
                0x000000000002d4d0                rumpns_SHA224_Init
                0x000000000002d5d0                rumpns_SHA224_Update
                0x000000000002d600                rumpns_SHA224_Transform
                0x000000000002d630                rumpns_SHA224_Final
                0x000000000002d650                rumpns_SHA512_Init
                0x000000000002d790                rumpns_SHA512_Transform
                0x000000000002e1e0                rumpns_SHA512_Update
                0x000000000002e4b0                rumpns_SHA512_Final
                0x000000000002e560                rumpns_SHA384_Init
                0x000000000002e6a0                rumpns_SHA384_Update
                0x000000000002e6d0                rumpns_SHA384_Transform
                0x000000000002e700                rumpns_SHA384_Final
 *fill*         0x000000000002e7ad        0x3 90909090
 .text          0x000000000002e7b0     0x18cd librump_pic.a(rmd160.pico)
                0x000000000002e7b0                rumpns_RMD160Init
                0x000000000002e7f0                rumpns_RMD160Transform
                0x000000000002fe00                rumpns_RMD160Update
                0x000000000002ff30                rumpns_RMD160Final
 *fill*         0x000000000003007d        0x3 90909090
 .text          0x0000000000030080      0xb57 librump_pic.a(md5c.pico)
                0x0000000000030870                rumpns_MD5Init
                0x0000000000030900                rumpns_MD5Update
                0x0000000000030a60                rumpns_MD5Final
 *fill*         0x0000000000030bd7        0x9 90909090
 .text          0x0000000000030be0      0x8d7 librump_pic.a(md4c.pico)
                0x0000000000031150                rumpns_MD4Init
                0x00000000000311e0                rumpns_MD4Update
                0x0000000000031340                rumpns_MD4Final
 *fill*         0x00000000000314b7        0x9 90909090
 .text          0x00000000000314c0        0xd librump_pic.a(bswap64.pico)
                0x00000000000314c0                rumpns_bswap64
 *fill*         0x00000000000314cd        0x3 90909090
 .text          0x00000000000314d0       0x93 librump_pic.a(intoa.pico)
                0x00000000000314d0                rumpns_intoa
 *fill*         0x0000000000031563        0xd 90909090
 .text          0x0000000000031570      0x276 librump_pic.a(inet_addr.pico)
                0x0000000000031570                rumpns_inet_aton
                0x00000000000317b0                rumpns_inet_addr
 *fill*         0x00000000000317e6        0x2 90909090
 .text          0x00000000000317e8        0x0 librump_pic.a(cpuset.pico)
 *fill*         0x00000000000317e8        0x8 90909090
 .text          0x00000000000317f0        0x2 librump_pic.a(__main.pico)
                0x00000000000317f0                __main
 *fill*         0x00000000000317f2        0xe 90909090
 .text          0x0000000000031800      0x311 librump_pic.a(crc32.pico)
                0x0000000000031800                rumpns_crc32
 *fill*         0x0000000000031b11        0xf 90909090
 .text          0x0000000000031b20       0x17 librump_pic.a(skpc.pico)
                0x0000000000031b20                rumpns_skpc
 *fill*         0x0000000000031b37        0x9 90909090
 .text          0x0000000000031b40       0x27 librump_pic.a(scanc.pico)
                0x0000000000031b40                rumpns_scanc
 *fill*         0x0000000000031b67        0x9 90909090
 .text          0x0000000000031b70       0x83 librump_pic.a(strrchr.pico)
                0x0000000000031b70                rumpns_strrchr
                0x0000000000031b70                rumpns_rindex
 *fill*         0x0000000000031bf3        0xd 90909090
 .text          0x0000000000031c00       0xad librump_pic.a(strcat.pico)
                0x0000000000031c00                rumpns_strcat
 *fill*         0x0000000000031cad        0x3 90909090
 .text          0x0000000000031cb0       0x55 librump_pic.a(random.pico)
                0x0000000000031cb0                rumpns_random
 *fill*         0x0000000000031d05        0xb 90909090
 .text          0x0000000000031d10       0x13 librump_pic.a(ffs.pico)
                0x0000000000031d10                rumpns_ffs
 *fill*         0x0000000000031d23        0xd 90909090
 .text          0x0000000000031d30        0x7 librump_pic.a(byte_swap_4.pico)
                0x0000000000031d30                rumpns_bswap32
                0x0000000000031d30                rumpns_ntohl
                0x0000000000031d30                rumpns_htonl
 *fill*         0x0000000000031d37        0x9 90909090
 .text          0x0000000000031d40        0x8 librump_pic.a(byte_swap_2.pico)
                0x0000000000031d40                rumpns_ntohs
                0x0000000000031d40                rumpns_bswap16
                0x0000000000031d40                rumpns_htons
 *fill*         0x0000000000031d48        0x8 90909090
 .text          0x0000000000031d50        0x2 librump_pic.a(ppath_extant.pico)
                0x0000000000031d50                rumpns_ppath_extant_dec
                0x0000000000031d50                rumpns_null_extant
                0x0000000000031d50                rumpns_ppath_component_extant_inc
                0x0000000000031d50                rumpns_ppath_component_extant_dec
                0x0000000000031d50                rumpns_ppath_extant_inc
 *fill*         0x0000000000031d52        0xe 90909090
 .text          0x0000000000031d60     0x1bc5 librump_pic.a(ppath.pico)
                0x0000000000031ea0                rumpns_ppath_component_idx
                0x0000000000031ec0                rumpns_ppath_component_key
                0x0000000000031ee0                rumpns_ppath_idx
                0x0000000000031f30                rumpns_ppath_key
                0x0000000000031fd0                rumpns_ppath_component_retain
                0x0000000000032040                rumpns_ppath_component_release
                0x00000000000320f0                rumpns_ppath_create
                0x0000000000032140                rumpns_ppath_pop
                0x00000000000321a0                rumpns_ppath_push
                0x0000000000032200                rumpns_ppath_component_at
                0x0000000000032240                rumpns_ppath_length
                0x0000000000032250                rumpns_ppath_subpath
                0x00000000000322d0                rumpns_ppath_push_idx
                0x0000000000032330                rumpns_ppath_push_key
                0x0000000000032390                rumpns_ppath_replace_idx
                0x0000000000032400                rumpns_ppath_replace_key
                0x0000000000032470                rumpns_ppath_copy
                0x00000000000324d0                rumpns_ppath_retain
                0x0000000000032540                rumpns_ppath_release
                0x0000000000032810                rumpns_ppath_lookup
                0x0000000000032840                rumpns_ppath_create_object
                0x0000000000032900                rumpns_ppath_create_data
                0x0000000000032970                rumpns_ppath_create_string
                0x00000000000329d0                rumpns_ppath_create_bool
                0x0000000000032a30                rumpns_ppath_create_int64
                0x0000000000032aa0                rumpns_ppath_create_uint64
                0x0000000000032b10                rumpns_ppath_set_object
                0x0000000000032c80                rumpns_ppath_get_object
                0x0000000000032d30                rumpns_ppath_delete_object
                0x0000000000032e50                rumpns_ppath_copydel_object
                0x0000000000032f10                rumpns_ppath_copydel_bool
                0x0000000000032f30                rumpns_ppath_copydel_int64
                0x0000000000032f50                rumpns_ppath_copydel_uint64
                0x0000000000032f70                rumpns_ppath_copydel_data
                0x0000000000032f90                rumpns_ppath_copydel_string
                0x0000000000032fb0                rumpns_ppath_copyset_object
                0x0000000000033110                rumpns_ppath_copyset_bool
                0x0000000000033170                rumpns_ppath_set_bool
                0x00000000000331c0                rumpns_ppath_get_bool
                0x0000000000033230                rumpns_ppath_delete_bool
                0x0000000000033250                rumpns_ppath_copyset_data
                0x00000000000332c0                rumpns_ppath_set_data
                0x0000000000033320                rumpns_ppath_get_data
                0x00000000000333b0                rumpns_ppath_dup_data
                0x0000000000033440                rumpns_ppath_delete_data
                0x0000000000033460                rumpns_ppath_copyset_int64
                0x00000000000334d0                rumpns_ppath_set_int64
                0x0000000000033530                rumpns_ppath_get_int64
                0x00000000000335d0                rumpns_ppath_delete_int64
                0x00000000000335f0                rumpns_ppath_copyset_string
                0x0000000000033650                rumpns_ppath_set_string
                0x00000000000336a0                rumpns_ppath_get_string
                0x0000000000033710                rumpns_ppath_dup_string
                0x0000000000033780                rumpns_ppath_delete_string
                0x00000000000337a0                rumpns_ppath_copyset_uint64
                0x0000000000033810                rumpns_ppath_set_uint64
                0x0000000000033870                rumpns_ppath_get_uint64
                0x0000000000033910                rumpns_ppath_delete_uint64
 *fill*         0x0000000000033925        0xb 90909090
 .text          0x0000000000033930      0x172 librump_pic.a(prop_ingest.pico)
                0x0000000000033930                rumpns_prop_ingest_context_alloc
                0x0000000000033980                rumpns_prop_ingest_context_free
                0x00000000000339a0                rumpns_prop_ingest_context_error
                0x00000000000339b0                rumpns_prop_ingest_context_type
                0x00000000000339c0                rumpns_prop_ingest_context_key
                0x00000000000339d0                rumpns_prop_ingest_context_private
                0x00000000000339e0                rumpns_prop_dictionary_ingest
 *fill*         0x0000000000033aa2        0xe 90909090
 .text          0x0000000000033ab0      0xec0 librump_pic.a(prop_array_util.pico)
                0x0000000000033ab0                rumpns_prop_array_get_bool
                0x0000000000033b30                rumpns_prop_array_set_bool
                0x0000000000033ba0                rumpns_prop_array_get_int8
                0x0000000000033c30                rumpns_prop_array_get_uint8
                0x0000000000033cc0                rumpns_prop_array_set_int8
                0x0000000000033d30                rumpns_prop_array_set_uint8
                0x0000000000033da0                rumpns_prop_array_add_int8
                0x0000000000033e10                rumpns_prop_array_add_uint8
                0x0000000000033e80                rumpns_prop_array_get_int16
                0x0000000000033f20                rumpns_prop_array_get_uint16
                0x0000000000033fb0                rumpns_prop_array_set_int16
                0x0000000000034020                rumpns_prop_array_set_uint16
                0x0000000000034090                rumpns_prop_array_add_int16
                0x0000000000034100                rumpns_prop_array_add_uint16
                0x0000000000034170                rumpns_prop_array_get_int32
                0x0000000000034210                rumpns_prop_array_get_uint32
                0x00000000000342a0                rumpns_prop_array_set_int32
                0x0000000000034310                rumpns_prop_array_set_uint32
                0x0000000000034380                rumpns_prop_array_add_int32
                0x00000000000343f0                rumpns_prop_array_add_uint32
                0x0000000000034460                rumpns_prop_array_get_int64
                0x00000000000344f0                rumpns_prop_array_get_uint64
                0x0000000000034580                rumpns_prop_array_set_int64
                0x00000000000345f0                rumpns_prop_array_set_uint64
                0x0000000000034660                rumpns_prop_array_add_int64
                0x00000000000346d0                rumpns_prop_array_add_uint64
                0x0000000000034740                rumpns_prop_array_get_cstring
                0x00000000000347c0                rumpns_prop_array_set_cstring
                0x0000000000034830                rumpns_prop_array_get_cstring_nocopy
                0x00000000000348b0                rumpns_prop_array_set_cstring_nocopy
                0x0000000000034920                rumpns_prop_array_add_and_rel
 .text          0x0000000000034970      0x127 librump_pic.a(getfstypename.pico)
                0x0000000000034970                rumpns_getfstypename
 .text.__x86.get_pc_thunk.cx
                0x0000000000034a97        0x4 librump_pic.a(getfstypename.pico)
                0x0000000000034a97                __x86.get_pc_thunk.cx
 *fill*         0x0000000000034a9b        0x5 90909090
 .text          0x0000000000034aa0      0x1cf librump_pic.a(proc_compare.pico)
                0x0000000000034aa0                rumpns_proc_compare
 *fill*         0x0000000000034c6f        0x1 90909090
 .text          0x0000000000034c70     0x1128 librump_pic.a(snprintb.pico)
                0x0000000000034c70                rumpns_snprintb_m
                0x0000000000035d50                rumpns_snprintb
 .text          0x0000000000035d98        0x0 librump_pic.a(atomic_cas_64_cas.pico)
 .text          0x0000000000035d98        0x0 librump_pic.a(atomic_sub_64_cas.pico)
 .text          0x0000000000035d98        0x0 librump_pic.a(atomic_xor_64_cas.pico)
 .text          0x0000000000035d98        0x0 librump_pic.a(atomic_nand_64_cas.pico)
 .text          0x0000000000035d98        0x0 librump_pic.a(atomic_swap_64_cas.pico)
 .text          0x0000000000035d98        0x0 librump_pic.a(atomic_or_64_nv_cas.pico)
 .text          0x0000000000035d98        0x0 librump_pic.a(atomic_or_64_cas.pico)
 .text          0x0000000000035d98        0x0 librump_pic.a(atomic_inc_64_nv_cas.pico)
 .text          0x0000000000035d98        0x0 librump_pic.a(atomic_inc_64_cas.pico)
 .text          0x0000000000035d98        0x0 librump_pic.a(atomic_dec_64_nv_cas.pico)
 .text          0x0000000000035d98        0x0 librump_pic.a(atomic_dec_64_cas.pico)
 .text          0x0000000000035d98        0x0 librump_pic.a(atomic_and_64_nv_cas.pico)
 .text          0x0000000000035d98        0x0 librump_pic.a(atomic_and_64_cas.pico)
 .text          0x0000000000035d98        0x0 librump_pic.a(atomic_add_64_nv_cas.pico)
 .text          0x0000000000035d98        0x0 librump_pic.a(atomic_add_64_cas.pico)
 *fill*         0x0000000000035d98        0x8 90909090
 .text          0x0000000000035da0       0x68 librump_pic.a(rump_x86_spinlock.pico)
                0x0000000000035da0                __cpu_simple_lock_init
                0x0000000000035db0                __cpu_simple_lock_try
                0x0000000000035dd0                __cpu_simple_lock
                0x0000000000035e00                __cpu_simple_unlock
 *fill*         0x0000000000035e08        0x8 90909090
 .text          0x0000000000035e10      0xc9f librump_pic.a(kern_time_50.pico)
                0x0000000000035e10                rumpns_compat_50_sys_clock_gettime
                0x0000000000035e80                rumpns_compat_50_sys_clock_settime
                0x0000000000035f10                rumpns_compat_50_sys_clock_getres
                0x0000000000035f80                rumpns_compat_50_sys_nanosleep
                0x0000000000036060                rumpns_compat_50_sys_gettimeofday
                0x00000000000360f0                rumpns_compat_50_sys_settimeofday
                0x0000000000036180                rumpns_compat_50_sys_adjtime
                0x00000000000362b0                rumpns_compat_50_sys_getitimer
                0x0000000000036340                rumpns_compat_50_sys_setitimer
                0x0000000000036450                rumpns_compat_50_sys_aio_suspend
                0x0000000000036460                rumpns_compat_50_sys_mq_timedsend
                0x0000000000036470                rumpns_compat_50_sys_mq_timedreceive
                0x0000000000036480                rumpns_rusage_to_rusage50
                0x0000000000036500                rumpns_compat_50_sys_getrusage
                0x00000000000365b0                rumpns_compat_50_sys_timer_gettime
                0x0000000000036640                rumpns_compat_50_sys_timer_settime
                0x0000000000036770                rumpns_compat_50_sys___ntp_gettime30
                0x0000000000036780                rumpns_compat50_clockctlioctl
                0x00000000000369f0                rumpns_compat_sysctl_time
 *fill*         0x0000000000036aaf        0x1 90909090
 .text          0x0000000000036ab0      0x34d librump_pic.a(kern_select_50.pico)
                0x0000000000036b50                rumpns_compat_50_sys_kevent
                0x0000000000036bb0                rumpns_compat_50_sys_select
                0x0000000000036c50                rumpns_compat_50_sys_pselect
                0x0000000000036d30                rumpns_compat_50_sys_pollts
 *fill*         0x0000000000036dfd        0x3 90909090
 .text          0x0000000000036e00      0xc2f librump_pic.a(rijndael-api-fst.pico)
                0x0000000000036e60                rumpns_rijndael_makeKey
                0x0000000000036f90                rumpns_rijndael_cipherInit
                0x0000000000037020                rumpns_rijndael_blockEncrypt
                0x0000000000037260                rumpns_rijndael_padEncrypt
                0x00000000000374e0                rumpns_rijndael_blockDecrypt
                0x0000000000037740                rumpns_rijndael_padDecrypt
 *fill*         0x0000000000037a2f        0x1 90909090
 .text          0x0000000000037a30      0x985 librump_pic.a(clock_subr.pico)
                0x0000000000037a30                rumpns_clock_ymdhms_to_secs
                0x0000000000037ec0                rumpns_clock_secs_to_ymdhms
 *fill*         0x00000000000383b5        0xb 90909090
 .text          0x00000000000383c0      0x9d7 librump_pic.a(secmodel_suser.pico)
                0x0000000000038440                rumpns_secmodel_suser_vnode_cb
                0x0000000000038480                rumpns_secmodel_suser_device_cb
                0x00000000000384f0                rumpns_secmodel_suser_machdep_cb
                0x0000000000038520                rumpns_secmodel_suser_network_cb
                0x0000000000038720                rumpns_secmodel_suser_process_cb
                0x00000000000387b0                rumpns_secmodel_suser_system_cb
                0x0000000000038920                rumpns_secmodel_suser_generic_cb
                0x0000000000038950                rumpns_sysctl_security_suser_setup
                0x0000000000038ae0                rumpns_secmodel_suser_init
                0x0000000000038af0                rumpns_secmodel_suser_start
                0x0000000000038c10                rumpns_secmodel_suser_stop
 *fill*         0x0000000000038d97        0x9 90909090
 .text          0x0000000000038da0       0x22 librump_pic.a(uvm_swapstub.pico)
                0x0000000000038da0                rumpns_uvm_swap_init
                0x0000000000038db0                rumpns_sys_swapctl
                0x0000000000038dc0                rumpns_uvm_swap_shutdown
 *fill*         0x0000000000038dc2        0xe 90909090
 .text          0x0000000000038dd0     0x157a librump_pic.a(uipc_sem.pico)
                0x0000000000038dd0                rumpns_sys__ksem_close
                0x0000000000038e90                rumpns_sys__ksem_destroy
                0x0000000000038f80                rumpns_sys__ksem_getvalue
                0x0000000000039060                rumpns_sys__ksem_post
                0x00000000000393b0                rumpns_sys__ksem_unlink
                0x0000000000039b50                rumpns_do_ksem_init
                0x0000000000039c90                rumpns_sys__ksem_init
                0x0000000000039cd0                rumpns_do_ksem_open
                0x000000000003a070                rumpns_sys__ksem_open
                0x000000000003a0c0                rumpns_do_ksem_wait
                0x000000000003a230                rumpns_sys__ksem_trywait
                0x000000000003a270                rumpns_sys__ksem_timedwait
                0x000000000003a310                rumpns_sys__ksem_wait
 *fill*         0x000000000003a34a        0x2 90909090
 .text          0x000000000003a34c        0x0 librump_pic.a(syscalls.pico)
 *fill*         0x000000000003a34c        0x4 90909090
 .text          0x000000000003a350      0x247 librump_pic.a(subr_pcq.pico)
                0x000000000003a350                rumpns_pcq_put
                0x000000000003a420                rumpns_pcq_peek
                0x000000000003a450                rumpns_pcq_get
                0x000000000003a510                rumpns_pcq_create
                0x000000000003a560                rumpns_pcq_destroy
                0x000000000003a590                rumpns_pcq_maxitems
 *fill*         0x000000000003a597        0x9 90909090
 .text          0x000000000003a5a0     0x1430 librump_pic.a(subr_extent.pico)
                0x000000000003a8d0                rumpns_extent_init
                0x000000000003a930                rumpns_extent_create
                0x000000000003ab40                rumpns_extent_destroy
                0x000000000003abe0                rumpns_extent_alloc_region
                0x000000000003ae20                rumpns_extent_alloc_subregion1
                0x000000000003b5a0                rumpns_extent_alloc_subregion
                0x000000000003b600                rumpns_extent_alloc
                0x000000000003b660                rumpns_extent_alloc1
                0x000000000003b6c0                rumpns_extent_print
                0x000000000003b760                rumpns_extent_free
 .text          0x000000000003b9d0      0x45a librump_pic.a(subr_callback.pico)
                0x000000000003b9d0                rumpns_callback_head_init
                0x000000000003ba90                rumpns_callback_head_destroy
                0x000000000003bad0                rumpns_callback_register
                0x000000000003bb80                rumpns_callback_unregister
                0x000000000003bc10                rumpns_callback_run_roundrobin
 *fill*         0x000000000003be2a        0x6 90909090
 .text          0x000000000003be30      0x59c librump_pic.a(rumpkern_if_wrappers.pico)
                0x000000000003be30                rump_kern_unavailable
                0x000000000003be50                rump_pub_module_init
                0x000000000003bea0                rump_pub_module_fini
                0x000000000003bee0                rump_pub_kernelfsym_load
                0x000000000003bf60                rump_pub_uio_setup
                0x000000000003bfd0                rump_pub_uio_getresid
                0x000000000003c010                rump_pub_uio_getoff
                0x000000000003c050                rump_pub_uio_free
                0x000000000003c090                rump_pub_cred_create
                0x000000000003c0f0                rump_pub_cred_put
                0x000000000003c120                rump_pub_lwproc_rfork
                0x000000000003c160                rump_pub_lwproc_newlwp
                0x000000000003c1a0                rump_pub_lwproc_switch
                0x000000000003c1d0                rump_pub_lwproc_releaselwp
                0x000000000003c200                rump_pub_lwproc_curlwp
                0x000000000003c240                rump_pub_lwproc_sysent_usenative
                0x000000000003c270                rump_pub_allbetsareoff_setid
                0x000000000003c2b0                rump_pub_etfs_register
                0x000000000003c300                rump_pub_etfs_register_withsize
                0x000000000003c390                rump_pub_etfs_remove
 *fill*         0x000000000003c3cc        0x4 90909090
 .text          0x000000000003c3d0       0x2a librump_pic.a(rumpkern_syscalls.pico)
 *fill*         0x000000000003c3fa        0x6 90909090
 .text          0x000000000003c400      0x280 librump_pic.a(accessors.pico)
                0x000000000003c400                rump_uio_setup
                0x000000000003c4e0                rump_uio_getresid
                0x000000000003c4f0                rump_uio_getoff
                0x000000000003c500                rump_uio_free
                0x000000000003c560                rump_cred_create
                0x000000000003c660                rump_cred_put
 .text          0x000000000003c680       0xe3 librump_pic.a(etfs_wrap.pico)
                0x000000000003c680                rump_etfs_register
                0x000000000003c6e0                rump_etfs_register_withsize
                0x000000000003c740                rump_etfs_remove
 *fill*         0x000000000003c763        0xd 90909090
 .text          0x000000000003c770      0x314 librump_pic.a(mi_vector_hash.pico)
                0x000000000003c770                rumpns_mi_vector_hash
 *fill*         0x000000000003ca84        0xc 90909090
 .text          0x000000000003ca90       0x58 librump_pic.a(ppath_kmem_alloc.pico)
                0x000000000003ca90                rumpns_ppath_alloc
                0x000000000003cac0                rumpns_ppath_free
 *fill*         0x000000000003cae8        0x8 90909090
 .text          0x000000000003caf0      0x56f librump_pic.a(sys_module.pico)
                0x000000000003caf0                rumpns_sys_modctl
 *fill*         0x000000000003d05f        0x1 90909090
 .text          0x000000000003d060     0x110b librump_pic.a(sys_generic.pico)
                0x000000000003d060                rumpns_dofileread
                0x000000000003d190                rumpns_sys_read
                0x000000000003d230                rumpns_do_filereadv
                0x000000000003d5d0                rumpns_sys_readv
                0x000000000003d620                rumpns_dofilewrite
                0x000000000003d7b0                rumpns_sys_write
                0x000000000003d850                rumpns_do_filewritev
                0x000000000003dc50                rumpns_sys_writev
                0x000000000003dca0                rumpns_sys_ioctl
 *fill*         0x000000000003e16b        0x5 90909090
 .text          0x000000000003e170     0x1131 librump_pic.a(sys_descrip.pico)
                0x000000000003e170                rumpns_sys_dup
                0x000000000003e1f0                rumpns_dodup
                0x000000000003e2d0                rumpns_sys_dup3
                0x000000000003e310                rumpns_sys_dup2
                0x000000000003e360                rumpns_do_fcntl_lock
                0x000000000003e570                rumpns_sys_fcntl
                0x000000000003eb90                rumpns_sys_close
                0x000000000003ec10                rumpns_do_sys_fstat
                0x000000000003ec70                rumpns_sys___fstat50
                0x000000000003ecf0                rumpns_sys_fpathconf
                0x000000000003edb0                rumpns_sys_flock
                0x000000000003ef40                rumpns_do_posix_fadvise
                0x000000000003f190                rumpns_sys___posix_fadvise50
                0x000000000003f1e0                rumpns_sys_pipe
                0x000000000003f210                rumpns_sys_pipe2
 *fill*         0x000000000003f2a1        0xf 90909090
 .text          0x000000000003f2b0      0x2e1 librump_pic.a(kern_xxx.pico)
                0x000000000003f2b0                rumpns_sys_reboot
                0x000000000003f3a0                rumpns_sys_syscall
                0x000000000003f4a0                rumpns_sys___syscall
 *fill*         0x000000000003f591        0xf 90909090
 .text          0x000000000003f5a0     0x10a6 librump_pic.a(kern_prot.pico)
                0x000000000003f5a0                rumpns_sys_getpid
                0x000000000003f5c0                rumpns_sys_getpid_with_ppid
                0x000000000003f5e0                rumpns_sys_getppid
                0x000000000003f600                rumpns_sys_getpgrp
                0x000000000003f660                rumpns_sys_getsid
                0x000000000003f700                rumpns_sys_getpgid
                0x000000000003f7a0                rumpns_sys_getuid
                0x000000000003f7d0                rumpns_sys_getuid_with_euid
                0x000000000003f830                rumpns_sys_geteuid
                0x000000000003f860                rumpns_sys_getgid
                0x000000000003f890                rumpns_sys_getgid_with_egid
                0x000000000003f8f0                rumpns_sys_getegid
                0x000000000003f920                rumpns_sys_getgroups
                0x000000000003f9a0                rumpns_sys_setsid
                0x000000000003f9f0                rumpns_sys_setpgid
                0x000000000003fa60                rumpns_do_setresuid
                0x000000000003fe00                rumpns_do_setresgid
                0x00000000000400e0                rumpns_sys_setuid
                0x0000000000040120                rumpns_sys_seteuid
                0x0000000000040170                rumpns_sys_setreuid
                0x0000000000040220                rumpns_sys_setgid
                0x0000000000040260                rumpns_sys_setegid
                0x00000000000402b0                rumpns_sys_setregid
                0x0000000000040360                rumpns_sys_issetugid
                0x0000000000040380                rumpns_sys_setgroups
                0x0000000000040410                rumpns_sys___getlogin
                0x00000000000404c0                rumpns_sys___setlogin
 *fill*         0x0000000000040646        0xa 90909090
 .text          0x0000000000040650     0x1ede librump_pic.a(rb.pico)
                0x0000000000040e90                rumpns_rb_tree_init
                0x0000000000040eb0                rumpns_rb_tree_find_node
                0x0000000000040f20                rumpns_rb_tree_find_node_geq
                0x0000000000040fa0                rumpns_rb_tree_find_node_leq
                0x0000000000041020                rumpns_rb_tree_insert_node
                0x0000000000041990                rumpns_rb_tree_iterate
                0x0000000000041ad0                rumpns_rb_tree_remove_node
 *fill*         0x000000000004252e        0x2 90909090
 .text          0x0000000000042530      0x2ec librump_pic.a(heapsort.pico)
                0x0000000000042530                rumpns_kheapsort
 *fill*         0x000000000004281c        0x4 90909090
 .text          0x0000000000042820      0x10e librump_pic.a(strcasecmp.pico)
                0x0000000000042820                rumpns_strcasecmp
 *fill*         0x000000000004292e        0x2 90909090
 .text          0x0000000000042930       0xfe librump_pic.a(strncpy.pico)
                0x0000000000042930                rumpns_strncpy
 *fill*         0x0000000000042a2e        0x2 90909090
 .text          0x0000000000042a30       0xd9 librump_pic.a(strncmp.pico)
                0x0000000000042a30                rumpns_strncmp
 *fill*         0x0000000000042b09        0x7 90909090
 .text          0x0000000000042b10      0x50e librump_pic.a(rngtest.pico)
                0x0000000000042ba0                rumpns_rngtest
 *fill*         0x000000000004301e        0x2 90909090
 .text          0x0000000000043020      0x369 librump_pic.a(strtoull.pico)
                0x0000000000043020                rumpns_strtoull
 *fill*         0x0000000000043389        0x7 90909090
 .text          0x0000000000043390      0x431 librump_pic.a(strtoll.pico)
                0x0000000000043390                rumpns_strtoll
 *fill*         0x00000000000437c1        0xf 90909090
 .text          0x00000000000437d0      0x253 librump_pic.a(strtoul.pico)
                0x00000000000437d0                rumpns_strtoul
 *fill*         0x0000000000043a23        0xd 90909090
 .text          0x0000000000043a30      0x108 librump_pic.a(strlcpy.pico)
                0x0000000000043a30                rumpns_strlcpy
 *fill*         0x0000000000043b38        0x8 90909090
 .text          0x0000000000043b40     0x17aa librump_pic.a(sha1.pico)
                0x0000000000043b40                rumpns_SHA1Transform
                0x0000000000044f80                rumpns_SHA1Init
                0x0000000000045010                rumpns_SHA1Update
                0x0000000000045180                rumpns_SHA1Final
 *fill*         0x00000000000452ea        0x6 90909090
 .text          0x00000000000452f0       0x34 librump_pic.a(kern_assert.pico)
                0x00000000000452f0                rumpns_kern_assert
 *fill*         0x0000000000045324        0xc 90909090
 .text          0x0000000000045330      0x957 librump_pic.a(prop_string.pico)
                0x0000000000045520                rumpns_prop_string_create
                0x0000000000045530                rumpns_prop_string_create_cstring
                0x00000000000455c0                rumpns_prop_string_create_cstring_nocopy
                0x0000000000045610                rumpns_prop_string_copy
                0x00000000000456d0                rumpns_prop_string_copy_mutable
                0x0000000000045770                rumpns_prop_string_size
                0x00000000000457a0                rumpns_prop_string_mutable
                0x00000000000457e0                rumpns_prop_string_cstring
                0x0000000000045860                rumpns_prop_string_cstring_nocopy
                0x0000000000045890                rumpns_prop_string_append
                0x0000000000045980                rumpns_prop_string_append_cstring
                0x0000000000045ab0                rumpns_prop_string_equals
                0x0000000000045b20                rumpns_prop_string_equals_cstring
                0x0000000000045b70                rumpns__prop_string_internalize
 *fill*         0x0000000000045c87        0x9 90909090
 .text          0x0000000000045c90      0x2a7 librump_pic.a(prop_stack.pico)
                0x0000000000045c90                rumpns__prop_stack_init
                0x0000000000045cb0                rumpns__prop_stack_push
                0x0000000000045df0                rumpns__prop_stack_pop
 *fill*         0x0000000000045f37        0x9 90909090
 .text          0x0000000000045f40     0x15b9 librump_pic.a(prop_object.pico)
                0x0000000000045f40                rumpns__prop_object_init
                0x0000000000045f60                rumpns__prop_object_fini
                0x0000000000045f70                rumpns__prop_object_externalize_append_char
                0x00000000000460d0                rumpns__prop_object_externalize_append_cstring
                0x0000000000046130                rumpns__prop_object_externalize_append_encoded_cstring
                0x00000000000461e0                rumpns__prop_object_externalize_empty_tag
                0x0000000000046290                rumpns__prop_object_externalize_end_tag
                0x0000000000046320                rumpns__prop_object_externalize_start_tag
                0x00000000000463b0                rumpns__prop_object_externalize_header
                0x0000000000046430                rumpns__prop_object_externalize_footer
                0x0000000000046490                rumpns__prop_object_externalize_context_alloc
                0x0000000000046510                rumpns__prop_object_externalize_context_free
                0x0000000000046530                rumpns__prop_object_internalize_find_tag
                0x00000000000468c0                rumpns__prop_object_internalize_decode_string
                0x0000000000046a40                rumpns__prop_object_internalize_match
                0x0000000000046a90                rumpns__prop_object_internalize_by_tag
                0x0000000000046c10                rumpns__prop_object_internalize_context_alloc
                0x0000000000046da0                rumpns__prop_object_internalize_context_free
                0x0000000000046dc0                rumpns_prop_object_retain
                0x0000000000046e20                rumpns_prop_object_release
                0x0000000000047100                rumpns__prop_generic_internalize
                0x0000000000047210                rumpns_prop_object_type
                0x0000000000047230                rumpns_prop_object_equals_with_error
                0x0000000000047460                rumpns_prop_object_equals
                0x0000000000047490                rumpns_prop_object_iterator_next
                0x00000000000474a0                rumpns_prop_object_iterator_reset
                0x00000000000474c0                rumpns_prop_object_iterator_release
 *fill*         0x00000000000474f9        0x7 90909090
 .text          0x0000000000047500      0xe7d librump_pic.a(prop_data.pico)
                0x0000000000047d90                rumpns_prop_data_create_data
                0x0000000000047e20                rumpns_prop_data_create_data_nocopy
                0x0000000000047e50                rumpns_prop_data_copy
                0x0000000000047f10                rumpns_prop_data_size
                0x0000000000047f40                rumpns_prop_data_data
                0x0000000000048050                rumpns_prop_data_data_nocopy
                0x00000000000480f0                rumpns_prop_data_equals
                0x0000000000048160                rumpns_prop_data_equals_data
                0x00000000000481b0                rumpns__prop_data_internalize
 *fill*         0x000000000004837d        0x3 90909090
 .text          0x0000000000048380      0x958 librump_pic.a(prop_number.pico)
                0x0000000000048830                rumpns_prop_number_create_integer
                0x0000000000048860                rumpns_prop_number_create_unsigned_integer
                0x0000000000048890                rumpns_prop_number_copy
                0x00000000000488e0                rumpns_prop_number_unsigned
                0x00000000000488f0                rumpns_prop_number_size
                0x00000000000489d0                rumpns_prop_number_integer_value
                0x0000000000048a20                rumpns_prop_number_unsigned_integer_value
                0x0000000000048a70                rumpns_prop_number_equals
                0x0000000000048ae0                rumpns_prop_number_equals_integer
                0x0000000000048b60                rumpns_prop_number_equals_unsigned_integer
                0x0000000000048be0                rumpns__prop_number_internalize
 *fill*         0x0000000000048cd8        0x8 90909090
 .text          0x0000000000048ce0      0x37d librump_pic.a(prop_kern.pico)
                0x0000000000048ee0                rumpns_prop_kern_init
                0x0000000000048f60                rumpns_prop_array_copyin
                0x0000000000048f80                rumpns_prop_dictionary_copyin
                0x0000000000048fa0                rumpns_prop_array_copyin_ioctl
                0x0000000000048fd0                rumpns_prop_dictionary_copyin_ioctl
                0x0000000000049000                rumpns_prop_array_copyout
                0x0000000000049010                rumpns_prop_dictionary_copyout
                0x0000000000049020                rumpns_prop_array_copyout_ioctl
                0x0000000000049040                rumpns_prop_dictionary_copyout_ioctl
 *fill*         0x000000000004905d        0x3 90909090
 .text          0x0000000000049060      0xbb8 librump_pic.a(prop_dictionary_util.pico)
                0x0000000000049060                rumpns_prop_dictionary_get_dict
                0x00000000000490d0                rumpns_prop_dictionary_get_bool
                0x0000000000049150                rumpns_prop_dictionary_set_bool
                0x00000000000491c0                rumpns_prop_dictionary_get_int8
                0x0000000000049250                rumpns_prop_dictionary_get_uint8
                0x00000000000492e0                rumpns_prop_dictionary_set_int8
                0x0000000000049350                rumpns_prop_dictionary_set_uint8
                0x00000000000493c0                rumpns_prop_dictionary_get_int16
                0x0000000000049460                rumpns_prop_dictionary_get_uint16
                0x00000000000494f0                rumpns_prop_dictionary_set_int16
                0x0000000000049560                rumpns_prop_dictionary_set_uint16
                0x00000000000495d0                rumpns_prop_dictionary_get_int32
                0x0000000000049670                rumpns_prop_dictionary_get_uint32
                0x0000000000049700                rumpns_prop_dictionary_set_int32
                0x0000000000049770                rumpns_prop_dictionary_set_uint32
                0x00000000000497e0                rumpns_prop_dictionary_get_int64
                0x0000000000049870                rumpns_prop_dictionary_get_uint64
                0x0000000000049900                rumpns_prop_dictionary_set_int64
                0x0000000000049970                rumpns_prop_dictionary_set_uint64
                0x00000000000499e0                rumpns_prop_dictionary_get_cstring
                0x0000000000049a60                rumpns_prop_dictionary_set_cstring
                0x0000000000049ad0                rumpns_prop_dictionary_get_cstring_nocopy
                0x0000000000049b50                rumpns_prop_dictionary_set_cstring_nocopy
                0x0000000000049bc0                rumpns_prop_dictionary_set_and_rel
 *fill*         0x0000000000049c18        0x8 90909090
 .text          0x0000000000049c20      0x364 librump_pic.a(prop_bool.pico)
                0x0000000000049d40                rumpns_prop_bool_create
                0x0000000000049db0                rumpns_prop_bool_copy
                0x0000000000049e00                rumpns_prop_bool_true
                0x0000000000049e30                rumpns_prop_bool_equals
                0x0000000000049ea0                rumpns__prop_bool_internalize
 *fill*         0x0000000000049f84        0xc 90909090
 .text          0x0000000000049f90     0x22ca librump_pic.a(prop_dictionary.pico)
                0x000000000004b0c0                rumpns_prop_dictionary_create
                0x000000000004b0d0                rumpns_prop_dictionary_create_with_capacity
                0x000000000004b0e0                rumpns_prop_dictionary_copy
                0x000000000004b1d0                rumpns_prop_dictionary_copy_mutable
                0x000000000004b210                rumpns_prop_dictionary_make_immutable
                0x000000000004b270                rumpns_prop_dictionary_count
                0x000000000004b2e0                rumpns_prop_dictionary_ensure_capacity
                0x000000000004b370                rumpns_prop_dictionary_iterator
                0x000000000004b3e0                rumpns_prop_dictionary_all_keys
                0x000000000004b4a0                rumpns_prop_dictionary_get
                0x000000000004b540                rumpns_prop_dictionary_get_keysym
                0x000000000004b590                rumpns_prop_dictionary_set
                0x000000000004bb40                rumpns_prop_dictionary_set_keysym
                0x000000000004bbb0                rumpns_prop_dictionary_remove
                0x000000000004bd80                rumpns_prop_dictionary_remove_keysym
                0x000000000004bde0                rumpns_prop_dictionary_equals
                0x000000000004be50                rumpns_prop_dictionary_keysym_cstring_nocopy
                0x000000000004be90                rumpns_prop_dictionary_keysym_equals
                0x000000000004c0e0                rumpns_prop_dictionary_externalize
                0x000000000004c170                rumpns__prop_dictionary_internalize
                0x000000000004c230                rumpns_prop_dictionary_internalize
 *fill*         0x000000000004c25a        0x6 90909090
 .text          0x000000000004c260     0x171a librump_pic.a(prop_array.pico)
                0x000000000004cf30                rumpns_prop_array_create
                0x000000000004cf40                rumpns_prop_array_create_with_capacity
                0x000000000004cf50                rumpns_prop_array_copy
                0x000000000004d010                rumpns_prop_array_copy_mutable
                0x000000000004d040                rumpns_prop_array_capacity
                0x000000000004d0b0                rumpns_prop_array_count
                0x000000000004d120                rumpns_prop_array_ensure_capacity
                0x000000000004d1b0                rumpns_prop_array_iterator
                0x000000000004d220                rumpns_prop_array_make_immutable
                0x000000000004d280                rumpns_prop_array_mutable
                0x000000000004d2e0                rumpns_prop_array_get
                0x000000000004d3a0                rumpns_prop_array_set
                0x000000000004d4f0                rumpns_prop_array_add
                0x000000000004d660                rumpns_prop_array_remove
                0x000000000004d7c0                rumpns_prop_array_equals
                0x000000000004d830                rumpns_prop_array_externalize
                0x000000000004d8c0                rumpns__prop_array_internalize
                0x000000000004d950                rumpns_prop_array_internalize
 *fill*         0x000000000004d97a        0x6 90909090
 .text          0x000000000004d980      0x16c librump_pic.a(kobj_machdep.pico)
                0x000000000004d980                rumpns_kobj_reloc
                0x000000000004da80                rumpns_kobj_machdep
 *fill*         0x000000000004daec        0x4 90909090
 .text          0x000000000004daf0      0x122 librump_pic.a(rump_x86_pmap.pico)
                0x000000000004daf0                rumpns_pmap_kenter_pa
                0x000000000004db20                rumpns_pmap_kremove
                0x000000000004db50                rumpns_pmap_enter
                0x000000000004db80                rumpns_pmap_clear_attrs
                0x000000000004db90                rumpns_pmap_page_remove
                0x000000000004dba0                rumpns_pmap_test_attrs
                0x000000000004dbb0                rumpns_vtophys
                0x000000000004dbc0                rumpns_pmap_update
                0x000000000004dbd0                rumpns_pmap_remove
                0x000000000004dc00                rumpns_pmap_extract
                0x000000000004dc10                rumpns_pmap_write_protect
 *fill*         0x000000000004dc12        0xe 90909090
 .text          0x000000000004dc20       0xc2 librump_pic.a(rump_x86_cpu.pico)
                0x000000000004dc20                rump_cpu_attach
                0x000000000004dca0                rumpns_x86_curlwp
                0x000000000004dcc0                rumpns_x86_curcpu
                0x000000000004dce0                rumpns_wbinvd
 *fill*         0x000000000004dce2        0xe 90909090
 .text          0x000000000004dcf0     0x2748 librump_pic.a(kern_ktrace.pico)
                0x000000000004e430                rumpns_ktrinit
                0x000000000004e4f0                rumpns_ktrderef
                0x000000000004ea30                rumpns_ktradref
                0x000000000004ed50                rumpns_ktr_emul
                0x000000000004f280                rumpns_ktr_namei
                0x000000000004f2f0                rumpns_ktr_namei2
                0x000000000004f3b0                rumpns_ktr_sysret
                0x000000000004f480                rumpns_ktr_syscall
                0x000000000004f540                rumpns_ktr_execarg
                0x000000000004f5b0                rumpns_ktr_execenv
                0x000000000004f620                rumpns_ktr_execfd
                0x000000000004f6b0                rumpns_ktr_genio
                0x000000000004f720                rumpns_ktr_geniov
                0x000000000004f7c0                rumpns_ktr_mibio
                0x000000000004f830                rumpns_ktr_psig
                0x000000000004f9b0                rumpns_ktr_csw
                0x000000000004fbd0                rumpns_ktr_point
                0x000000000004fc00                rumpns_ktruser
                0x000000000004fd20                rumpns_ktr_kuser
                0x000000000004fdf0                rumpns_ktr_mib
                0x000000000004fe90                rumpns_ktrace_common
                0x0000000000050370                rumpns_sys_fktrace
                0x0000000000050400                rumpns_sys_utrace
 *fill*         0x0000000000050438        0x8 90909090
 .text          0x0000000000050440     0x458b librump_pic.a(subr_pool.pico)
                0x0000000000050590                rumpns_sysctl_pool_setup
                0x0000000000050ac0                rumpns_pool_page_free
                0x0000000000050b00                rumpns_pool_page_alloc
                0x0000000000050ee0                rumpns_phtree_SPLAY
                0x0000000000050fc0                rumpns_phtree_SPLAY_REMOVE
                0x0000000000051050                rumpns_phtree_SPLAY_INSERT
                0x00000000000510e0                rumpns_phtree_SPLAY_MINMAX
                0x00000000000511b0                rumpns_pool_init
                0x0000000000051710                rumpns_pool_subsystem_init
                0x00000000000519d0                rumpns_pool_set_drain_hook
                0x0000000000051a20                rumpns_pool_get
                0x00000000000525e0                rumpns_pool_put
                0x0000000000052be0                rumpns_pool_destroy
                0x0000000000053090                rumpns_pool_prime
                0x0000000000053120                rumpns_pool_setlowat
                0x00000000000531a0                rumpns_pool_sethiwat
                0x0000000000053210                rumpns_pool_sethardlimit
                0x00000000000532c0                rumpns_pool_printit
                0x0000000000053820                rumpns_pool_printall
                0x0000000000053870                rumpns_pool_chk
                0x0000000000053950                rumpns_pool_cache_bootstrap
                0x0000000000053c60                rumpns_pool_cache_init
                0x0000000000053cf0                rumpns_pool_cache_cpu_init
                0x0000000000053d80                rumpns_pool_cache_destruct_object
                0x0000000000053de0                rumpns_pool_cache_invalidate
                0x0000000000053f60                rumpns_pool_cache_bootstrap_destroy
                0x00000000000540b0                rumpns_pool_cache_destroy
                0x00000000000540f0                rumpns_pool_reclaim
                0x0000000000054410                rumpns_pool_cache_reclaim
                0x0000000000054440                rumpns_pool_drain
                0x0000000000054540                rumpns_pool_cache_set_drain_hook
                0x0000000000054570                rumpns_pool_cache_setlowat
                0x00000000000545a0                rumpns_pool_cache_sethiwat
                0x00000000000545d0                rumpns_pool_cache_sethardlimit
                0x0000000000054610                rumpns_pool_cache_get_paddr
                0x0000000000054880                rumpns_pool_cache_put_paddr
 *fill*         0x00000000000549cb        0x5 90909090
 .text          0x00000000000549d0      0x1e4 librump_pic.a(kern_rate.pico)
                0x00000000000549d0                rumpns_ratecheck
                0x0000000000054ae0                rumpns_ppsratecheck
 *fill*         0x0000000000054bb4        0xc 90909090
 .text          0x0000000000054bc0      0x6e9 librump_pic.a(subr_kmem.pico)
                0x0000000000054d20                rumpns_kmem_init
                0x0000000000054d80                rumpns_kmem_roundup_size
                0x0000000000054d90                rumpns_kmem_intr_free
                0x0000000000054ed0                rumpns_kmem_free
                0x0000000000054f80                rumpns_kmem_intr_alloc
                0x0000000000055080                rumpns_kmem_alloc
                0x0000000000055100                rumpns_kmem_intr_zalloc
                0x0000000000055160                rumpns_kmem_zalloc
                0x00000000000551e0                rumpns_kmem_asprintf
 *fill*         0x00000000000552a9        0x7 90909090
 .text          0x00000000000552b0      0xe74 librump_pic.a(cprng_fast.pico)
                0x0000000000055c00                rumpns_cprng_fast_init
                0x0000000000055d60                rumpns_cprng_fast32
                0x0000000000055e60                rumpns_cprng_fast64
                0x0000000000055f90                rumpns_cprng_fast
 *fill*         0x0000000000056124        0xc 90909090
 .text          0x0000000000056130     0x20ee librump_pic.a(vnode_if.pico)
                0x0000000000056130                rumpns_VOP_BWRITE
                0x00000000000561d0                rumpns_VOP_LOOKUP
                0x00000000000562e0                rumpns_VOP_CREATE
                0x0000000000056400                rumpns_VOP_MKNOD
                0x0000000000056520                rumpns_VOP_OPEN
                0x00000000000565b0                rumpns_VOP_CLOSE
                0x0000000000056640                rumpns_VOP_ACCESS
                0x00000000000566d0                rumpns_VOP_GETATTR
                0x0000000000056760                rumpns_VOP_SETATTR
                0x00000000000567f0                rumpns_VOP_READ
                0x0000000000056890                rumpns_VOP_WRITE
                0x0000000000056930                rumpns_VOP_FALLOCATE
                0x00000000000569d0                rumpns_VOP_FDISCARD
                0x0000000000056a70                rumpns_VOP_IOCTL
                0x0000000000056b10                rumpns_VOP_FCNTL
                0x0000000000056bb0                rumpns_VOP_POLL
                0x0000000000056c50                rumpns_VOP_KQFILTER
                0x0000000000056cf0                rumpns_VOP_REVOKE
                0x0000000000056d90                rumpns_VOP_MMAP
                0x0000000000056e20                rumpns_VOP_FSYNC
                0x0000000000056ed0                rumpns_VOP_SEEK
                0x0000000000056f80                rumpns_VOP_REMOVE
                0x0000000000057010                rumpns_VOP_LINK
                0x00000000000570a0                rumpns_VOP_RENAME
                0x0000000000057150                rumpns_VOP_MKDIR
                0x0000000000057270                rumpns_VOP_RMDIR
                0x0000000000057300                rumpns_VOP_SYMLINK
                0x0000000000057420                rumpns_VOP_READDIR
                0x00000000000574d0                rumpns_VOP_READLINK
                0x0000000000057560                rumpns_VOP_ABORTOP
                0x0000000000057600                rumpns_VOP_INACTIVE
                0x00000000000576a0                rumpns_VOP_RECLAIM
                0x0000000000057740                rumpns_VOP_LOCK
                0x00000000000577e0                rumpns_VOP_UNLOCK
                0x0000000000057880                rumpns_VOP_BMAP
                0x0000000000057930                rumpns_VOP_STRATEGY
                0x00000000000579d0                rumpns_VOP_PRINT
                0x0000000000057a70                rumpns_VOP_ISLOCKED
                0x0000000000057b10                rumpns_VOP_PATHCONF
                0x0000000000057ba0                rumpns_VOP_ADVLOCK
                0x0000000000057c40                rumpns_VOP_WHITEOUT
                0x0000000000057cd0                rumpns_VOP_GETPAGES
                0x0000000000057da0                rumpns_VOP_PUTPAGES
                0x0000000000057e50                rumpns_VOP_CLOSEEXTATTR
                0x0000000000057ee0                rumpns_VOP_GETEXTATTR
                0x0000000000057f90                rumpns_VOP_LISTEXTATTR
                0x0000000000058040                rumpns_VOP_OPENEXTATTR
                0x00000000000580e0                rumpns_VOP_DELETEEXTATTR
                0x0000000000058180                rumpns_VOP_SETEXTATTR
 *fill*         0x000000000005821e        0x2 90909090
 .text          0x0000000000058220      0x430 librump_pic.a(secmodel.pico)
                0x00000000000583a0                rumpns_secmodel_nsecmodels
                0x00000000000583c0                rumpns_secmodel_init
                0x00000000000583f0                rumpns_secmodel_register
                0x00000000000584f0                rumpns_secmodel_deregister
                0x00000000000585b0                rumpns_secmodel_setinfo
                0x00000000000585c0                rumpns_secmodel_eval
 .text          0x0000000000058650      0x7e8 librump_pic.a(uvm_object.pico)
                0x0000000000058650                rumpns_uvm_obj_init
                0x00000000000586e0                rumpns_uvm_obj_destroy
                0x0000000000058780                rumpns_uvm_obj_setlock
                0x00000000000587e0                rumpns_uvm_obj_unwirepages
                0x0000000000058950                rumpns_uvm_obj_wirepages
                0x0000000000058ce0                rumpns_uvm_object_printit
 *fill*         0x0000000000058e38        0x8 90909090
 .text          0x0000000000058e40      0x689 librump_pic.a(uvm_readahead.pico)
                0x0000000000058ff0                rumpns_uvm_ra_init
                0x0000000000059070                rumpns_uvm_ra_allocctx
                0x00000000000590b0                rumpns_uvm_ra_freectx
                0x0000000000059130                rumpns_uvm_ra_request
                0x0000000000059470                rumpns_uvm_readahead
 *fill*         0x00000000000594c9        0x7 90909090
 .text          0x00000000000594d0      0xdf8 librump_pic.a(uvm_aobj.pico)
                0x00000000000594d0                rumpns_uao_reference
                0x0000000000059a10                rumpns_uao_detach
                0x0000000000059f60                rumpns_uao_create
                0x000000000005a1a0                rumpns_uao_set_pgfl
                0x000000000005a230                rumpns_uao_init
 *fill*         0x000000000005a2c8        0x8 90909090
 .text          0x000000000005a2d0     0x13ce librump_pic.a(sys_select.pico)
                0x000000000005a2d0                rumpns_sysctl_select_setup
                0x000000000005a9e0                rumpns_selcommon
                0x000000000005aca0                rumpns_sys___select50
                0x000000000005ad40                rumpns_sys___pselect50
                0x000000000005ae00                rumpns_pollcommon
                0x000000000005af50                rumpns_sys___pollts50
                0x000000000005b000                rumpns_sys_poll
                0x000000000005b090                rumpns_seltrue
                0x000000000005b0a0                rumpns_selrecord
                0x000000000005b1d0                rumpns_selnotify
                0x000000000005b460                rumpns_selsysinit
                0x000000000005b520                rumpns_selinit
                0x000000000005b580                rumpns_seldestroy
 *fill*         0x000000000005b69e        0x2 90909090
 .text          0x000000000005b6a0     0x2115 librump_pic.a(sys_pipe.pico)
                0x000000000005b6a0                rumpns_sysctl_kern_pipe_setup
                0x000000000005d440                rumpns_pipe_init
                0x000000000005d5a0                rumpns_pipe1
 *fill*         0x000000000005d7b5        0xb 90909090
 .text          0x000000000005d7c0      0xe42 librump_pic.a(subr_xcall.pico)
                0x000000000005d7c0                rumpns_xc__highpri_intr
                0x000000000005db40                rumpns_xc_init_cpu
                0x000000000005dd90                rumpns_xc_broadcast
                0x000000000005e0d0                rumpns_xc_unicast
                0x000000000005e4a0                rumpns_xc_wait
                0x000000000005e5e0                rumpns_xc_ipi_handler
 *fill*         0x000000000005e602        0xe 90909090
 .text          0x000000000005e610      0x790 librump_pic.a(subr_workqueue.pico)
                0x000000000005e9e0                rumpns_workqueue_destroy
                0x000000000005ebc0                rumpns_workqueue_create
                0x000000000005ecf0                rumpns_workqueue_enqueue
 .text          0x000000000005eda0     0x3621 librump_pic.a(subr_vmem.pico)
                0x000000000005ffa0                rumpns_vmem_destroy
                0x0000000000060020                rumpns_vmem_roundup_size
                0x0000000000060040                rumpns_vmem_xalloc
                0x0000000000060ce0                rumpns_vmem_alloc
                0x0000000000061030                rumpns_vmem_xfree
                0x0000000000061650                rumpns_vmem_free
                0x00000000000617a0                rumpns_vmem_add
                0x00000000000617d0                rumpns_vmem_init
                0x0000000000061fc0                rumpns_vmem_xcreate
                0x0000000000062080                rumpns_vmem_create
                0x0000000000062140                rumpns_vmem_subsystem_init
                0x0000000000062280                rumpns_vmem_size
                0x00000000000622f0                rumpns_vmem_rehash_start
 *fill*         0x00000000000623c1        0xf 90909090
 .text          0x00000000000623d0      0x6a4 librump_pic.a(subr_time.pico)
                0x00000000000623d0                rumpns_tvtohz
                0x00000000000624f0                rumpns_tvhzto
                0x0000000000062580                rumpns_tstohz
                0x00000000000625d0                rumpns_tshztoup
                0x0000000000062660                rumpns_tshzto
                0x00000000000626f0                rumpns_itimerfix
                0x0000000000062760                rumpns_itimespecfix
                0x00000000000627d0                rumpns_inittimeleft
                0x0000000000062810                rumpns_gettimeleft
                0x00000000000628d0                rumpns_clock_gettime1
                0x0000000000062930                rumpns_ts2timo
 *fill*         0x0000000000062a74        0xc 90909090
 .text          0x0000000000062a80      0x714 librump_pic.a(subr_specificdata.pico)
                0x0000000000062b70                rumpns_specificdata_domain_create
                0x0000000000062c10                rumpns_specificdata_domain_delete
                0x0000000000062c30                rumpns_specificdata_key_create
                0x0000000000062d80                rumpns_specificdata_key_delete
                0x0000000000062e00                rumpns_specificdata_init
                0x0000000000062e40                rumpns_specificdata_fini
                0x0000000000062ee0                rumpns_specificdata_getspecific
                0x0000000000062f50                rumpns_specificdata_getspecific_unlocked
                0x0000000000062f70                rumpns_specificdata_setspecific
 *fill*         0x0000000000063194        0xc 90909090
 .text          0x00000000000631a0      0x644 librump_pic.a(subr_pserialize.pico)
                0x00000000000631a0                rumpns_pserialize_init
                0x0000000000063250                rumpns_pserialize_create
                0x00000000000632c0                rumpns_pserialize_destroy
                0x0000000000063350                rumpns_pserialize_perform
                0x0000000000063590                rumpns_pserialize_read_enter
                0x00000000000635f0                rumpns_pserialize_read_exit
                0x0000000000063610                rumpns_pserialize_switchpoint
 *fill*         0x00000000000637e4        0xc 90909090
 .text          0x00000000000637f0     0x2339 librump_pic.a(subr_prf.pico)
                0x0000000000063920                rumpns_kprintf_init
                0x00000000000639b0                rumpns_kprintf_lock
                0x00000000000639e0                rumpns_kprintf_unlock
                0x0000000000063a60                rumpns_twiddle
                0x0000000000063ad0                rumpns_tprintf_open
                0x0000000000063b50                rumpns_tprintf_close
                0x0000000000063ba0                rumpns_aprint_get_error_count
                0x0000000000063be0                rumpns_kprintf
                0x0000000000064ae0                rumpns_vsnprintf
                0x0000000000064b70                rumpns_snprintf
                0x0000000000064bb0                rumpns_klogpri
                0x0000000000064c40                rumpns_logpri
                0x0000000000064c70                rumpns_vprintf
                0x0000000000064ce0                rumpns_printf
                0x0000000000064d50                rumpns_device_printf
                0x0000000000064db0                rumpns_vpanic
                0x0000000000064f80                rumpns_panic
                0x0000000000064fb0                rumpns_printf_nolog
                0x0000000000065000                rumpns_printf_tolog
                0x0000000000065050                rumpns_ttyprintf
                0x0000000000065090                rumpns_tprintf
                0x0000000000065140                rumpns_uprintf_locked
                0x00000000000651b0                rumpns_uprintf
                0x0000000000065220                rumpns_addlog
                0x00000000000652c0                rumpns_vlog
                0x0000000000065370                rumpns_log
                0x0000000000065420                rumpns_tablefull
                0x00000000000655b0                rumpns_aprint_normal_ifnet
                0x00000000000655d0                rumpns_aprint_normal_dev
                0x0000000000065610                rumpns_aprint_normal
                0x0000000000065700                rumpns_aprint_error_ifnet
                0x0000000000065720                rumpns_aprint_error_dev
                0x0000000000065760                rumpns_aprint_error
                0x0000000000065830                rumpns_aprint_naive_ifnet
                0x0000000000065850                rumpns_aprint_naive_dev
                0x0000000000065890                rumpns_aprint_naive
                0x0000000000065970                rumpns_aprint_verbose_ifnet
                0x0000000000065990                rumpns_aprint_verbose_dev
                0x00000000000659d0                rumpns_aprint_verbose
                0x0000000000065ab0                rumpns_aprint_debug_ifnet
                0x0000000000065ad0                rumpns_aprint_debug_dev
                0x0000000000065b10                rumpns_aprint_debug
 *fill*         0x0000000000065b29        0x7 90909090
 .text          0x0000000000065b30       0x97 librump_pic.a(memchr.pico)
                0x0000000000065b30                rumpns_memchr
 *fill*         0x0000000000065bc7        0x9 90909090
 .text          0x0000000000065bd0      0x1d3 librump_pic.a(subr_device.pico)
                0x0000000000065bd0                rumpns_device_class
                0x0000000000065be0                rumpns_device_cfdata
                0x0000000000065bf0                rumpns_device_cfdriver
                0x0000000000065c00                rumpns_device_cfattach
                0x0000000000065c10                rumpns_device_unit
                0x0000000000065c20                rumpns_device_xname
                0x0000000000065c30                rumpns_device_parent
                0x0000000000065c40                rumpns_device_activation
                0x0000000000065c80                rumpns_device_is_active
                0x0000000000065ca0                rumpns_device_is_enabled
                0x0000000000065cb0                rumpns_device_has_power
                0x0000000000065cd0                rumpns_device_locator
                0x0000000000065d40                rumpns_device_private
                0x0000000000065d60                rumpns_device_properties
                0x0000000000065d70                rumpns_device_is_a
 *fill*         0x0000000000065da3        0xd 90909090
 .text          0x0000000000065db0      0x678 librump_pic.a(subr_percpu.pico)
                0x00000000000660e0                rumpns_percpu_init
                0x0000000000066190                rumpns_percpu_init_cpu
                0x00000000000661e0                rumpns_percpu_free
                0x0000000000066240                rumpns_percpu_putref
                0x0000000000066260                rumpns_percpu_traverse_enter
                0x0000000000066290                rumpns_percpu_traverse_exit
                0x00000000000662c0                rumpns_percpu_getptr_remote
                0x0000000000066310                rumpns_percpu_getref
                0x0000000000066340                rumpns_percpu_foreach
                0x00000000000663b0                rumpns_percpu_alloc
 *fill*         0x0000000000066428        0x8 90909090
 .text          0x0000000000066430      0x123 librump_pic.a(subr_once.pico)
                0x0000000000066430                rumpns_once_init
                0x0000000000066480                rumpns__run_once
 *fill*         0x0000000000066553        0xd 90909090
 .text          0x0000000000066560      0x8b4 librump_pic.a(subr_log.pico)
                0x0000000000066b50                rumpns_initmsgbuf
                0x0000000000066bf0                rumpns_loginit
                0x0000000000066c70                rumpns_logwakeup
                0x0000000000066d20                rumpns_logputchar
 *fill*         0x0000000000066e14        0xc 90909090
 .text          0x0000000000066e20     0x1dc6 librump_pic.a(subr_kobj.pico)
                0x0000000000067690                rumpns_kobj_unload
                0x0000000000067800                rumpns_kobj_load
                0x00000000000686e0                rumpns_kobj_stat
                0x0000000000068710                rumpns_kobj_find_section
                0x0000000000068810                rumpns_kobj_sym_lookup
                0x0000000000068900                rumpns_kobj_setname
                0x00000000000689d0                rumpns_kobj_affix
                0x0000000000068b60                rumpns_kobj_load_mem
 *fill*         0x0000000000068be6        0xa 90909090
 .text          0x0000000000068bf0      0x246 librump_pic.a(kobj_rename.pico)
                0x0000000000068bf0                rumpns_kobj_renamespace
 *fill*         0x0000000000068e36        0xa 90909090
 .text          0x0000000000068e40     0x13ef librump_pic.a(subr_kcpuset.pico)
                0x0000000000068ec0                rumpns_kcpuset_sysinit
                0x0000000000069070                rumpns_kcpuset_create
                0x0000000000069150                rumpns_kcpuset_clone
                0x00000000000691b0                rumpns_kcpuset_destroy
                0x0000000000069280                rumpns_kcpuset_use
                0x00000000000692f0                rumpns_kcpuset_unuse
                0x0000000000069420                rumpns_kcpuset_copyin
                0x0000000000069550                rumpns_kcpuset_copyout
                0x0000000000069680                rumpns_kcpuset_export_u32
                0x0000000000069710                rumpns_kcpuset_zero
                0x00000000000697f0                rumpns_kcpuset_fill
                0x00000000000698d0                rumpns_kcpuset_copy
                0x00000000000699b0                rumpns_kcpuset_set
                0x0000000000069a80                rumpns_kcpuset_clear
                0x0000000000069b50                rumpns_kcpuset_isset
                0x0000000000069cc0                rumpns_kcpuset_isotherset
                0x0000000000069d30                rumpns_kcpuset_iszero
                0x0000000000069d80                rumpns_kcpuset_match
                0x0000000000069dc0                rumpns_kcpuset_intersecting_p
                0x0000000000069e20                rumpns_kcpuset_ffs
                0x0000000000069e80                rumpns_kcpuset_ffs_intersecting
                0x0000000000069ee0                rumpns_kcpuset_merge
                0x0000000000069f20                rumpns_kcpuset_intersect
                0x0000000000069f60                rumpns_kcpuset_remove
                0x0000000000069fa0                rumpns_kcpuset_countset
                0x0000000000069ff0                rumpns_kcpuset_atomic_set
                0x000000000006a080                rumpns_kcpuset_atomic_clear
                0x000000000006a110                rumpns_kcpuset_atomicly_intersect
                0x000000000006a170                rumpns_kcpuset_atomicly_merge
                0x000000000006a1d0                rumpns_kcpuset_atomicly_remove
 *fill*         0x000000000006a22f        0x1 90909090
 .text          0x000000000006a230       0x38 librump_pic.a(popcount32.pico)
                0x000000000006a230                rumpns_popcountl
                0x000000000006a230                rumpns_popcount32
                0x000000000006a230                rumpns_popcount
 *fill*         0x000000000006a268        0x8 90909090
 .text          0x000000000006a270      0x9dd librump_pic.a(subr_iostat.pico)
                0x000000000006a6e0                rumpns_iostat_init
                0x000000000006a8a0                rumpns_iostat_find
                0x000000000006a950                rumpns_iostat_alloc
                0x000000000006aa20                rumpns_iostat_free
                0x000000000006aad0                rumpns_iostat_busy
                0x000000000006ab00                rumpns_iostat_unbusy
                0x000000000006ac30                rumpns_iostat_isbusy
                0x000000000006ac40                rumpns_iostat_seek
 *fill*         0x000000000006ac4d        0x3 90909090
 .text          0x000000000006ac50      0x8b0 librump_pic.a(subr_evcnt.pico)
                0x000000000006ac50                rumpns_sysctl_evcnt_setup
                0x000000000006b1b0                rumpns_evcnt_attach_static
                0x000000000006b2e0                rumpns_evcnt_init
                0x000000000006b390                rumpns_evcnt_attach_dynamic_nozero
                0x000000000006b3d0                rumpns_evcnt_attach_dynamic
                0x000000000006b490                rumpns_evcnt_detach
 .text          0x000000000006b500     0x110c librump_pic.a(subr_cprng.pico)
                0x000000000006bb20                rumpns_cprng_init
                0x000000000006bc50                rumpns_cprng_strong_create
                0x000000000006beb0                rumpns_cprng_strong_destroy
                0x000000000006bf90                rumpns_cprng_strong
                0x000000000006c500                rumpns_cprng_strong_kqfilter
                0x000000000006c590                rumpns_cprng_strong_poll
 *fill*         0x000000000006c60c        0x4 90909090
 .text          0x000000000006c610      0xa75 librump_pic.a(nist_ctr_drbg.pico)
                0x000000000006cbc0                rumpns_nist_ctr_drbg_instantiate
                0x000000000006ccb0                rumpns_nist_ctr_drbg_reseed
                0x000000000006cd20                rumpns_nist_ctr_drbg_generate
                0x000000000006cee0                rumpns_nist_ctr_initialize
                0x000000000006d000                rumpns_nist_ctr_drbg_destroy
 *fill*         0x000000000006d085        0xb 90909090
 .text          0x000000000006d090       0xea librump_pic.a(rijndael.pico)
                0x000000000006d090                rumpns_rijndael_set_key
                0x000000000006d100                rumpns_rijndael_decrypt
                0x000000000006d140                rumpns_rijndael_encrypt
 *fill*         0x000000000006d17a        0x6 90909090
 .text          0x000000000006d180      0xff0 librump_pic.a(rijndael-alg-fst.pico)
                0x000000000006d180                rumpns_rijndaelKeySetupEnc
                0x000000000006d560                rumpns_rijndaelKeySetupDec
                0x000000000006d7b0                rumpns_rijndaelEncrypt
                0x000000000006dc90                rumpns_rijndaelDecrypt
 .text          0x000000000006e170      0x5f2 librump_pic.a(subr_copy.pico)
                0x000000000006e170                rumpns_uio_setup_sysspace
                0x000000000006e190                rumpns_ureadc
                0x000000000006e250                rumpns_copyin_vmspace
                0x000000000006e330                rumpns_copyout_vmspace
                0x000000000006e410                rumpns_uiomove
                0x000000000006e5a0                rumpns_uiomove_frombuf
                0x000000000006e5f0                rumpns_copyin_proc
                0x000000000006e660                rumpns_copyout_proc
                0x000000000006e6d0                rumpns_ioctl_copyin
                0x000000000006e720                rumpns_ioctl_copyout
 *fill*         0x000000000006e762        0xe 90909090
 .text          0x000000000006e770     0x1f57 librump_pic.a(subr_devsw.pico)
                0x000000000006e850                rumpns_devsw_init
                0x000000000006e910                rumpns_devsw_attach
                0x000000000006eff0                rumpns_devsw_detach
                0x000000000006f040                rumpns_bdevsw_lookup
                0x000000000006f080                rumpns_cdevsw_lookup
                0x000000000006f0c0                rumpns_bdevsw_lookup_major
                0x000000000006f110                rumpns_cdevsw_lookup_major
                0x000000000006f160                rumpns_devsw_blk2name
                0x000000000006f250                rumpns_cdevsw_getname
                0x000000000006f2d0                rumpns_bdevsw_getname
                0x000000000006f350                rumpns_devsw_name2blk
                0x000000000006f490                rumpns_devsw_name2chr
                0x000000000006f5d0                rumpns_devsw_chr2blk
                0x000000000006f700                rumpns_devsw_blk2chr
                0x000000000006f830                rumpns_bdev_open
                0x000000000006f920                rumpns_bdev_close
                0x000000000006f9f0                rumpns_bdev_strategy
                0x000000000006faa0                rumpns_bdev_ioctl
                0x000000000006fb80                rumpns_bdev_dump
                0x000000000006fc10                rumpns_bdev_type
                0x000000000006fc50                rumpns_bdev_size
                0x000000000006fd20                rumpns_bdev_discard
                0x000000000006fe20                rumpns_cdev_open
                0x000000000006ff10                rumpns_cdev_close
                0x000000000006ffe0                rumpns_cdev_read
                0x00000000000700a0                rumpns_cdev_write
                0x0000000000070160                rumpns_cdev_ioctl
                0x0000000000070240                rumpns_cdev_stop
                0x00000000000702e0                rumpns_cdev_tty
                0x0000000000070340                rumpns_cdev_poll
                0x0000000000070400                rumpns_cdev_mmap
                0x00000000000704e0                rumpns_cdev_kqfilter
                0x0000000000070590                rumpns_cdev_discard
                0x0000000000070690                rumpns_cdev_type
 *fill*         0x00000000000706c7        0x1 90909090
 .text          0x00000000000706c8        0x0 librump_pic.a(devsw.pico)
 *fill*         0x00000000000706c8        0x8 90909090
 .text          0x00000000000706d0      0x678 librump_pic.a(kern_uidinfo.pico)
                0x00000000000706d0                rumpns_uid_find
                0x00000000000707c0                rumpns_uid_init
                0x0000000000070bb0                rumpns_chgproccnt
                0x0000000000070c30                rumpns_chglwpcnt
                0x0000000000070cb0                rumpns_chgsbsize
 *fill*         0x0000000000070d48        0x8 90909090
 .text          0x0000000000070d50     0x15ed librump_pic.a(kern_timeout.pico)
                0x0000000000071310                rumpns_callout_startup
                0x00000000000713d0                rumpns_callout_init_cpu
                0x0000000000071560                rumpns_callout_init
                0x0000000000071620                rumpns_callout_destroy
                0x0000000000071750                rumpns_callout_reset
                0x0000000000071870                rumpns_callout_schedule
                0x0000000000071920                rumpns_callout_stop