Archive member included because of file (symbol)

librumpdev_rnd_pic.a(rnd_component.pico)
                              (--whole-archive)
librumpdev_rnd_pic.a(rndpseudo.pico)
                              (--whole-archive)
librumpdev_rnd_pic.a(rndpseudo_50.pico)
                              (--whole-archive)

Discarded input sections

 .group         0x0000000000000000        0x8 /usr/local/genode-gcc/bin/../lib/gcc/x86_64-elf/4.7.4/32/crtbegin.o
 .group         0x0000000000000000        0x8 librumpdev_rnd_pic.a(rnd_component.pico)
 .text.__x86.get_pc_thunk.bx
                0x0000000000000000        0x4 librumpdev_rnd_pic.a(rnd_component.pico)
 .group         0x0000000000000000        0x8 librumpdev_rnd_pic.a(rndpseudo.pico)
 .text.__x86.get_pc_thunk.bx
                0x0000000000000000        0x4 librumpdev_rnd_pic.a(rndpseudo.pico)
 .group         0x0000000000000000        0x8 librumpdev_rnd_pic.a(rndpseudo_50.pico)
 .text.__x86.get_pc_thunk.bx
                0x0000000000000000        0x4 librumpdev_rnd_pic.a(rndpseudo_50.pico)
 .group         0x0000000000000000        0x8 /usr/local/genode-gcc/bin/../lib/gcc/x86_64-elf/4.7.4/32/crtend.o
 .text.__x86.get_pc_thunk.bx
                0x0000000000000000        0x4 /usr/local/genode-gcc/bin/../lib/gcc/x86_64-elf/4.7.4/32/crtend.o

Memory Configuration

Name             Origin             Length             Attributes
*default*        0x0000000000000000 0xffffffffffffffff

Linker script and memory map

LOAD /usr/local/genode-gcc/bin/../lib/gcc/x86_64-elf/4.7.4/32/crtbegin.o
LOAD librumpdev_rnd_pic.a
LOAD /usr/local/genode-gcc/bin/../lib/gcc/x86_64-elf/4.7.4/../../../../x86_64-elf/lib/32/libgcc_s.so
LOAD /usr/local/genode-gcc/bin/../lib/gcc/x86_64-elf/4.7.4/../../../../x86_64-elf/lib/32/libgcc_s.so
LOAD /usr/local/genode-gcc/bin/../lib/gcc/x86_64-elf/4.7.4/32/crtend.o
                0x00000000000000b4                . = (0x0 + SIZEOF_HEADERS)

.note.gnu.build-id
 *(.note.gnu.build-id)

.hash           0x00000000000000b4      0x198
 *(.hash)
 .hash          0x00000000000000b4      0x198 /usr/local/genode-gcc/bin/../lib/gcc/x86_64-elf/4.7.4/32/crtbegin.o

.gnu.hash
 *(.gnu.hash)

.dynsym         0x000000000000024c      0x3f0
 *(.dynsym)
 .dynsym        0x000000000000024c      0x3f0 /usr/local/genode-gcc/bin/../lib/gcc/x86_64-elf/4.7.4/32/crtbegin.o

.dynstr         0x000000000000063c      0x522
 *(.dynstr)
 .dynstr        0x000000000000063c      0x522 /usr/local/genode-gcc/bin/../lib/gcc/x86_64-elf/4.7.4/32/crtbegin.o

.gnu.version    0x0000000000000b5e        0x0
 *(.gnu.version)
 .gnu.version   0x0000000000000000        0x0 /usr/local/genode-gcc/bin/../lib/gcc/x86_64-elf/4.7.4/32/crtbegin.o

.gnu.version_d  0x0000000000000b60        0x0
 *(.gnu.version_d)
 .gnu.version_d
                0x0000000000000000        0x0 /usr/local/genode-gcc/bin/../lib/gcc/x86_64-elf/4.7.4/32/crtbegin.o

.gnu.version_r  0x0000000000000b60        0x0
 *(.gnu.version_r)
 .gnu.version_r
                0x0000000000000000        0x0 /usr/local/genode-gcc/bin/../lib/gcc/x86_64-elf/4.7.4/32/crtbegin.o

.rel.dyn        0x0000000000000b60      0x138
 *(.rel.init)
 *(.rel.text .rel.text.* .rel.gnu.linkonce.t.*)
 .rel.text      0x0000000000000000        0x0 /usr/local/genode-gcc/bin/../lib/gcc/x86_64-elf/4.7.4/32/crtbegin.o
 *(.rel.fini)
 *(.rel.rodata .rel.rodata.* .rel.gnu.linkonce.r.*)
 *(.rel.data.rel.ro* .rel.gnu.linkonce.d.rel.ro.*)
 .rel.data.rel.ro
                0x0000000000000b60       0x98 /usr/local/genode-gcc/bin/../lib/gcc/x86_64-elf/4.7.4/32/crtbegin.o
 *(.rel.data .rel.data.* .rel.gnu.linkonce.d.*)
 .rel.data.rel.local
                0x0000000000000bf8       0x28 /usr/local/genode-gcc/bin/../lib/gcc/x86_64-elf/4.7.4/32/crtbegin.o
 *(.rel.tdata .rel.tdata.* .rel.gnu.linkonce.td.*)
 *(.rel.tbss .rel.tbss.* .rel.gnu.linkonce.tb.*)
 *(.rel.ctors)
 *(.rel.dtors)
 *(.rel.got)
 .rel.got       0x0000000000000c20       0x60 /usr/local/genode-gcc/bin/../lib/gcc/x86_64-elf/4.7.4/32/crtbegin.o
 *(.rel.bss .rel.bss.* .rel.gnu.linkonce.b.*)
 *(.rel.ifunc)
 .rel.ifunc     0x0000000000000000        0x0 /usr/local/genode-gcc/bin/../lib/gcc/x86_64-elf/4.7.4/32/crtbegin.o
 .rellink_set_rump_components
                0x0000000000000c80        0x8 /usr/local/genode-gcc/bin/../lib/gcc/x86_64-elf/4.7.4/32/crtbegin.o
 .rellink_set_evcnts
                0x0000000000000c88       0x10 /usr/local/genode-gcc/bin/../lib/gcc/x86_64-elf/4.7.4/32/crtbegin.o

.rel.plt        0x0000000000000c98      0x148
 *(.rel.plt)
 .rel.plt       0x0000000000000c98      0x148 /usr/local/genode-gcc/bin/../lib/gcc/x86_64-elf/4.7.4/32/crtbegin.o
 *(.rel.iplt)

.init           0x0000000000000de0        0xa
 *(.init)
 .init          0x0000000000000de0        0x5 /usr/local/genode-gcc/bin/../lib/gcc/x86_64-elf/4.7.4/32/crtbegin.o
 .init          0x0000000000000de5        0x5 /usr/local/genode-gcc/bin/../lib/gcc/x86_64-elf/4.7.4/32/crtend.o

.plt            0x0000000000000df0      0x2a0
 *(.plt)
 .plt           0x0000000000000df0      0x2a0 /usr/local/genode-gcc/bin/../lib/gcc/x86_64-elf/4.7.4/32/crtbegin.o
 *(.iplt)

.text           0x0000000000001090     0x18f8
 *(.text.unlikely .text.*_unlikely)
 *(.text.exit .text.exit.*)
 *(.text.startup .text.startup.*)
 *(.text.hot .text.hot.*)
 *(.text .stub .text.* .gnu.linkonce.t.*)
 .text          0x0000000000001090      0x13b /usr/local/genode-gcc/bin/../lib/gcc/x86_64-elf/4.7.4/32/crtbegin.o
 .text.__x86.get_pc_thunk.bx
                0x00000000000011cb        0x4 /usr/local/genode-gcc/bin/../lib/gcc/x86_64-elf/4.7.4/32/crtbegin.o
                0x00000000000011cb                __x86.get_pc_thunk.bx
 *fill*         0x00000000000011cf        0x1 90909090
 .text          0x00000000000011d0      0x113 librumpdev_rnd_pic.a(rnd_component.pico)
 *fill*         0x00000000000012e3        0xd 90909090
 .text          0x00000000000012f0     0x138b librumpdev_rnd_pic.a(rndpseudo.pico)
                0x0000000000001700                rumpns_rndopen
                0x00000000000024e0                rumpns_rndattach
 *fill*         0x000000000000267b        0x5 90909090
 .text          0x0000000000002680      0x2c8 librumpdev_rnd_pic.a(rndpseudo_50.pico)
                0x0000000000002680                rumpns_compat_50_rnd_ioctl
 *fill*         0x0000000000002948        0x8 90909090
 .text          0x0000000000002950       0x38 /usr/local/genode-gcc/bin/../lib/gcc/x86_64-elf/4.7.4/32/crtend.o
 *(.gnu.warning)

.fini           0x0000000000002988        0x5
 *(.fini)
 .fini          0x0000000000002988        0x5 /usr/local/genode-gcc/bin/../lib/gcc/x86_64-elf/4.7.4/32/crtbegin.o
                0x000000000000298d                PROVIDE (__etext, .)
                0x000000000000298d                PROVIDE (_etext, .)
                0x000000000000298d                PROVIDE (etext, .)

.rodata         0x0000000000002990      0x200
 *(.rodata .rodata.* .gnu.linkonce.r.*)
 .rodata.str1.1
                0x0000000000002990       0x4d librumpdev_rnd_pic.a(rnd_component.pico)
                                         0x54 (size before relaxing)
 *fill*         0x00000000000029dd        0x3 00
 .rodata.str1.4
                0x00000000000029e0       0x1f librumpdev_rnd_pic.a(rnd_component.pico)
 .rodata.str1.1
                0x00000000000029ff       0xa4 librumpdev_rnd_pic.a(rndpseudo.pico)
 *fill*         0x0000000000002aa3        0x1 00
 .rodata.str1.4
                0x0000000000002aa4       0xec librumpdev_rnd_pic.a(rndpseudo.pico)
                                         0xea (size before relaxing)

.rodata1
 *(.rodata1)

.eh_frame_hdr   0x0000000000002b90       0x84
 *(.eh_frame_hdr)
 .eh_frame_hdr  0x0000000000002b90       0x84 /usr/local/genode-gcc/bin/../lib/gcc/x86_64-elf/4.7.4/32/crtbegin.o

.eh_frame       0x0000000000002c14      0x2f8
 *(.eh_frame)
 .eh_frame      0x0000000000002c14       0x3c /usr/local/genode-gcc/bin/../lib/gcc/x86_64-elf/4.7.4/32/crtbegin.o
                                         0x40 (size before relaxing)
 .eh_frame      0x0000000000002c50       0x30 librumpdev_rnd_pic.a(rnd_component.pico)
                                         0x5c (size before relaxing)
 .eh_frame      0x0000000000002c80      0x25c librumpdev_rnd_pic.a(rndpseudo.pico)
                                        0x288 (size before relaxing)
 .eh_frame      0x0000000000002edc       0x2c librumpdev_rnd_pic.a(rndpseudo_50.pico)
                                         0x58 (size before relaxing)
 .eh_frame      0x0000000000002f08        0x4 /usr/local/genode-gcc/bin/../lib/gcc/x86_64-elf/4.7.4/32/crtend.o

.gcc_except_table
 *(.gcc_except_table .gcc_except_table.*)

.exception_ranges
 *(.exception_ranges .exception_ranges*)
                0x0000000000002f0c                . = (ALIGN (0x1000) - ((0x1000 - .) & 0xfff))
                0x0000000000003000                . = DATA_SEGMENT_ALIGN (0x1000, 0x1000)

.eh_frame
 *(.eh_frame)

.gcc_except_table
 *(.gcc_except_table .gcc_except_table.*)

.exception_ranges
 *(.exception_ranges .exception_ranges*)

.tdata
 *(.tdata .tdata.* .gnu.linkonce.td.*)

.tbss
 *(.tbss .tbss.* .gnu.linkonce.tb.*)
 *(.tcommon)

.preinit_array
 *(.preinit_array)

.init_array
 *(SORT(.init_array.*))
 *(.init_array)

.fini_array
 *(SORT(.fini_array.*))
 *(.fini_array)

.ctors          0x0000000000003000        0x8
 *crtbegin.o(.ctors)
 .ctors         0x0000000000003000        0x4 /usr/local/genode-gcc/bin/../lib/gcc/x86_64-elf/4.7.4/32/crtbegin.o
 *crtbegin?.o(.ctors)
 *(EXCLUDE_FILE(*crtend?.o *crtend.o) .ctors)
 *(SORT(.ctors.*))
 *(.ctors)
 .ctors         0x0000000000003004        0x4 /usr/local/genode-gcc/bin/../lib/gcc/x86_64-elf/4.7.4/32/crtend.o

.dtors          0x0000000000003008        0x8
 *crtbegin.o(.dtors)
 .dtors         0x0000000000003008        0x4 /usr/local/genode-gcc/bin/../lib/gcc/x86_64-elf/4.7.4/32/crtbegin.o
 *crtbegin?.o(.dtors)
 *(EXCLUDE_FILE(*crtend?.o *crtend.o) .dtors)
 *(SORT(.dtors.*))
 *(.dtors)
 .dtors         0x000000000000300c        0x4 /usr/local/genode-gcc/bin/../lib/gcc/x86_64-elf/4.7.4/32/crtend.o
                0x000000000000300c                __DTOR_END__

.jcr            0x0000000000003010        0x4
 *(.jcr)
 .jcr           0x0000000000003010        0x0 /usr/local/genode-gcc/bin/../lib/gcc/x86_64-elf/4.7.4/32/crtbegin.o
 .jcr           0x0000000000003010        0x4 /usr/local/genode-gcc/bin/../lib/gcc/x86_64-elf/4.7.4/32/crtend.o

.data.rel.ro    0x0000000000003020       0x70
 *(.data.rel.ro.local* .gnu.linkonce.d.rel.ro.local.*)
 *(.data.rel.ro* .gnu.linkonce.d.rel.ro.*)
 .data.rel.ro   0x0000000000003020       0x70 librumpdev_rnd_pic.a(rndpseudo.pico)
                0x0000000000003020                rumpns_rnd_fileops
                0x0000000000003060                rumpns_rnd_cdevsw

.dynamic        0x0000000000003090       0xa0
 *(.dynamic)
 .dynamic       0x0000000000003090       0xa0 /usr/local/genode-gcc/bin/../lib/gcc/x86_64-elf/4.7.4/32/crtbegin.o
                0x0000000000003090                _DYNAMIC

.got            0x0000000000003130       0x30
 *(.got)
 .got           0x0000000000003130       0x30 /usr/local/genode-gcc/bin/../lib/gcc/x86_64-elf/4.7.4/32/crtbegin.o
 *(.igot)
                0x0000000000003160                . = DATA_SEGMENT_RELRO_END (., 0xc)

.got.plt        0x0000000000003160       0xb0
 *(.got.plt)
 .got.plt       0x0000000000003160       0xb0 /usr/local/genode-gcc/bin/../lib/gcc/x86_64-elf/4.7.4/32/crtbegin.o
                0x0000000000003160                _GLOBAL_OFFSET_TABLE_
 *(.igot.plt)

.data           0x0000000000003220       0x60
 *(.data .data.* .gnu.linkonce.d.*)
 .data          0x0000000000003220        0x4 /usr/local/genode-gcc/bin/../lib/gcc/x86_64-elf/4.7.4/32/crtbegin.o
                0x0000000000003220                __dso_handle
 .data          0x0000000000003224        0x0 librumpdev_rnd_pic.a(rnd_component.pico)
 .data.rel.local
                0x0000000000003224       0x10 librumpdev_rnd_pic.a(rnd_component.pico)
 .data          0x0000000000003234        0x0 librumpdev_rnd_pic.a(rndpseudo.pico)
 *fill*         0x0000000000003234        0xc 00
 .data.rel.local
                0x0000000000003240       0x40 librumpdev_rnd_pic.a(rndpseudo.pico)
 .data          0x0000000000003280        0x0 librumpdev_rnd_pic.a(rndpseudo_50.pico)
 .data          0x0000000000003280        0x0 /usr/local/genode-gcc/bin/../lib/gcc/x86_64-elf/4.7.4/32/crtend.o

.tm_clone_table
                0x0000000000003280        0x0
 .tm_clone_table
                0x0000000000003280        0x0 /usr/local/genode-gcc/bin/../lib/gcc/x86_64-elf/4.7.4/32/crtbegin.o
 .tm_clone_table
                0x0000000000003280        0x0 /usr/local/genode-gcc/bin/../lib/gcc/x86_64-elf/4.7.4/32/crtend.o

link_set_rump_components
                0x0000000000003280        0x4
                0x0000000000003280                . = ALIGN (0x4)
                0x0000000000003280                PROVIDE (__start_link_set_rump_components, ABSOLUTE (.))
 link_set_rump_components
                0x0000000000003280        0x4 librumpdev_rnd_pic.a(rnd_component.pico)
                0x0000000000003284                PROVIDE (__stop_link_set_rump_components, .)

link_set_evcnts
                0x0000000000003284        0x8
                0x0000000000003284                . = ALIGN (0x4)
                0x0000000000003284                PROVIDE (__start_link_set_evcnts, ABSOLUTE (.))
 link_set_evcnts
                0x0000000000003284        0x8 librumpdev_rnd_pic.a(rndpseudo.pico)
                0x000000000000328c                PROVIDE (__stop_link_set_evcnts, .)

.data1
 *(.data1)
                0x000000000000328c                _edata = .
                0x000000000000328c                PROVIDE (edata, .)
                0x000000000000328c                __bss_start = .

.bss            0x000000000000328c       0x14
 *(.dynbss)
 .dynbss        0x0000000000000000        0x0 /usr/local/genode-gcc/bin/../lib/gcc/x86_64-elf/4.7.4/32/crtbegin.o
 *(.bss .bss.* .gnu.linkonce.b.*)
 .bss           0x000000000000328c        0x8 /usr/local/genode-gcc/bin/../lib/gcc/x86_64-elf/4.7.4/32/crtbegin.o
 .bss           0x0000000000003294        0x0 librumpdev_rnd_pic.a(rnd_component.pico)
 .bss           0x0000000000003294        0xc librumpdev_rnd_pic.a(rndpseudo.pico)
 .bss           0x00000000000032a0        0x0 librumpdev_rnd_pic.a(rndpseudo_50.pico)
 .bss           0x00000000000032a0        0x0 /usr/local/genode-gcc/bin/../lib/gcc/x86_64-elf/4.7.4/32/crtend.o
 *(COMMON)
                0x00000000000032a0                . = ALIGN ((. != 0x0)?0x4:0x1)
                0x00000000000032a0                . = ALIGN (0x4)
                0x00000000000032a0                . = ALIGN (0x4)
                0x00000000000032a0                _end = .
                0x00000000000032a0                PROVIDE (end, .)
                0x00000000000032a0                . = DATA_SEGMENT_END (.)

.stab
 *(.stab)

.stabstr
 *(.stabstr)

.stab.excl
 *(.stab.excl)

.stab.exclstr
 *(.stab.exclstr)

.stab.index
 *(.stab.index)

.stab.indexstr
 *(.stab.indexstr)

.comment        0x0000000000000000       0x11
 *(.comment)
 .comment       0x0000000000000000       0x11 /usr/local/genode-gcc/bin/../lib/gcc/x86_64-elf/4.7.4/32/crtbegin.o
                                         0x12 (size before relaxing)
 .comment       0x0000000000000000       0x12 librumpdev_rnd_pic.a(rnd_component.pico)
 .comment       0x0000000000000000       0x12 librumpdev_rnd_pic.a(rndpseudo.pico)
 .comment       0x0000000000000000       0x12 librumpdev_rnd_pic.a(rndpseudo_50.pico)
 .comment       0x0000000000000000       0x12 /usr/local/genode-gcc/bin/../lib/gcc/x86_64-elf/4.7.4/32/crtend.o

.ident          0x0000000000000000       0xbb
 .ident         0x0000000000000000       0x3f librumpdev_rnd_pic.a(rnd_component.pico)
 .ident         0x000000000000003f       0x3f librumpdev_rnd_pic.a(rndpseudo.pico)
 .ident         0x000000000000007e       0x3d librumpdev_rnd_pic.a(rndpseudo_50.pico)

.debug
 *(.debug)

.line
 *(.line)

.debug_srcinfo
 *(.debug_srcinfo)

.debug_sfnames
 *(.debug_sfnames)

.debug_aranges  0x0000000000000000       0x60
 *(.debug_aranges)
 .debug_aranges
                0x0000000000000000       0x20 librumpdev_rnd_pic.a(rnd_component.pico)
 .debug_aranges
                0x0000000000000020       0x20 librumpdev_rnd_pic.a(rndpseudo.pico)
 .debug_aranges
                0x0000000000000040       0x20 librumpdev_rnd_pic.a(rndpseudo_50.pico)

.debug_pubnames
 *(.debug_pubnames)

.debug_info     0x0000000000000000     0xf288
 *(.debug_info .gnu.linkonce.wi.*)
 .debug_info    0x0000000000000000     0x681c librumpdev_rnd_pic.a(rnd_component.pico)
 .debug_info    0x000000000000681c     0x8084 librumpdev_rnd_pic.a(rndpseudo.pico)
 .debug_info    0x000000000000e8a0      0x9e8 librumpdev_rnd_pic.a(rndpseudo_50.pico)

.debug_abbrev   0x0000000000000000      0xa85
 *(.debug_abbrev)
 .debug_abbrev  0x0000000000000000      0x2ca librumpdev_rnd_pic.a(rnd_component.pico)
 .debug_abbrev  0x00000000000002ca      0x578 librumpdev_rnd_pic.a(rndpseudo.pico)
 .debug_abbrev  0x0000000000000842      0x243 librumpdev_rnd_pic.a(rndpseudo_50.pico)

.debug_line     0x0000000000000000     0x154d
 *(.debug_line)
 .debug_line    0x0000000000000000      0x7cf librumpdev_rnd_pic.a(rnd_component.pico)
 .debug_line    0x00000000000007cf      0x9fc librumpdev_rnd_pic.a(rndpseudo.pico)
 .debug_line    0x00000000000011cb      0x382 librumpdev_rnd_pic.a(rndpseudo_50.pico)

.debug_frame
 *(.debug_frame)

.debug_str      0x0000000000000000     0x4a16
 *(.debug_str)
 .debug_str     0x0000000000000000     0x3826 librumpdev_rnd_pic.a(rnd_component.pico)
                                       0x3b99 (size before relaxing)
 .debug_str     0x0000000000003826     0x10bb librumpdev_rnd_pic.a(rndpseudo.pico)
                                       0x3fae (size before relaxing)
 .debug_str     0x00000000000048e1      0x135 librumpdev_rnd_pic.a(rndpseudo_50.pico)
                                        0x519 (size before relaxing)

.debug_loc      0x0000000000000000     0x1152
 *(.debug_loc)
 .debug_loc     0x0000000000000000       0xd8 librumpdev_rnd_pic.a(rnd_component.pico)
 .debug_loc     0x00000000000000d8      0xedd librumpdev_rnd_pic.a(rndpseudo.pico)
 .debug_loc     0x0000000000000fb5      0x19d librumpdev_rnd_pic.a(rndpseudo_50.pico)

.debug_macinfo
 *(.debug_macinfo)

.debug_weaknames
 *(.debug_weaknames)

.debug_funcnames
 *(.debug_funcnames)

.debug_typenames
 *(.debug_typenames)

.debug_varnames
 *(.debug_varnames)

.debug_pubtypes
 *(.debug_pubtypes)

.debug_ranges   0x0000000000000000      0x158
 *(.debug_ranges)
 .debug_ranges  0x0000000000000000      0x100 librumpdev_rnd_pic.a(rndpseudo.pico)
 .debug_ranges  0x0000000000000100       0x58 librumpdev_rnd_pic.a(rndpseudo_50.pico)

.gnu.attributes
 *(.gnu.attributes)

/DISCARD/
 *(.note.GNU-stack)
 *(.gnu_debuglink)
 *(.gnu.lto_*)
OUTPUT(librumpdev_rnd.so.0.0 elf32-i386)
