Archive member included because of file (symbol)

librumpdev_wscons_pic.a(wscons_component.pico)
                              (--whole-archive)
librumpdev_wscons_pic.a(wsmouse.pico)
                              (--whole-archive)
librumpdev_wscons_pic.a(wskbd.pico)
                              (--whole-archive)
librumpdev_wscons_pic.a(wsevent.pico)
                              (--whole-archive)
librumpdev_wscons_pic.a(wskbdutil.pico)
                              (--whole-archive)

Discarded input sections

 .group         0x0000000000000000        0x8 /usr/local/genode-gcc/bin/../lib/gcc/x86_64-elf/4.7.4/32/crtbegin.o
 .group         0x0000000000000000        0x8 librumpdev_wscons_pic.a(wscons_component.pico)
 .text.__x86.get_pc_thunk.bx
                0x0000000000000000        0x4 librumpdev_wscons_pic.a(wscons_component.pico)
 .group         0x0000000000000000        0x8 librumpdev_wscons_pic.a(wsmouse.pico)
 .text.__x86.get_pc_thunk.bx
                0x0000000000000000        0x4 librumpdev_wscons_pic.a(wsmouse.pico)
 .group         0x0000000000000000        0x8 librumpdev_wscons_pic.a(wskbd.pico)
 .text.__x86.get_pc_thunk.bx
                0x0000000000000000        0x4 librumpdev_wscons_pic.a(wskbd.pico)
 .group         0x0000000000000000        0x8 librumpdev_wscons_pic.a(wsevent.pico)
 .text.__x86.get_pc_thunk.bx
                0x0000000000000000        0x4 librumpdev_wscons_pic.a(wsevent.pico)
 .group         0x0000000000000000        0x8 librumpdev_wscons_pic.a(wskbdutil.pico)
 .text.__x86.get_pc_thunk.bx
                0x0000000000000000        0x4 librumpdev_wscons_pic.a(wskbdutil.pico)
 .group         0x0000000000000000        0x8 /usr/local/genode-gcc/bin/../lib/gcc/x86_64-elf/4.7.4/32/crtend.o
 .text.__x86.get_pc_thunk.bx
                0x0000000000000000        0x4 /usr/local/genode-gcc/bin/../lib/gcc/x86_64-elf/4.7.4/32/crtend.o

Memory Configuration

Name             Origin             Length             Attributes
*default*        0x0000000000000000 0xffffffffffffffff

Linker script and memory map

LOAD /usr/local/genode-gcc/bin/../lib/gcc/x86_64-elf/4.7.4/32/crtbegin.o
LOAD librumpdev_wscons_pic.a
LOAD /usr/local/genode-gcc/bin/../lib/gcc/x86_64-elf/4.7.4/../../../../x86_64-elf/lib/32/libgcc_s.so
LOAD /usr/local/genode-gcc/bin/../lib/gcc/x86_64-elf/4.7.4/../../../../x86_64-elf/lib/32/libgcc_s.so
LOAD /usr/local/genode-gcc/bin/../lib/gcc/x86_64-elf/4.7.4/32/crtend.o
                0x00000000000000b4                . = (0x0 + SIZEOF_HEADERS)

.note.gnu.build-id
 *(.note.gnu.build-id)

.hash           0x00000000000000b4      0x33c
 *(.hash)
 .hash          0x00000000000000b4      0x33c /usr/local/genode-gcc/bin/../lib/gcc/x86_64-elf/4.7.4/32/crtbegin.o

.gnu.hash
 *(.gnu.hash)

.dynsym         0x00000000000003f0      0x6c0
 *(.dynsym)
 .dynsym        0x00000000000003f0      0x6c0 /usr/local/genode-gcc/bin/../lib/gcc/x86_64-elf/4.7.4/32/crtbegin.o

.dynstr         0x0000000000000ab0      0x8ad
 *(.dynstr)
 .dynstr        0x0000000000000ab0      0x8ad /usr/local/genode-gcc/bin/../lib/gcc/x86_64-elf/4.7.4/32/crtbegin.o

.gnu.version    0x000000000000135e        0x0
 *(.gnu.version)
 .gnu.version   0x0000000000000000        0x0 /usr/local/genode-gcc/bin/../lib/gcc/x86_64-elf/4.7.4/32/crtbegin.o

.gnu.version_d  0x0000000000001360        0x0
 *(.gnu.version_d)
 .gnu.version_d
                0x0000000000000000        0x0 /usr/local/genode-gcc/bin/../lib/gcc/x86_64-elf/4.7.4/32/crtbegin.o

.gnu.version_r  0x0000000000001360        0x0
 *(.gnu.version_r)
 .gnu.version_r
                0x0000000000000000        0x0 /usr/local/genode-gcc/bin/../lib/gcc/x86_64-elf/4.7.4/32/crtbegin.o

.rel.dyn        0x0000000000001360      0x220
 *(.rel.init)
 *(.rel.text .rel.text.* .rel.gnu.linkonce.t.*)
 .rel.text      0x0000000000000000        0x0 /usr/local/genode-gcc/bin/../lib/gcc/x86_64-elf/4.7.4/32/crtbegin.o
 *(.rel.fini)
 *(.rel.rodata .rel.rodata.* .rel.gnu.linkonce.r.*)
 *(.rel.data.rel.ro* .rel.gnu.linkonce.d.rel.ro.*)
 .rel.data.rel.ro
                0x0000000000001360       0xc0 /usr/local/genode-gcc/bin/../lib/gcc/x86_64-elf/4.7.4/32/crtbegin.o
 .rel.data.rel.ro.local
                0x0000000000001420       0x50 /usr/local/genode-gcc/bin/../lib/gcc/x86_64-elf/4.7.4/32/crtbegin.o
 *(.rel.data .rel.data.* .rel.gnu.linkonce.d.*)
 .rel.data.rel.local
                0x0000000000001470       0xa8 /usr/local/genode-gcc/bin/../lib/gcc/x86_64-elf/4.7.4/32/crtbegin.o
 *(.rel.tdata .rel.tdata.* .rel.gnu.linkonce.td.*)
 *(.rel.tbss .rel.tbss.* .rel.gnu.linkonce.tb.*)
 *(.rel.ctors)
 *(.rel.dtors)
 *(.rel.got)
 .rel.got       0x0000000000001518       0x60 /usr/local/genode-gcc/bin/../lib/gcc/x86_64-elf/4.7.4/32/crtbegin.o
 *(.rel.bss .rel.bss.* .rel.gnu.linkonce.b.*)
 *(.rel.ifunc)
 .rel.ifunc     0x0000000000000000        0x0 /usr/local/genode-gcc/bin/../lib/gcc/x86_64-elf/4.7.4/32/crtbegin.o
 .rellink_set_rump_components
                0x0000000000001578        0x8 /usr/local/genode-gcc/bin/../lib/gcc/x86_64-elf/4.7.4/32/crtbegin.o

.rel.plt        0x0000000000001580      0x208
 *(.rel.plt)
 .rel.plt       0x0000000000001580      0x208 /usr/local/genode-gcc/bin/../lib/gcc/x86_64-elf/4.7.4/32/crtbegin.o
 *(.rel.iplt)

.init           0x0000000000001788        0xa
 *(.init)
 .init          0x0000000000001788        0x5 /usr/local/genode-gcc/bin/../lib/gcc/x86_64-elf/4.7.4/32/crtbegin.o
 .init          0x000000000000178d        0x5 /usr/local/genode-gcc/bin/../lib/gcc/x86_64-elf/4.7.4/32/crtend.o

.plt            0x00000000000017a0      0x420
 *(.plt)
 .plt           0x00000000000017a0      0x420 /usr/local/genode-gcc/bin/../lib/gcc/x86_64-elf/4.7.4/32/crtbegin.o
 *(.iplt)

.text           0x0000000000001bc0     0x4308
 *(.text.unlikely .text.*_unlikely)
 *(.text.exit .text.exit.*)
 *(.text.startup .text.startup.*)
 *(.text.hot .text.hot.*)
 *(.text .stub .text.* .gnu.linkonce.t.*)
 .text          0x0000000000001bc0      0x13b /usr/local/genode-gcc/bin/../lib/gcc/x86_64-elf/4.7.4/32/crtbegin.o
 .text.__x86.get_pc_thunk.bx
                0x0000000000001cfb        0x4 /usr/local/genode-gcc/bin/../lib/gcc/x86_64-elf/4.7.4/32/crtbegin.o
                0x0000000000001cfb                __x86.get_pc_thunk.bx
 *fill*         0x0000000000001cff        0x1 90909090
 .text          0x0000000000001d00      0x1a2 librumpdev_wscons_pic.a(wscons_component.pico)
 *fill*         0x0000000000001ea2        0xe 90909090
 .text          0x0000000000001eb0      0xff3 librumpdev_wscons_pic.a(wsmouse.pico)
                0x0000000000002170                rumpns_wsmousekqfilter
                0x00000000000021d0                rumpns_wsmousepoll
                0x0000000000002230                rumpns_wsmouseioctl
                0x0000000000002510                rumpns_wsmouseread
                0x00000000000025d0                rumpns_wsmouseclose
                0x0000000000002640                rumpns_wsmouseopen
                0x0000000000002990                rumpns_wsmousedevprint
                0x00000000000029d0                rumpns_wsmouse_input
 *fill*         0x0000000000002ea3        0xd 90909090
 .text          0x0000000000002eb0     0x1ea4 librumpdev_wscons_pic.a(wskbd.pico)
                0x0000000000003470                rumpns_wskbdkqfilter
                0x00000000000034d0                rumpns_wskbdpoll
                0x0000000000003530                rumpns_wskbdioctl
                0x0000000000003cc0                rumpns_wskbdread
                0x0000000000003d80                rumpns_wskbdclose
                0x0000000000003df0                rumpns_wskbdopen
                0x0000000000003f80                rumpns_wskbddevprint
                0x0000000000003fc0                rumpns_wskbd_cnattach
                0x0000000000004070                rumpns_wskbd_cndetach
                0x00000000000040f0                rumpns_wskbd_input
                0x0000000000004220                rumpns_wskbd_cngetc
                0x0000000000004b30                rumpns_wskbd_cnpollc
                0x0000000000004b80                rumpns_wskbd_cnbell
                0x0000000000004bd0                rumpns_wskbd_hotkey_register
                0x0000000000004ca0                rumpns_wskbd_hotkey_deregister
                0x0000000000004d20                rumpns_wskbd_set_evtrans
 *fill*         0x0000000000004d54        0xc 90909090
 .text          0x0000000000004d60      0x7fb librumpdev_wscons_pic.a(wsevent.pico)
                0x0000000000004fa0                rumpns_wsevent_init
                0x0000000000005050                rumpns_wsevent_fini
                0x00000000000050d0                rumpns_wsevent_read
                0x0000000000005290                rumpns_wsevent_poll
                0x0000000000005310                rumpns_wsevent_kqfilter
                0x0000000000005390                rumpns_wsevent_wakeup
                0x0000000000005410                rumpns_wsevent_inject
                0x0000000000005520                rumpns_wsevent_setversion
 *fill*         0x000000000000555b        0x5 90909090
 .text          0x0000000000005560      0x926 librumpdev_wscons_pic.a(wskbdutil.pico)
                0x00000000000056f0                rumpns_wskbd_compose_value
                0x00000000000058a0                rumpns_wskbd_get_mapentry
                0x0000000000005ab0                rumpns_wskbd_init_keymap
                0x0000000000005b50                rumpns_wskbd_load_keymap
 *fill*         0x0000000000005e86        0xa 90909090
 .text          0x0000000000005e90       0x38 /usr/local/genode-gcc/bin/../lib/gcc/x86_64-elf/4.7.4/32/crtend.o
 *(.gnu.warning)

.fini           0x0000000000005ec8        0x5
 *(.fini)
 .fini          0x0000000000005ec8        0x5 /usr/local/genode-gcc/bin/../lib/gcc/x86_64-elf/4.7.4/32/crtbegin.o
                0x0000000000005ecd                PROVIDE (__etext, .)
                0x0000000000005ecd                PROVIDE (_etext, .)
                0x0000000000005ecd                PROVIDE (etext, .)

.rodata         0x0000000000005ee0      0x85c
 *(.rodata .rodata.* .gnu.linkonce.r.*)
 .rodata.str1.1
                0x0000000000005ee0       0x41 librumpdev_wscons_pic.a(wscons_component.pico)
                                         0x4f (size before relaxing)
 *fill*         0x0000000000005f21        0x3 00
 .rodata.str1.4
                0x0000000000005f24       0xee librumpdev_wscons_pic.a(wscons_component.pico)
 .rodata.str1.1
                0x0000000000006012       0x8c librumpdev_wscons_pic.a(wsmouse.pico)
                                         0x96 (size before relaxing)
 *fill*         0x000000000000609e        0x2 00
 .rodata.str1.4
                0x00000000000060a0      0x1da librumpdev_wscons_pic.a(wsmouse.pico)
 *fill*         0x000000000000627a        0x2 00
 .rodata.str1.4
                0x000000000000627c       0xdb librumpdev_wscons_pic.a(wskbd.pico)
                                        0x133 (size before relaxing)
 .rodata.str1.1
                0x0000000000006357       0xef librumpdev_wscons_pic.a(wskbd.pico)
                                        0x128 (size before relaxing)
 *fill*         0x0000000000006446        0x2 00
 .rodata        0x0000000000006448       0x2c librumpdev_wscons_pic.a(wskbd.pico)
 .rodata.str1.1
                0x0000000000006474       0x73 librumpdev_wscons_pic.a(wsevent.pico)
                                         0x7f (size before relaxing)
 *fill*         0x00000000000064e7        0x1 00
 .rodata.str1.4
                0x00000000000064e8       0x9a librumpdev_wscons_pic.a(wsevent.pico)
                                         0xd0 (size before relaxing)
 .rodata        0x0000000000006582       0x17 librumpdev_wscons_pic.a(wsevent.pico)
 *fill*         0x0000000000006599        0x7 00
 .rodata        0x00000000000065a0      0x120 librumpdev_wscons_pic.a(wskbdutil.pico)
 .rodata.str1.4
                0x00000000000066c0       0x7c librumpdev_wscons_pic.a(wskbdutil.pico)
                                         0x79 (size before relaxing)

.rodata1
 *(.rodata1)

.eh_frame_hdr   0x000000000000673c      0x1cc
 *(.eh_frame_hdr)
 .eh_frame_hdr  0x000000000000673c      0x1cc /usr/local/genode-gcc/bin/../lib/gcc/x86_64-elf/4.7.4/32/crtbegin.o

.eh_frame       0x0000000000006908      0x9fc
 *(.eh_frame)
 .eh_frame      0x0000000000006908       0x3c /usr/local/genode-gcc/bin/../lib/gcc/x86_64-elf/4.7.4/32/crtbegin.o
                                         0x40 (size before relaxing)
 .eh_frame      0x0000000000006944       0x2c librumpdev_wscons_pic.a(wscons_component.pico)
                                         0x58 (size before relaxing)
 .eh_frame      0x0000000000006970      0x204 librumpdev_wscons_pic.a(wsmouse.pico)
                                        0x230 (size before relaxing)
 .eh_frame      0x0000000000006b74      0x3c0 librumpdev_wscons_pic.a(wskbd.pico)
                                        0x3ec (size before relaxing)
 .eh_frame      0x0000000000006f34      0x214 librumpdev_wscons_pic.a(wsevent.pico)
                                        0x240 (size before relaxing)
 .eh_frame      0x0000000000007148      0x1b8 librumpdev_wscons_pic.a(wskbdutil.pico)
                                        0x1e4 (size before relaxing)
 .eh_frame      0x0000000000007300        0x4 /usr/local/genode-gcc/bin/../lib/gcc/x86_64-elf/4.7.4/32/crtend.o

.gcc_except_table
 *(.gcc_except_table .gcc_except_table.*)

.exception_ranges
 *(.exception_ranges .exception_ranges*)
                0x0000000000007304                . = (ALIGN (0x1000) - ((0x1000 - .) & 0xfff))
                0x0000000000008304                . = DATA_SEGMENT_ALIGN (0x1000, 0x1000)

.eh_frame
 *(.eh_frame)

.gcc_except_table
 *(.gcc_except_table .gcc_except_table.*)

.exception_ranges
 *(.exception_ranges .exception_ranges*)

.tdata
 *(.tdata .tdata.* .gnu.linkonce.td.*)

.tbss
 *(.tbss .tbss.* .gnu.linkonce.tb.*)
 *(.tcommon)

.preinit_array
 *(.preinit_array)

.init_array
 *(SORT(.init_array.*))
 *(.init_array)

.fini_array
 *(SORT(.fini_array.*))
 *(.fini_array)

.ctors          0x0000000000008304        0x8
 *crtbegin.o(.ctors)
 .ctors         0x0000000000008304        0x4 /usr/local/genode-gcc/bin/../lib/gcc/x86_64-elf/4.7.4/32/crtbegin.o
 *crtbegin?.o(.ctors)
 *(EXCLUDE_FILE(*crtend?.o *crtend.o) .ctors)
 *(SORT(.ctors.*))
 *(.ctors)
 .ctors         0x0000000000008308        0x4 /usr/local/genode-gcc/bin/../lib/gcc/x86_64-elf/4.7.4/32/crtend.o

.dtors          0x000000000000830c        0x8
 *crtbegin.o(.dtors)
 .dtors         0x000000000000830c        0x4 /usr/local/genode-gcc/bin/../lib/gcc/x86_64-elf/4.7.4/32/crtbegin.o
 *crtbegin?.o(.dtors)
 *(EXCLUDE_FILE(*crtend?.o *crtend.o) .dtors)
 *(SORT(.dtors.*))
 *(.dtors)
 .dtors         0x0000000000008310        0x4 /usr/local/genode-gcc/bin/../lib/gcc/x86_64-elf/4.7.4/32/crtend.o
                0x0000000000008310                __DTOR_END__

.jcr            0x0000000000008314        0x4
 *(.jcr)
 .jcr           0x0000000000008314        0x0 /usr/local/genode-gcc/bin/../lib/gcc/x86_64-elf/4.7.4/32/crtbegin.o
 .jcr           0x0000000000008314        0x4 /usr/local/genode-gcc/bin/../lib/gcc/x86_64-elf/4.7.4/32/crtend.o

.data.rel.ro    0x0000000000008320       0xd0
 *(.data.rel.ro.local* .gnu.linkonce.d.rel.ro.local.*)
 .data.rel.ro.local
                0x0000000000008320       0x30 librumpdev_wscons_pic.a(wscons_component.pico)
 .data.rel.ro.local
                0x0000000000008350       0x10 librumpdev_wscons_pic.a(wsevent.pico)
 *(.data.rel.ro* .gnu.linkonce.d.rel.ro.*)
 .data.rel.ro   0x0000000000008360       0x1c librumpdev_wscons_pic.a(wscons_component.pico)
 *fill*         0x000000000000837c        0x4 00
 .data.rel.ro   0x0000000000008380       0x30 librumpdev_wscons_pic.a(wsmouse.pico)
                0x0000000000008380                rumpns_wsmouse_cdevsw
 *fill*         0x00000000000083b0       0x10 00
 .data.rel.ro   0x00000000000083c0       0x30 librumpdev_wscons_pic.a(wskbd.pico)
                0x00000000000083c0                rumpns_wskbd_cdevsw

.dynamic        0x00000000000083f0       0xa0
 *(.dynamic)
 .dynamic       0x00000000000083f0       0xa0 /usr/local/genode-gcc/bin/../lib/gcc/x86_64-elf/4.7.4/32/crtbegin.o
                0x00000000000083f0                _DYNAMIC

.got            0x0000000000008490       0x30
 *(.got)
 .got           0x0000000000008490       0x30 /usr/local/genode-gcc/bin/../lib/gcc/x86_64-elf/4.7.4/32/crtbegin.o
 *(.igot)
                0x00000000000084c0                . = DATA_SEGMENT_RELRO_END (., 0xc)

.got.plt        0x00000000000084c0      0x110
 *(.got.plt)
 .got.plt       0x00000000000084c0      0x110 /usr/local/genode-gcc/bin/../lib/gcc/x86_64-elf/4.7.4/32/crtbegin.o
                0x00000000000084c0                _GLOBAL_OFFSET_TABLE_
 *(.igot.plt)

.data           0x00000000000085e0      0x69c
 *(.data .data.* .gnu.linkonce.d.*)
 .data          0x00000000000085e0        0x4 /usr/local/genode-gcc/bin/../lib/gcc/x86_64-elf/4.7.4/32/crtbegin.o
                0x00000000000085e0                __dso_handle
 .data          0x00000000000085e4        0xc librumpdev_wscons_pic.a(wscons_component.pico)
 *fill*         0x00000000000085f0       0x10 00
 .data.rel.local
                0x0000000000008600       0x98 librumpdev_wscons_pic.a(wscons_component.pico)
                0x0000000000008600                rumpns_wsmouse_cd
                0x0000000000008620                rumpns_wskbd_cd
 .data          0x0000000000008698        0x0 librumpdev_wscons_pic.a(wsmouse.pico)
 *fill*         0x0000000000008698        0x8 00
 .data.rel.local
                0x00000000000086a0       0x2c librumpdev_wscons_pic.a(wsmouse.pico)
                0x00000000000086a0                rumpns_wsmouse_ca
 .data          0x00000000000086cc       0x1c librumpdev_wscons_pic.a(wskbd.pico)
                0x00000000000086cc                rumpns_wskbd_default_keyrepeat_data
                0x00000000000086d8                rumpns_wskbd_default_bell_data
 *fill*         0x00000000000086e8       0x18 00
 .data.rel.local
                0x0000000000008700       0x2c librumpdev_wscons_pic.a(wskbd.pico)
                0x0000000000008700                rumpns_wskbd_ca
 .data          0x000000000000872c        0x0 librumpdev_wscons_pic.a(wsevent.pico)
 *fill*         0x000000000000872c       0x14 00
 .data          0x0000000000008740      0x53a librumpdev_wscons_pic.a(wskbdutil.pico)
 *fill*         0x0000000000008c7a        0x2 00
 .data          0x0000000000008c7c        0x0 /usr/local/genode-gcc/bin/../lib/gcc/x86_64-elf/4.7.4/32/crtend.o

.tm_clone_table
                0x0000000000008c7c        0x0
 .tm_clone_table
                0x0000000000008c7c        0x0 /usr/local/genode-gcc/bin/../lib/gcc/x86_64-elf/4.7.4/32/crtbegin.o
 .tm_clone_table
                0x0000000000008c7c        0x0 /usr/local/genode-gcc/bin/../lib/gcc/x86_64-elf/4.7.4/32/crtend.o

link_set_rump_components
                0x0000000000008c7c        0x4
                0x0000000000008c7c                . = ALIGN (0x4)
                0x0000000000008c7c                PROVIDE (__start_link_set_rump_components, ABSOLUTE (.))
 link_set_rump_components
                0x0000000000008c7c        0x4 librumpdev_wscons_pic.a(wscons_component.pico)
                0x0000000000008c80                PROVIDE (__stop_link_set_rump_components, .)

.data1
 *(.data1)
                0x0000000000008c80                _edata = .
                0x0000000000008c80                PROVIDE (edata, .)
                0x0000000000008c80                __bss_start = .

.bss            0x0000000000008c80       0x74
 *(.dynbss)
 .dynbss        0x0000000000000000        0x0 /usr/local/genode-gcc/bin/../lib/gcc/x86_64-elf/4.7.4/32/crtbegin.o
 *(.bss .bss.* .gnu.linkonce.b.*)
 .bss           0x0000000000008c80        0x8 /usr/local/genode-gcc/bin/../lib/gcc/x86_64-elf/4.7.4/32/crtbegin.o
 .bss           0x0000000000008c88        0x0 librumpdev_wscons_pic.a(wscons_component.pico)
 .bss           0x0000000000008c88        0x0 librumpdev_wscons_pic.a(wsmouse.pico)
 *fill*         0x0000000000008c88       0x18 00
 .bss           0x0000000000008ca0       0x50 librumpdev_wscons_pic.a(wskbd.pico)
 .bss           0x0000000000008cf0        0x0 librumpdev_wscons_pic.a(wsevent.pico)
 .bss           0x0000000000008cf0        0x4 librumpdev_wscons_pic.a(wskbdutil.pico)
 .bss           0x0000000000008cf4        0x0 /usr/local/genode-gcc/bin/../lib/gcc/x86_64-elf/4.7.4/32/crtend.o
 *(COMMON)
                0x0000000000008cf4                . = ALIGN ((. != 0x0)?0x4:0x1)
                0x0000000000008cf4                . = ALIGN (0x4)
                0x0000000000008cf4                . = ALIGN (0x4)
                0x0000000000008cf4                _end = .
                0x0000000000008cf4                PROVIDE (end, .)
                0x0000000000008cf4                . = DATA_SEGMENT_END (.)

.stab
 *(.stab)

.stabstr
 *(.stabstr)

.stab.excl
 *(.stab.excl)

.stab.exclstr
 *(.stab.exclstr)

.stab.index
 *(.stab.index)

.stab.indexstr
 *(.stab.indexstr)

.comment        0x0000000000000000       0x11
 *(.comment)
 .comment       0x0000000000000000       0x11 /usr/local/genode-gcc/bin/../lib/gcc/x86_64-elf/4.7.4/32/crtbegin.o
                                         0x12 (size before relaxing)
 .comment       0x0000000000000000       0x12 librumpdev_wscons_pic.a(wscons_component.pico)
 .comment       0x0000000000000000       0x12 librumpdev_wscons_pic.a(wsmouse.pico)
 .comment       0x0000000000000000       0x12 librumpdev_wscons_pic.a(wskbd.pico)
 .comment       0x0000000000000000       0x12 librumpdev_wscons_pic.a(wsevent.pico)
 .comment       0x0000000000000000       0x12 librumpdev_wscons_pic.a(wskbdutil.pico)
 .comment       0x0000000000000000       0x12 /usr/local/genode-gcc/bin/../lib/gcc/x86_64-elf/4.7.4/32/crtend.o

.ident          0x0000000000000000       0xef
 .ident         0x0000000000000000       0x3d librumpdev_wscons_pic.a(wsmouse.pico)
 .ident         0x000000000000003d       0x3b librumpdev_wscons_pic.a(wskbd.pico)
 .ident         0x0000000000000078       0x38 librumpdev_wscons_pic.a(wsevent.pico)
 .ident         0x00000000000000b0       0x3f librumpdev_wscons_pic.a(wskbdutil.pico)

.debug
 *(.debug)

.line
 *(.line)

.debug_srcinfo
 *(.debug_srcinfo)

.debug_sfnames
 *(.debug_sfnames)

.debug_aranges  0x0000000000000000       0xa0
 *(.debug_aranges)
 .debug_aranges
                0x0000000000000000       0x20 librumpdev_wscons_pic.a(wscons_component.pico)
 .debug_aranges
                0x0000000000000020       0x20 librumpdev_wscons_pic.a(wsmouse.pico)
 .debug_aranges
                0x0000000000000040       0x20 librumpdev_wscons_pic.a(wskbd.pico)
 .debug_aranges
                0x0000000000000060       0x20 librumpdev_wscons_pic.a(wsevent.pico)
 .debug_aranges
                0x0000000000000080       0x20 librumpdev_wscons_pic.a(wskbdutil.pico)

.debug_pubnames
 *(.debug_pubnames)

.debug_info     0x0000000000000000    0x1cf79
 *(.debug_info .gnu.linkonce.wi.*)
 .debug_info    0x0000000000000000     0x6a87 librumpdev_wscons_pic.a(wscons_component.pico)
 .debug_info    0x0000000000006a87     0x74f6 librumpdev_wscons_pic.a(wsmouse.pico)
 .debug_info    0x000000000000df7d     0x8df8 librumpdev_wscons_pic.a(wskbd.pico)
 .debug_info    0x0000000000016d75     0x5b63 librumpdev_wscons_pic.a(wsevent.pico)
 .debug_info    0x000000000001c8d8      0x6a1 librumpdev_wscons_pic.a(wskbdutil.pico)

.debug_abbrev   0x0000000000000000     0x142d
 *(.debug_abbrev)
 .debug_abbrev  0x0000000000000000      0x2e8 librumpdev_wscons_pic.a(wscons_component.pico)
 .debug_abbrev  0x00000000000002e8      0x4d2 librumpdev_wscons_pic.a(wsmouse.pico)
 .debug_abbrev  0x00000000000007ba      0x504 librumpdev_wscons_pic.a(wskbd.pico)
 .debug_abbrev  0x0000000000000cbe      0x553 librumpdev_wscons_pic.a(wsevent.pico)
 .debug_abbrev  0x0000000000001211      0x21c librumpdev_wscons_pic.a(wskbdutil.pico)

.debug_line     0x0000000000000000     0x28e7
 *(.debug_line)
 .debug_line    0x0000000000000000      0x76e librumpdev_wscons_pic.a(wscons_component.pico)
 .debug_line    0x000000000000076e      0x980 librumpdev_wscons_pic.a(wsmouse.pico)
 .debug_line    0x00000000000010ee      0xc35 librumpdev_wscons_pic.a(wskbd.pico)
 .debug_line    0x0000000000001d23      0x817 librumpdev_wscons_pic.a(wsevent.pico)
 .debug_line    0x000000000000253a      0x3ad librumpdev_wscons_pic.a(wskbdutil.pico)

.debug_frame
 *(.debug_frame)

.debug_str      0x0000000000000000     0x4ed2
 *(.debug_str)
 .debug_str     0x0000000000000000     0x397f librumpdev_wscons_pic.a(wscons_component.pico)
                                       0x3ca4 (size before relaxing)
 .debug_str     0x000000000000397f      0x74f librumpdev_wscons_pic.a(wsmouse.pico)
                                       0x3b04 (size before relaxing)
 .debug_str     0x00000000000040ce      0xad7 librumpdev_wscons_pic.a(wskbd.pico)
                                       0x43be (size before relaxing)
 .debug_str     0x0000000000004ba5      0x201 librumpdev_wscons_pic.a(wsevent.pico)
                                       0x3031 (size before relaxing)
 .debug_str     0x0000000000004da6      0x12c librumpdev_wscons_pic.a(wskbdutil.pico)
                                        0x346 (size before relaxing)

.debug_loc      0x0000000000000000     0x37e6
 *(.debug_loc)
 .debug_loc     0x0000000000000000       0xb2 librumpdev_wscons_pic.a(wscons_component.pico)
 .debug_loc     0x00000000000000b2      0x8c1 librumpdev_wscons_pic.a(wsmouse.pico)
 .debug_loc     0x0000000000000973     0x1dd0 librumpdev_wscons_pic.a(wskbd.pico)
 .debug_loc     0x0000000000002743      0x6c7 librumpdev_wscons_pic.a(wsevent.pico)
 .debug_loc     0x0000000000002e0a      0x9dc librumpdev_wscons_pic.a(wskbdutil.pico)

.debug_macinfo
 *(.debug_macinfo)

.debug_weaknames
 *(.debug_weaknames)

.debug_funcnames
 *(.debug_funcnames)

.debug_typenames
 *(.debug_typenames)

.debug_varnames
 *(.debug_varnames)

.debug_pubtypes
 *(.debug_pubtypes)

.debug_ranges   0x0000000000000000      0xad8
 *(.debug_ranges)
 .debug_ranges  0x0000000000000000       0x80 librumpdev_wscons_pic.a(wscons_component.pico)
 .debug_ranges  0x0000000000000080      0x140 librumpdev_wscons_pic.a(wsmouse.pico)
 .debug_ranges  0x00000000000001c0      0x808 librumpdev_wscons_pic.a(wskbd.pico)
 .debug_ranges  0x00000000000009c8       0xd0 librumpdev_wscons_pic.a(wsevent.pico)
 .debug_ranges  0x0000000000000a98       0x40 librumpdev_wscons_pic.a(wskbdutil.pico)

.gnu.attributes
 *(.gnu.attributes)

/DISCARD/
 *(.note.GNU-stack)
 *(.gnu_debuglink)
 *(.gnu.lto_*)
OUTPUT(librumpdev_wscons.so.0.0 elf32-i386)
