Archive member included because of file (symbol)

librumpnet_net_pic.a(mpls_proto.pico)
                              (--whole-archive)
librumpnet_net_pic.a(net_component.pico)
                              (--whole-archive)
librumpnet_net_pic.a(udp6_usrreq.pico)
                              (--whole-archive)
librumpnet_net_pic.a(udp6_output.pico)
                              (--whole-archive)
librumpnet_net_pic.a(scope6.pico)
                              (--whole-archive)
librumpnet_net_pic.a(route6.pico)
                              (--whole-archive)
librumpnet_net_pic.a(raw_ip6.pico)
                              (--whole-archive)
librumpnet_net_pic.a(nd6_rtr.pico)
                              (--whole-archive)
librumpnet_net_pic.a(nd6_nbr.pico)
                              (--whole-archive)
librumpnet_net_pic.a(nd6.pico)
                              (--whole-archive)
librumpnet_net_pic.a(mld6.pico)
                              (--whole-archive)
librumpnet_net_pic.a(ip6_output.pico)
                              (--whole-archive)
librumpnet_net_pic.a(ip6_mroute.pico)
                              (--whole-archive)
librumpnet_net_pic.a(ip6_input.pico)
                              (--whole-archive)
librumpnet_net_pic.a(ip6_forward.pico)
                              (--whole-archive)
librumpnet_net_pic.a(ip6_flow.pico)
                              (--whole-archive)
librumpnet_net_pic.a(in6_src.pico)
                              (--whole-archive)
librumpnet_net_pic.a(in6_proto.pico)
                              (--whole-archive)
librumpnet_net_pic.a(frag6.pico)
                              (--whole-archive)
librumpnet_net_pic.a(dest6.pico)
                              (--whole-archive)
librumpnet_net_pic.a(in6_pcb.pico)
                              (--whole-archive)
librumpnet_net_pic.a(in6_ifattach.pico)
                              (--whole-archive)
librumpnet_net_pic.a(in6.pico)
                              (--whole-archive)
librumpnet_net_pic.a(icmp6.pico)
                              (--whole-archive)
librumpnet_net_pic.a(udp_usrreq.pico)
                              (--whole-archive)
librumpnet_net_pic.a(tcp_vtw.pico)
                              (--whole-archive)
librumpnet_net_pic.a(tcp_usrreq.pico)
                              (--whole-archive)
librumpnet_net_pic.a(tcp_timer.pico)
                              (--whole-archive)
librumpnet_net_pic.a(tcp_subr.pico)
                              (--whole-archive)
librumpnet_net_pic.a(ip6_id.pico)
                              (--whole-archive)
librumpnet_net_pic.a(tcp_output.pico)
                              (--whole-archive)
librumpnet_net_pic.a(tcp_congctl.pico)
                              (--whole-archive)
librumpnet_net_pic.a(tcp_input.pico)
                              (--whole-archive)
librumpnet_net_pic.a(tcp_sack.pico)
                              (--whole-archive)
librumpnet_net_pic.a(if_arp.pico)
                              (--whole-archive)
librumpnet_net_pic.a(portalgo.pico)
                              (--whole-archive)
librumpnet_net_pic.a(ip_encap.pico)
                              (--whole-archive)
librumpnet_net_pic.a(raw_ip.pico)
                              (--whole-archive)
librumpnet_net_pic.a(ip_output.pico)
                              (--whole-archive)
librumpnet_net_pic.a(ip_reass.pico)
                              (--whole-archive)
librumpnet_net_pic.a(ip_input.pico)
                              (--whole-archive)
librumpnet_net_pic.a(ip_id.pico)
                              (--whole-archive)
librumpnet_net_pic.a(in_pcb.pico)
                              (--whole-archive)
librumpnet_net_pic.a(ip_flow.pico)
                              (--whole-archive)
librumpnet_net_pic.a(ip_icmp.pico)
                              (--whole-archive)
librumpnet_net_pic.a(in_proto.pico)
                              (--whole-archive)
librumpnet_net_pic.a(ip_carp.pico)
                              (--whole-archive)
librumpnet_net_pic.a(if_ethersubr.pico)
                              (--whole-archive)
librumpnet_net_pic.a(if_media.pico)
                              (--whole-archive)
librumpnet_net_pic.a(if_loop.pico)
                              (--whole-archive)
librumpnet_net_pic.a(in6_offload.pico)
                              (--whole-archive)
librumpnet_net_pic.a(in6_cksum.pico)
                              (--whole-archive)
librumpnet_net_pic.a(in_offload.pico)
                              (--whole-archive)
librumpnet_net_pic.a(in4_cksum.pico)
                              (--whole-archive)
librumpnet_net_pic.a(in.pico)
                              (--whole-archive)
librumpnet_net_pic.a(igmp.pico)
                              (--whole-archive)
librumpnet_net_pic.a(net_stats.pico)
                              (--whole-archive)
librumpnet_net_pic.a(in_cksum.pico)
                              (--whole-archive)
librumpnet_net_pic.a(cpu_in_cksum.pico)
[...]
Memory Configuration

Name             Origin             Length             Attributes
*default*        0x0000000000000000 0xffffffffffffffff

Linker script and memory map

LOAD /usr/local/genode-gcc/bin/../lib/gcc/x86_64-elf/4.7.4/32/crtbegin.o
LOAD librumpnet_net_pic.a
LOAD /usr/local/genode-gcc/bin/../lib/gcc/x86_64-elf/4.7.4/../../../../x86_64-elf/lib/32/libgcc_s.so
LOAD /usr/local/genode-gcc/bin/../lib/gcc/x86_64-elf/4.7.4/../../../../x86_64-elf/lib/32/libgcc_s.so
LOAD /usr/local/genode-gcc/bin/../lib/gcc/x86_64-elf/4.7.4/32/crtend.o
                0x00000000000000b4                . = (0x0 + SIZEOF_HEADERS)

.note.gnu.build-id
 *(.note.gnu.build-id)

.hash           0x00000000000000b4     0x220c
 *(.hash)
 .hash          0x00000000000000b4     0x220c /usr/local/genode-gcc/bin/../lib/gcc/x86_64-elf/4.7.4/32/crtbegin.o

.gnu.hash
 *(.gnu.hash)

.dynsym         0x00000000000022c0     0x47a0
 *(.dynsym)
 .dynsym        0x00000000000022c0     0x47a0 /usr/local/genode-gcc/bin/../lib/gcc/x86_64-elf/4.7.4/32/crtbegin.o

.dynstr         0x0000000000006a60     0x5de2
 *(.dynstr)
 .dynstr        0x0000000000006a60     0x5de2 /usr/local/genode-gcc/bin/../lib/gcc/x86_64-elf/4.7.4/32/crtbegin.o

.gnu.version    0x000000000000c842      0x8f4
 *(.gnu.version)
 .gnu.version   0x000000000000c842      0x8f4 /usr/local/genode-gcc/bin/../lib/gcc/x86_64-elf/4.7.4/32/crtbegin.o

.gnu.version_d  0x000000000000d138        0x0
 *(.gnu.version_d)
 .gnu.version_d
                0x0000000000000000        0x0 /usr/local/genode-gcc/bin/../lib/gcc/x86_64-elf/4.7.4/32/crtbegin.o

.gnu.version_r  0x000000000000d138       0x20
 *(.gnu.version_r)
 .gnu.version_r
                0x000000000000d138       0x20 /usr/local/genode-gcc/bin/../lib/gcc/x86_64-elf/4.7.4/32/crtbegin.o

.rel.dyn        0x000000000000d158     0x18b0
 *(.rel.init)
 *(.rel.text .rel.text.* .rel.gnu.linkonce.t.*)
 .rel.text      0x0000000000000000        0x0 /usr/local/genode-gcc/bin/../lib/gcc/x86_64-elf/4.7.4/32/crtbegin.o
 .rel.text.unlikely
                0x0000000000000000        0x0 /usr/local/genode-gcc/bin/../lib/gcc/x86_64-elf/4.7.4/32/crtbegin.o
 *(.rel.fini)
 *(.rel.rodata .rel.rodata.* .rel.gnu.linkonce.r.*)
 *(.rel.data.rel.ro* .rel.gnu.linkonce.d.rel.ro.*)
 .rel.data.rel.ro
                0x000000000000d158      0x568 /usr/local/genode-gcc/bin/../lib/gcc/x86_64-elf/4.7.4/32/crtbegin.o
 .rel.data.rel.ro.local
                0x000000000000d6c0      0x690 /usr/local/genode-gcc/bin/../lib/gcc/x86_64-elf/4.7.4/32/crtbegin.o
 *(.rel.data .rel.data.* .rel.gnu.linkonce.d.*)
 .rel.data.rel  0x000000000000dd50       0xf8 /usr/local/genode-gcc/bin/../lib/gcc/x86_64-elf/4.7.4/32/crtbegin.o
 .rel.data.rel.local
                0x000000000000de48       0xb8 /usr/local/genode-gcc/bin/../lib/gcc/x86_64-elf/4.7.4/32/crtbegin.o
 *(.rel.tdata .rel.tdata.* .rel.gnu.linkonce.td.*)
 *(.rel.tbss .rel.tbss.* .rel.gnu.linkonce.tb.*)
 *(.rel.ctors)
 *(.rel.dtors)
 *(.rel.got)
 .rel.got       0x000000000000df00      0xaa0 /usr/local/genode-gcc/bin/../lib/gcc/x86_64-elf/4.7.4/32/crtbegin.o
 *(.rel.bss .rel.bss.* .rel.gnu.linkonce.b.*)
 *(.rel.ifunc)
 .rel.ifunc     0x0000000000000000        0x0 /usr/local/genode-gcc/bin/../lib/gcc/x86_64-elf/4.7.4/32/crtbegin.o
 .rellink_set_domains
                0x000000000000e9a0       0x38 /usr/local/genode-gcc/bin/../lib/gcc/x86_64-elf/4.7.4/32/crtbegin.o
 .rellink_set_rump_components
                0x000000000000e9d8       0x18 /usr/local/genode-gcc/bin/../lib/gcc/x86_64-elf/4.7.4/32/crtbegin.o
 .rellink_set_sysctl_funcs
                0x000000000000e9f0       0x18 /usr/local/genode-gcc/bin/../lib/gcc/x86_64-elf/4.7.4/32/crtbegin.o

.rel.plt        0x000000000000ea08     0x1520
 *(.rel.plt)
 .rel.plt       0x000000000000ea08     0x1520 /usr/local/genode-gcc/bin/../lib/gcc/x86_64-elf/4.7.4/32/crtbegin.o
 *(.rel.iplt)

.init           0x000000000000ff28        0xa
 *(.init)
 .init          0x000000000000ff28        0x5 /usr/local/genode-gcc/bin/../lib/gcc/x86_64-elf/4.7.4/32/crtbegin.o
 .init          0x000000000000ff2d        0x5 /usr/local/genode-gcc/bin/../lib/gcc/x86_64-elf/4.7.4/32/crtend.o

.plt            0x000000000000ff40     0x2a50
 *(.plt)
 .plt           0x000000000000ff40     0x2a50 /usr/local/genode-gcc/bin/../lib/gcc/x86_64-elf/4.7.4/32/crtbegin.o
 *(.iplt)

.text           0x0000000000012990    0x793f8
 *(.text.unlikely .text.*_unlikely)
 .text.unlikely
                0x0000000000012990       0x48 librumpnet_net_pic.a(ip6_output.pico)
 .text.unlikely
                0x00000000000129d8       0x48 librumpnet_net_pic.a(ip6_forward.pico)
 .text.unlikely
                0x0000000000012a20       0x48 librumpnet_net_pic.a(ip6_flow.pico)
 .text.unlikely
                0x0000000000012a68       0xf1 librumpnet_net_pic.a(in6_src.pico)
 .text.unlikely
                0x0000000000012b59      0x2a8 librumpnet_net_pic.a(in6_pcb.pico)
 .text.unlikely
                0x0000000000012e01      0x33e librumpnet_net_pic.a(icmp6.pico)
 .text.unlikely
                0x000000000001313f      0x101 librumpnet_net_pic.a(tcp_usrreq.pico)
 .text.unlikely
                0x0000000000013240      0x137 librumpnet_net_pic.a(tcp_input.pico)
 .text.unlikely
                0x0000000000013377       0x48 librumpnet_net_pic.a(ip_output.pico)
 .text.unlikely
                0x00000000000133bf       0x48 librumpnet_net_pic.a(in_pcb.pico)
 .text.unlikely
                0x0000000000013407       0x48 librumpnet_net_pic.a(ip_flow.pico)
 .text.unlikely
                0x000000000001344f       0xa4 librumpnet_net_pic.a(rtsock_50.pico)
 .text.unlikely
                0x00000000000134f3       0x9e librumpnet_net_pic.a(rtsock.pico)
 .text.unlikely
                0x0000000000013591       0x48 librumpnet_net_pic.a(route.pico)
 *(.text.exit .text.exit.*)
 *(.text.startup .text.startup.*)
 *(.text.hot .text.hot.*)
 *(.text .stub .text.* .gnu.linkonce.t.*)
 *fill*         0x00000000000135d9        0x7 90909090
 .text          0x00000000000135e0      0x13b /usr/local/genode-gcc/bin/../lib/gcc/x86_64-elf/4.7.4/32/crtbegin.o
 .text.__x86.get_pc_thunk.bx
                0x000000000001371b        0x4 /usr/local/genode-gcc/bin/../lib/gcc/x86_64-elf/4.7.4/32/crtbegin.o
                0x000000000001371b                __x86.get_pc_thunk.bx
 *fill*         0x000000000001371f        0x1 90909090
 .text          0x0000000000013720     0x1257 librumpnet_net_pic.a(mpls_proto.pico)
                0x0000000000014320                rumpns_mpls_init
 *fill*         0x0000000000014977        0x9 90909090
 .text          0x0000000000014980       0x7e librumpnet_net_pic.a(net_component.pico)
 *fill*         0x00000000000149fe        0x2 90909090
 .text          0x0000000000014a00     0x26ec librumpnet_net_pic.a(udp6_usrreq.pico)
                0x0000000000015e50                rumpns_udp6_init
                0x0000000000016290                rumpns_udp6_ctlinput
                0x00000000000164b0                rumpns_udp6_ctloutput
                0x0000000000016570                rumpns_udp6_realinput
                0x0000000000016870                rumpns_udp6_input_checksum
                0x0000000000016950                rumpns_udp6_input
                0x0000000000016c60                rumpns_udp6_usrreq
                0x0000000000017060                rumpns_udp6_statinc
 *fill*         0x00000000000170ec        0x4 90909090
 .text          0x00000000000170f0      0xc00 librumpnet_net_pic.a(udp6_output.pico)
                0x00000000000170f0                rumpns_udp6_output
 .text          0x0000000000017cf0      0x88e librumpnet_net_pic.a(scope6.pico)
                0x0000000000017cf0                rumpns_scope6_init
                0x0000000000017d30                rumpns_scope6_ifattach
                0x0000000000017df0                rumpns_scope6_ifdetach
                0x0000000000017e10                rumpns_scope6_set
                0x0000000000017eb0                rumpns_scope6_get
                0x0000000000017f30                rumpns_in6_addrscope
                0x0000000000018000                rumpns_scope6_setdefault
                0x0000000000018040                rumpns_scope6_get_default
                0x00000000000180f0                rumpns_scope6_addr2default
                0x0000000000018140                rumpns_sa6_embedscope
                0x0000000000018200                rumpns_sa6_recoverscope
                0x00000000000182f0                rumpns_sockaddr_in6_externalize
                0x0000000000018350                rumpns_in6_setzoneid
                0x00000000000183a0                rumpns_in6_setscope
                0x00000000000184a0                rumpns_in6_getscopename
                0x0000000000018530                rumpns_in6_clearscope
 .text.__x86.get_pc_thunk.cx
                0x000000000001857e        0x4 librumpnet_net_pic.a(scope6.pico)
                0x000000000001857e                __x86.get_pc_thunk.cx
 *fill*         0x0000000000018582        0xe 90909090
 .text          0x0000000000018590      0x14a librumpnet_net_pic.a(route6.pico)
                0x0000000000018590                rumpns_route6_input
 *fill*         0x00000000000186da        0x6 90909090
 .text          0x00000000000186e0     0x2a8e librumpnet_net_pic.a(raw_ip6.pico)
                0x0000000000019670                rumpns_rip6_init
                0x0000000000019900                rumpns_rip6_input
                0x0000000000019fd0                rumpns_rip6_ctlinput
                0x000000000001a150                rumpns_rip6_output
                0x000000000001aa90                rumpns_rip6_ctloutput
                0x000000000001abc0                rumpns_rip6_attach
                0x000000000001ae40                rumpns_rip6_usrreq
 *fill*         0x000000000001b16e        0x2 90909090
 .text          0x000000000001b170     0x346e librumpnet_net_pic.a(nd6_rtr.pico)
                0x000000000001b3e0                rumpns_nd6_rs_input
                0x000000000001b710                rumpns_nd6_rtmsg
                0x000000000001b8e0                rumpns_defrouter_addreq
                0x000000000001ba30                rumpns_defrouter_lookup
                0x000000000001ba90                rumpns_defrouter_reset
                0x000000000001bad0                rumpns_defrouter_select
                0x000000000001bcb0                rumpns_nd6_prefix_lookup
                0x000000000001bd20                rumpns_nd6_prefix_onlink
                0x000000000001c020                rumpns_nd6_prefix_offlink
                0x000000000001c330                rumpns_pfxlist_onlink_check
                0x000000000001c720                rumpns_prelist_remove
                0x000000000001c890                rumpns_nd6_prelist_add
                0x000000000001cb90                rumpns_in6_tmpifadd
                0x000000000001cf40                rumpns_rt6_flush
                0x000000000001cfc0                rumpns_defrtrlist_del
                0x000000000001d110                rumpns_nd6_ra_input
                0x000000000001e570                rumpns_nd6_setdefaultiface
 *fill*         0x000000000001e5de        0x2 90909090
 .text          0x000000000001e5e0     0x2767 librumpnet_net_pic.a(nd6_nbr.pico)
                0x000000000001e620                rumpns_nd6_ifptomac
                0x000000000001e680                rumpns_nd6_na_output
                0x000000000001ec10                rumpns_nd6_ns_output
                0x000000000001f2a0                rumpns_nd6_newaddrmsg
                0x000000000001f360                rumpns_nd6_dad_start
                0x000000000001f660                rumpns_nd6_dad_stop
                0x000000000001f6e0                rumpns_nd6_dad_duplicated
                0x000000000001fba0                rumpns_nd6_na_input
                0x0000000000020400                rumpns_nd6_ns_input
 *fill*         0x0000000000020d47        0x9 90909090
 .text          0x0000000000020d50     0x3e29 librumpnet_net_pic.a(nd6.pico)
                0x0000000000021210                rumpns_nd6_timer
                0x0000000000021570                rumpns_nd6_init
                0x0000000000021640                rumpns_nd6_ifattach
                0x0000000000021710                rumpns_nd6_ifdetach
                0x0000000000021730                rumpns_nd6_setmtu
                0x0000000000021750                rumpns_nd6_option_init
                0x0000000000021800                rumpns_nd6_option
                0x00000000000218f0                rumpns_nd6_options
                0x0000000000021b20                rumpns_nd6_llinfo_settimer
                0x0000000000022110                rumpns_nd6_accepts_rtadv
                0x0000000000022150                rumpns_nd6_purge
                0x00000000000222c0                rumpns_nd6_lookup
                0x00000000000222e0                rumpns_nd6_is_addr_neighbor
                0x0000000000022440                rumpns_nd6_nud_hint
                0x0000000000022530                rumpns_nd6_ioctl
                0x0000000000022f60                rumpns_nd6_need_cache
                0x0000000000022fc0                rumpns_nd6_output
                0x0000000000023450                rumpns_nd6_llinfo_release_pkts
                0x00000000000234c0                rumpns_nd6_cache_lladdr
                0x0000000000023830                rumpns_nd6_rtrequest
                0x0000000000024120                rumpns_nd6_storelladdr
                0x0000000000024360                rumpns_nd6_sysctl
 *fill*         0x0000000000024b79        0x7 90909090
 .text          0x0000000000024b80     0x198c librumpnet_net_pic.a(mld6.pico)
                0x0000000000024b80                rumpns_sysctl_in6_mklude_setup
                0x0000000000025800                rumpns_mld_init
                0x0000000000025850                rumpns_mld_input
                0x0000000000025c70                rumpns_in6_addmulti
                0x0000000000025ef0                rumpns_in6_delmulti
                0x0000000000026120                rumpns_in6_joingroup
                0x00000000000261a0                rumpns_in6_leavegroup
                0x00000000000261e0                rumpns_in6_savemkludge
                0x0000000000026370                rumpns_in6_restoremkludge
                0x0000000000026410                rumpns_in6_createmkludge
                0x0000000000026490                rumpns_in6_purgemkludge
 *fill*         0x000000000002650c        0x4 90909090
 .text          0x0000000000026510     0x43a4 librumpnet_net_pic.a(ip6_output.pico)
                0x0000000000026c10                rumpns_in6_delayed_cksum
                0x0000000000026db0                rumpns_ip6_raw_ctloutput
                0x0000000000026ee0                rumpns_ip6_initpktopts
                0x0000000000026f70                rumpns_ip6_clearpktopts
                0x0000000000027840                rumpns_ip6_copypktopts
                0x00000000000278b0                rumpns_ip6_freepcbopts
                0x0000000000027900                rumpns_ip6_get_membership
                0x0000000000027bb0                rumpns_ip6_ctloutput
                0x0000000000028a60                rumpns_ip6_freemoptions
                0x0000000000028ac0                rumpns_ip6_setpktopts
                0x0000000000028c10                rumpns_ip6_mloopback
                0x0000000000028cf0                rumpns_ip6_output
                0x000000000002a810                rumpns_ip6_optlen
 *fill*         0x000000000002a8b4        0xc 90909090
 .text          0x000000000002a8c0     0x2d27 librumpnet_net_pic.a(ip6_mroute.pico)
                0x000000000002b850                rumpns_pim6_init
                0x000000000002ba30                rumpns_ip6_mrouter_get
                0x000000000002ba90                rumpns_mrt6_ioctl
                0x000000000002bc30                rumpns_ip6_mrouter_done
                0x000000000002bde0                rumpns_ip6_mrouter_set
                0x000000000002ca20                rumpns_ip6_mrouter_detach
                0x000000000002caf0                rumpns_ip6_mforward
                0x000000000002d250                rumpns_pim6_input
 *fill*         0x000000000002d5e7        0x9 90909090
 .text          0x000000000002d5f0     0x3b6f librumpnet_net_pic.a(ip6_input.pico)
                0x000000000002da60                rumpns_ip6_init
                0x000000000002f4b0                rumpns_ip6_unknown_opt
                0x000000000002f5c0                rumpns_ip6_hopopts_input
                0x000000000002f8f0                rumpns_ip6_savecontrol
                0x000000000002fd30                rumpns_ip6_notify_pmtu
                0x000000000002ff10                rumpns_ip6_get_prevhdr
                0x000000000002ff80                rumpns_ip6_nexthdr
                0x0000000000030140                rumpns_ip6_lasthdr
                0x00000000000301c0                rumpns_ip6_addaux
                0x00000000000302b0                rumpns_ip6_findaux
                0x00000000000302e0                rumpns_ip6_getdstifaddr
                0x0000000000030310                rumpns_ip6_delaux
                0x0000000000030360                rumpns_ip6_input
                0x00000000000310d0                rumpns_ip6_statinc
 *fill*         0x000000000003115f        0x1 90909090
 .text          0x0000000000031160      0xb8c librumpnet_net_pic.a(ip6_forward.pico)
                0x0000000000031350                rumpns_ip6_forward
 *fill*         0x0000000000031cec        0x4 90909090
 .text          0x0000000000031cf0      0xc9f librumpnet_net_pic.a(ip6_flow.pico)
                0x0000000000031fe0                rumpns_ip6flow_poolinit
                0x0000000000032040                rumpns_ip6flow_init
                0x00000000000320d0                rumpns_ip6flow_fastforward
                0x0000000000032330                rumpns_ip6flow_reap
                0x0000000000032530                rumpns_ip6flow_slowtimo
                0x00000000000326a0                rumpns_ip6flow_create
                0x0000000000032930                rumpns_ip6flow_invalidate_all
 *fill*         0x000000000003298f        0x1 90909090
 .text          0x0000000000032990      0xec9 librumpnet_net_pic.a(in6_src.pico)
                0x0000000000032c70                rumpns_in6_selectsrc
                0x0000000000033340                rumpns_in6_selectroute
                0x0000000000033380                rumpns_in6_selecthlim
                0x00000000000333d0                rumpns_in6_pcbsetport
                0x00000000000334c0                rumpns_addrsel_policy_init
                0x0000000000033510                rumpns_in6_src_sysctl
                0x0000000000033670                rumpns_in6_src_ioctl
 *fill*         0x0000000000033859        0x7 90909090
 .text          0x0000000000033860      0x3c2 librumpnet_net_pic.a(in6_proto.pico)
 *fill*         0x0000000000033c22        0xe 90909090
 .text          0x0000000000033c30     0x1015 librumpnet_net_pic.a(frag6.pico)
                0x0000000000033ea0                rumpns_frag6_init
                0x0000000000033ee0                rumpns_frag6_input
                0x00000000000349a0                rumpns_ip6_reass_packet
                0x0000000000034a00                rumpns_frag6_slowtimo
                0x0000000000034b30                rumpns_frag6_drainstub
                0x0000000000034b50                rumpns_frag6_drain
                0x0000000000034bd0                rumpns_frag6_fasttimo
 *fill*         0x0000000000034c45        0xb 90909090
 .text          0x0000000000034c50      0x1b6 librumpnet_net_pic.a(dest6.pico)
                0x0000000000034c50                rumpns_dest6_input
 *fill*         0x0000000000034e06        0xa 90909090
 .text          0x0000000000034e10     0x26a0 librumpnet_net_pic.a(in6_pcb.pico)
                0x0000000000034e10                rumpns_in6_rtchange
                0x0000000000034ea0                rumpns_in6_pcbinit
                0x0000000000034f10                rumpns_in6_setsockaddr
                0x0000000000034f80                rumpns_in6_setpeeraddr
                0x0000000000034ff0                rumpns_in6_pcbnotify
                0x00000000000354e0                rumpns_in6_pcbpurgeif0
                0x00000000000355b0                rumpns_in6_pcbpurgeif
                0x00000000000356a0                rumpns_in6_losing
                0x0000000000035890                rumpns_in6_pcblookup_port
                0x0000000000035e60                rumpns_in6_pcbrtentry
                0x0000000000036150                rumpns_in6_pcblookup_connect
                0x00000000000363c0                rumpns_in6_pcblookup_bind
                0x00000000000366d0                rumpns_in6_pcbstate
                0x0000000000036910                rumpns_in6_pcbdetach
                0x0000000000036a60                rumpns_in6_pcbdisconnect
                0x0000000000036ad0                rumpns_in6_pcbbind
                0x0000000000036cc0                rumpns_in6_pcbconnect
                0x00000000000372b0                rumpns_in6_pcballoc
 .text          0x00000000000374b0     0x1208 librumpnet_net_pic.a(in6_ifattach.pico)
                0x00000000000376c0                rumpns_in6_tmpaddrtimer
                0x00000000000377d0                rumpns_in6_get_hw_ifid
                0x0000000000037a20                rumpns_in6_nigroup
                0x0000000000037c10                rumpns_in6_ifattach
                0x0000000000038430                rumpns_in6_ifdetach
                0x00000000000385e0                rumpns_in6_get_tmpifid
 *fill*         0x00000000000386b8        0x8 90909090
 .text          0x00000000000386c0     0x387e librumpnet_net_pic.a(in6.pico)
                0x0000000000038810                rumpns_in6_mask2len
                0x00000000000388d0                rumpns_in6_purgeif
                0x0000000000038920                rumpns_in6ifa_ifpforlinklocal
                0x0000000000038990                rumpns_in6ifa_ifpwithaddr
                0x0000000000038a20                rumpns_ip6_sprintf
                0x0000000000038c20                rumpns_in6_ifremloop
                0x0000000000038d10                rumpns_in6_ifaddloop
                0x0000000000038da0                rumpns_in6_purgeaddr
                0x0000000000038e90                rumpns_in6_localaddr
                0x0000000000038f40                rumpns_in6_is_addr_deprecated
                0x0000000000038fb0                rumpns_in6_matchlen
                0x0000000000039010                rumpns_in6_are_prefix_equal
                0x00000000000390c0                rumpns_in6_prefixlen2mask
                0x0000000000039160                rumpns_in6_ifawithifp
                0x0000000000039320                rumpns_in6_if_link_down
                0x00000000000393d0                rumpns_in6_if_down
                0x00000000000393f0                rumpns_in6if_do_dad
                0x0000000000039420                rumpns_in6_if_link_up
                0x0000000000039560                rumpns_in6_if_up
                0x00000000000395a0                rumpns_in6_update_ifa
                0x000000000003b9b0                rumpns_in6_control
                0x000000000003baf0                rumpns_in6_setmaxmtu
                0x000000000003bbf0                rumpns_in6_if2idlen
                0x000000000003bc90                rumpns_in6_domifattach
                0x000000000003bd30                rumpns_in6_domifdetach
                0x000000000003bd90                rumpns_in6_sin6_2_sin
                0x000000000003bdd0                rumpns_in6_sin_2_v4mapsin6
                0x000000000003be80                rumpns_in6_sin6_2_sin_in_sock
                0x000000000003bee0                rumpns_in6_sin_2_v4mapsin6_in_sock
 *fill*         0x000000000003bf3e        0x2 90909090
 .text          0x000000000003bf40     0x55cf librumpnet_net_pic.a(icmp6.pico)
                0x000000000003c450                rumpns_icmp6_init
                0x000000000003cfd0                rumpns_icmp6_mtudisc_callback_register
                0x000000000003d040                rumpns_icmp6_mtudisc_update
                0x000000000003d340                rumpns_icmp6_reflect
                0x000000000003da20                rumpns_icmp6_error
                0x000000000003de70                rumpns_icmp6_error2
                0x000000000003df30                rumpns_icmp6_redirect_input
                0x000000000003e740                rumpns_icmp6_input
                0x0000000000040bb0                rumpns_icmp6_redirect_output
                0x0000000000041360                rumpns_icmp6_ctloutput
                0x0000000000041480                rumpns_icmp6_statinc
 *fill*         0x000000000004150f        0x1 90909090
 .text          0x0000000000041510     0x2a2c librumpnet_net_pic.a(udp_usrreq.pico)
                0x0000000000042ce0                rumpns_udp_init_common
                0x0000000000042d20                rumpns_udp_init
                0x00000000000431e0                rumpns_udp_input_checksum
                0x0000000000043290                rumpns_udp_input
                0x0000000000043800                rumpns_udp_ctlinput
                0x0000000000043900                rumpns_udp_ctloutput
                0x0000000000043a40                rumpns_udp_output
                0x0000000000043eb0                rumpns_udp_statinc
 *fill*         0x0000000000043f3c        0x4 90909090
 .text          0x0000000000043f40     0x4644 librumpnet_net_pic.a(tcp_vtw.pico)
                0x0000000000045d40                rumpns_vtw_del
                0x00000000000475b0                rumpns_vtw_add
                0x0000000000047a90                rumpns_vtw_restart
                0x0000000000048390                rumpns_sysctl_tcp_vtw_enable
                0x00000000000484d0                rumpns_vtw_earlyinit
 *fill*         0x0000000000048584        0xc 90909090
 .text          0x0000000000048590     0x5726 librumpnet_net_pic.a(tcp_usrreq.pico)
                0x0000000000048ca0                rumpns_sysctl_inpcblist
                0x000000000004d230                rumpns_tcp_ctloutput
                0x000000000004d5c0                rumpns_tcp_usrclosed
                0x000000000004d830                rumpns_tcp_disconnect1
                0x000000000004da50                rumpns_sysctl_net_inet_ip_ports
                0x000000000004dc70                rumpns_tcp_usrreq_init
 *fill*         0x000000000004dcb6        0xa 90909090
 .text          0x000000000004dcc0      0xac7 librumpnet_net_pic.a(tcp_timer.pico)
                0x000000000004dcc0                rumpns_tcp_timer_2msl
                0x000000000004dde0                rumpns_tcp_timer_keep
                0x000000000004e060                rumpns_tcp_timer_persist
                0x000000000004e1d0                rumpns_tcp_timer_rexmt
                0x000000000004e590                rumpns_tcp_timer_init
                0x000000000004e620                rumpns_tcp_delack
                0x000000000004e6c0                rumpns_tcp_slowtimo
                0x000000000004e740                rumpns_tcp_canceltimers
 *fill*         0x000000000004e787        0x9 90909090
 .text          0x000000000004e790     0x378e librumpnet_net_pic.a(tcp_subr.pico)
                0x000000000004e790                rumpns_tcp6_mtudisc
                0x000000000004e860                rumpns_tcp_mtudisc
                0x000000000004e930                rumpns_tcp_notify
                0x000000000004eb40                rumpns_tcp6_notify
                0x000000000004ed50                rumpns_tcp_init_common
                0x000000000004ede0                rumpns_tcp_init
                0x000000000004ee10                rumpns_tcp_template
                0x000000000004f240                rumpns_tcp_respond
                0x000000000004fdd0                rumpns_tcp_tcpcb_template
                0x000000000004ffd0                rumpns_tcp_newtcpcb
                0x00000000000502f0                rumpns_tcp_freeq
                0x0000000000050420                rumpns_tcp_close
                0x00000000000509e0                rumpns_tcp_drop
                0x0000000000050b00                rumpns_tcp_drainstub
                0x0000000000050b20                rumpns_tcp_drain
                0x0000000000050c80                rumpns_tcp_fasttimo
                0x0000000000050cb0                rumpns_tcp6_ctlinput
                0x0000000000050f20                rumpns_tcp_quench
                0x0000000000050f50                rumpns_tcp6_quench
                0x0000000000050f80                rumpns_tcp6_mtudisc_callback
                0x00000000000510a0                rumpns_tcp_mss_to_advertise
                0x00000000000511c0                rumpns_tcp_established
                0x0000000000051460                rumpns_tcp_rmx_rtt
                0x0000000000051620                rumpns_tcp_new_iss1
                0x00000000000517c0                rumpns_tcp_new_iss
                0x0000000000051870                rumpns_tcp_optlen
                0x00000000000518a0                rumpns_tcp_mss_from_peer
                0x0000000000051a40                rumpns_tcp_hdrsz
                0x0000000000051a90                rumpns_tcp_ctlinput
                0x0000000000051df0                rumpns_tcp_statinc
                0x0000000000051e80                rumpns_tcp_statadd
 *fill*         0x0000000000051f1e        0x2 90909090
 .text          0x0000000000051f20      0x594 librumpnet_net_pic.a(ip6_id.pico)
                0x0000000000052470                rumpns_ip6_randomid
                0x0000000000052490                rumpns_ip6_randomflowlabel
 *fill*         0x00000000000524b4        0xc 90909090
 .text          0x00000000000524c0     0x24c7 librumpnet_net_pic.a(tcp_output.pico)
                0x00000000000524c0                rumpns_tcp_setpersist
                0x00000000000525a0                rumpns_tcp_output
 *fill*         0x0000000000054987        0x9 90909090
 .text          0x0000000000054990     0x1026 librumpnet_net_pic.a(tcp_congctl.pico)
                0x0000000000055420                rumpns_tcp_congctl_unregister
                0x00000000000554e0                rumpns_tcp_congctl_select
                0x0000000000055660                rumpns_tcp_congctl_register
                0x0000000000055720                rumpns_tcp_congctl_init
                0x00000000000558b0                rumpns_tcp_congctl_release
                0x0000000000055940                rumpns_tcp_congctl_bystruct
 *fill*         0x00000000000559b6        0xa 90909090
 .text          0x00000000000559c0     0x7695 librumpnet_net_pic.a(tcp_input.pico)
                0x0000000000055f60                rumpns_tcpipqent_init
                0x0000000000055fc0                rumpns_tcpipqent_alloc
                0x0000000000056020                rumpns_tcpipqent_free
                0x0000000000056d70                rumpns_tcp_input_checksum
                0x0000000000056f30                rumpns_tcp_pulloutofband
                0x0000000000056fd0                rumpns_tcp_xmit_timer
                0x0000000000057170                rumpns_syn_cache_init
                0x0000000000057200                rumpns_syn_cache_insert
                0x0000000000057620                rumpns_syn_cache_cleanup
                0x00000000000577a0                rumpns_syn_cache_lookup
                0x00000000000578d0                rumpns_syn_cache_reset
                0x0000000000057a70                rumpns_syn_cache_unreach
                0x0000000000057c30                rumpns_syn_cache_respond
                0x00000000000583a0                rumpns_syn_cache_add
                0x0000000000058af0                rumpns_syn_cache_get
                0x00000000000595c0                rumpns_tcp_input
                0x000000000005cd00                rumpns_tcp6_input
                0x000000000005cdc0                rumpns_syn_cache_timer
 *fill*         0x000000000005d055        0xb 90909090
 .text          0x000000000005d060      0x75b librumpnet_net_pic.a(tcp_sack.pico)
                0x000000000005d1b0                rumpns_tcp_sack_init
                0x000000000005d210                rumpns_tcp_new_dsack
                0x000000000005d240                rumpns_tcp_sack_option
                0x000000000005d5b0                rumpns_tcp_del_sackholes
                0x000000000005d630                rumpns_tcp_free_sackholes
                0x000000000005d6c0                rumpns_tcp_sack_output
                0x000000000005d710                rumpns_tcp_sack_adjust
                0x000000000005d790                rumpns_tcp_sack_numblks
 *fill*         0x000000000005d7bb        0x5 90909090
 .text          0x000000000005d7c0     0x2b16 librumpnet_net_pic.a(if_arp.pico)
                0x000000000005dc10                rumpns_arp_init
                0x000000000005ee40                rumpns_arp_drain
                0x000000000005ef90                rumpns_arprequest
                0x000000000005f110                rumpns_arp_rtrequest
                0x000000000005f8e0                rumpns_arpresolve
                0x000000000005fc70                rumpns_arpintr
                0x000000000005fe40                rumpns_arpioctl
                0x000000000005fe50                rumpns_arp_ifinit
                0x000000000005fec0                rumpns_in_revarpinput
                0x0000000000060010                rumpns_revarpinput
                0x0000000000060090                rumpns_revarprequest
                0x0000000000060200                rumpns_revarpwhoarewe
 *fill*         0x00000000000602d6        0xa 90909090
 .text          0x00000000000602e0     0x1375 librumpnet_net_pic.a(portalgo.pico)
                0x0000000000061100                rumpns_portalgo_randport
                0x0000000000061290                rumpns_portalgo_algo_index_select
                0x00000000000612c0                rumpns_sysctl_portalgo_selected4
                0x0000000000061320                rumpns_sysctl_portalgo_reserve4
                0x00000000000613f0                rumpns_sysctl_portalgo_selected6
                0x0000000000061450                rumpns_sysctl_portalgo_reserve6
                0x0000000000061520                rumpns_sysctl_portalgo_available
 *fill*         0x0000000000061655        0xb 90909090
 .text          0x0000000000061660      0xe34 librumpnet_net_pic.a(ip_encap.pico)
                0x0000000000061990                rumpns_encap_init
                0x00000000000619f0                rumpns_encap4_input
                0x0000000000061c30                rumpns_encap6_input
                0x0000000000061cf0                rumpns_encap_attach
                0x00000000000620d0                rumpns_encap_attach_func
                0x00000000000621f0                rumpns_encap6_ctlinput
                0x0000000000062350                rumpns_encap_detach
                0x0000000000062430                rumpns_encap_getarg
 *fill*         0x0000000000062494        0xc 90909090
 .text          0x00000000000624a0     0x1fbe librumpnet_net_pic.a(raw_ip.pico)
                0x0000000000062cd0                rumpns_rip_input
                0x0000000000063570                rumpns_rip_init
                0x0000000000063750                rumpns_rip_pcbnotify
                0x00000000000637c0                rumpns_rip_ctlinput
                0x0000000000063880                rumpns_rip_output
                0x0000000000063b00                rumpns_rip_ctloutput
                0x0000000000063cc0                rumpns_rip_connect_pcb
                0x0000000000064080                rumpns_rip_usrreq
 *fill*         0x000000000006445e        0x2 90909090
 .text          0x0000000000064460     0x25b6 librumpnet_net_pic.a(ip_output.pico)
                0x0000000000064710                rumpns_in_delayed_cksum
                0x00000000000647f0                rumpns_ip_optlen
                0x0000000000064810                rumpns_ip_optcopy
                0x00000000000649b0                rumpns_ip_fragment
                0x0000000000064f00                rumpns_ip_output
                0x0000000000065fd0                rumpns_ip_setmoptions
                0x0000000000066380                rumpns_ip_getmoptions
                0x0000000000066480                rumpns_ip_ctloutput
                0x00000000000669c0                rumpns_ip_freemoptions
 *fill*         0x0000000000066a16        0xa 90909090
 .text          0x0000000000066a20     0x1058 librumpnet_net_pic.a(ip_reass.pico)
                0x0000000000066c70                rumpns_sysctl_ip_reass_setup
                0x0000000000066e30                rumpns_ip_reass_init
                0x0000000000066f10                rumpns_ip_reass_drain
                0x0000000000066fb0                rumpns_ip_reass_slowtimo
                0x00000000000670b0                rumpns_ip_reass_packet
 *fill*         0x0000000000067a78        0x8 90909090
 .text          0x0000000000067a80     0x2b8c librumpnet_net_pic.a(ip_input.pico)
                0x0000000000069260                rumpns_ip_init
                0x000000000006a110                rumpns_ip_slowtimo
                0x000000000006a180                rumpns_ip_drain
                0x000000000006a1c0                rumpns_ip_srcroute
                0x000000000006a2b0                rumpns_ip_fasttimo
                0x000000000006a2e0                rumpns_ip_drainstub
                0x000000000006a300                rumpns_ip_savecontrol
                0x000000000006a580                rumpns_ip_statinc
 *fill*         0x000000000006a60c        0x4 90909090
 .text          0x000000000006a610      0x1a0 librumpnet_net_pic.a(ip_id.pico)
                0x000000000006a610                rumpns_ip_id_init
                0x000000000006a6b0                rumpns_ip_id_fini
                0x000000000006a6f0                rumpns_ip_randomid
 .text          0x000000000006a7b0     0x1b4b librumpnet_net_pic.a(in_pcb.pico)
                0x000000000006a810                rumpns_in_pcbinit
                0x000000000006a8f0                rumpns_in_setsockaddr
                0x000000000006a940                rumpns_in_setpeeraddr
                0x000000000006a990                rumpns_in_pcbnotify
                0x000000000006aa50                rumpns_in_pcbnotifyall
                0x000000000006aab0                rumpns_in_purgeifmcast
                0x000000000006ab50                rumpns_in_pcbpurgeif0
                0x000000000006abb0                rumpns_in_losing
                0x000000000006ada0                rumpns_in_rtchange
                0x000000000006add0                rumpns_in_pcbpurgeif
                0x000000000006aec0                rumpns_in_pcblookup_port
                0x000000000006b1d0                rumpns_in_pcblookup_connect
                0x000000000006b370                rumpns_in_pcblookup_bind
                0x000000000006b4a0                rumpns_in_pcbstate
                0x000000000006b6e0                rumpns_in_pcbdetach
                0x000000000006b7f0                rumpns_in_pcbdisconnect
                0x000000000006bcd0                rumpns_in_pcbbind
                0x000000000006be10                rumpns_in_pcbconnect
                0x000000000006c0c0                rumpns_in_pcballoc
                0x000000000006c290                rumpns_in_pcbrtentry
 *fill*         0x000000000006c2fb        0x5 90909090
 .text          0x000000000006c300      0xe1e librumpnet_net_pic.a(ip_flow.pico)
                0x000000000006c610                rumpns_ipflow_poolinit
                0x000000000006c670                rumpns_ipflow_init
                0x000000000006c7b0                rumpns_ipflow_fastforward
                0x000000000006cad0                rumpns_ipflow_reap
                0x000000000006cca0                rumpns_ipflow_slowtimo
                0x000000000006ce20                rumpns_ipflow_create
                0x000000000006d0c0                rumpns_ipflow_invalidate_all
 *fill*         0x000000000006d11e        0x2 90909090
 .text          0x000000000006d120     0x1e53 librumpnet_net_pic.a(ip_icmp.pico)
                0x000000000006d4f0                rumpns_icmp_init
                0x000000000006da70                rumpns_icmp_mtudisc_callback_register
                0x000000000006dae0                rumpns_icmp_send
                0x000000000006db90                rumpns_icmp_reflect
                0x000000000006e020                rumpns_iptime
                0x000000000006e0a0                rumpns_icmp_input
                0x000000000006e750                rumpns_icmp_statinc
                0x000000000006e7e0                rumpns_icmp_mtudisc
                0x000000000006ea20                rumpns_ip_next_mtu
                0x000000000006eab0                rumpns_icmp_ratelimit
                0x000000000006eaf0                rumpns_icmp_error
 *fill*         0x000000000006ef73        0xd 90909090
 .text          0x000000000006ef80      0x3b8 librumpnet_net_pic.a(in_proto.pico)
                0x000000000006ef80                rumpns_sockaddr_in_const_addr
                0x000000000006efc0                rumpns_sockaddr_in_addr
                0x000000000006f2a0                rumpns_sockaddr_in_cmp
 *fill*         0x000000000006f338        0x8 90909090
 .text          0x000000000006f340     0x4549 librumpnet_net_pic.a(ip_carp.pico)
                0x000000000006fa30                rumpns_carp_output
                0x0000000000071570                rumpns_carp_proto_input
                0x0000000000071870                rumpns_carp6_proto_input
                0x0000000000071b80                rumpns_carpattach
                0x0000000000071bc0                rumpns_carp_ifdetach
                0x0000000000071bf0                rumpns_carp_iamatch
                0x0000000000071db0                rumpns_carp_iamatch6
                0x0000000000071e40                rumpns_carp_ourether
                0x0000000000071f30                rumpns_carp_input
                0x0000000000072040                rumpns_carp_carpdev_state
                0x0000000000073470                rumpns_carp_init
 *fill*         0x0000000000073889        0x7 90909090
 .text          0x0000000000073890     0x1c02 librumpnet_net_pic.a(if_ethersubr.pico)
                0x0000000000073890                rumpns_sysctl_net_ether_setup
                0x0000000000074150                rumpns_ether_input
                0x0000000000074920                rumpns_ether_snprintf
                0x00000000000749a0                rumpns_ether_sprintf
                0x00000000000749e0                rumpns_ether_ifattach
                0x0000000000074ab0                rumpns_ether_ifdetach
                0x0000000000074b70                rumpns_ether_crc32_le
                0x0000000000074bd0                rumpns_ether_crc32_be
                0x0000000000074c40                rumpns_ether_aton_r
                0x0000000000074d70                rumpns_ether_multiaddr
                0x0000000000074e90                rumpns_ether_addmulti
                0x0000000000075030                rumpns_ether_delmulti
                0x0000000000075160                rumpns_ether_set_ifflags_cb
                0x0000000000075170                rumpns_ether_ioctl
                0x0000000000075460                rumpns_etherinit
 *fill*         0x0000000000075492        0xe 90909090
 .text          0x00000000000754a0      0x5cc librumpnet_net_pic.a(if_media.pico)
                0x00000000000754a0                rumpns_ifmedia_init
                0x00000000000754e0                rumpns_ifmedia_change
                0x0000000000075500                rumpns_ifmedia_add
                0x0000000000075580                rumpns_ifmedia_list_add
                0x00000000000755e0                rumpns_ifmedia_match
                0x0000000000075660                rumpns_ifmedia_ioctl
                0x0000000000075870                rumpns_ifmedia_set
                0x0000000000075940                rumpns_ifmedia_delete_instance
                0x00000000000759b0                rumpns_ifmedia_removeall
                0x0000000000075a10                rumpns_ifmedia_baudrate
 *fill*         0x0000000000075a6c        0x4 90909090
 .text          0x0000000000075a70      0x730 librumpnet_net_pic.a(if_loop.pico)
                0x0000000000075a70                rumpns_lortrequest
                0x0000000000075aa0                rumpns_looutput
                0x00000000000760a0                rumpns_loioctl
                0x0000000000076160                rumpns_loopattach
 .text          0x00000000000761a0      0x804 librumpnet_net_pic.a(in6_offload.pico)
                0x00000000000761e0                rumpns_tcp6_segment
                0x0000000000076750                rumpns_ip6_tso_output
                0x00000000000767b0                rumpns_ip6_undefer_csum
 *fill*         0x00000000000769a4        0xc 90909090
 .text          0x00000000000769b0      0x1d9 librumpnet_net_pic.a(in6_cksum.pico)
                0x00000000000769b0                rumpns_in6_cksum
 *fill*         0x0000000000076b89        0x7 90909090
 .text          0x0000000000076b90      0x932 librumpnet_net_pic.a(in_offload.pico)
                0x0000000000076c10                rumpns_tcp4_segment
                0x0000000000077230                rumpns_ip_tso_output
                0x0000000000077280                rumpns_ip_undefer_csum
 *fill*         0x00000000000774c2        0xe 90909090
 .text          0x00000000000774d0      0x121 librumpnet_net_pic.a(in4_cksum.pico)
                0x00000000000774d0                rumpns_in4_cksum
 *fill*         0x00000000000775f1        0xf 90909090
 .text          0x0000000000077600     0x2386 librumpnet_net_pic.a(in.pico)
                0x0000000000077640                rumpns_in_init
                0x0000000000077960                rumpns_in_localaddr
                0x00000000000779d0                rumpns_in_canforward
                0x0000000000077a10                rumpns_in_socktrim
                0x0000000000077a40                rumpns_in_fmtaddr
                0x0000000000077ab0                rumpns_in_setmaxmtu
                0x0000000000077b20                rumpns_in_purgeif
                0x0000000000077b70                rumpns_in_ifscrub
                0x0000000000077cb0                rumpns_in_broadcast
                0x0000000000077d40                rumpns_in_lookup_multi
                0x0000000000077df0                rumpns_in_multi_group
                0x0000000000077ec0                rumpns_in_addmulti
                0x00000000000780d0                rumpns_in_ifinit
                0x0000000000078510                rumpns_in_delmulti
                0x0000000000078600                rumpns_in_purgeaddr
                0x00000000000786b0                rumpns_in_control
                0x0000000000079630                rumpns_in_next_multi
                0x00000000000796f0                rumpns_in_first_multi
                0x0000000000079780                rumpns_in_multi_lock
                0x00000000000797b0                rumpns_in_multi_unlock
                0x00000000000797e0                rumpns_in_multi_lock_held
                0x0000000000079810                rumpns_in_selectsrc
 *fill*         0x0000000000079986        0xa 90909090
 .text          0x0000000000079990     0x1040 librumpnet_net_pic.a(igmp.pico)
                0x0000000000079c10                rumpns_igmp_init
                0x0000000000079e40                rumpns_igmp_input
                0x000000000007a500                rumpns_igmp_joingroup
                0x000000000007a6e0                rumpns_igmp_leavegroup
                0x000000000007a7a0                rumpns_igmp_fasttimo
                0x000000000007a8b0                rumpns_igmp_slowtimo
                0x000000000007a920                rumpns_igmp_purgeif
 .text          0x000000000007a9d0      0x18a librumpnet_net_pic.a(net_stats.pico)
                0x000000000007aa10                rumpns_netstat_sysctl
 *fill*         0x000000000007ab5a        0x6 90909090
 .text          0x000000000007ab60       0x80 librumpnet_net_pic.a(in_cksum.pico)
                0x000000000007ab60                rumpns_in_cksum
 .text          0x000000000007abe0      0x345 librumpnet_net_pic.a(cpu_in_cksum.pico)
                0x000000000007abe0                rumpns_cpu_in_cksum
 *fill*         0x000000000007af25        0xb 90909090
 .text          0x000000000007af30      0x284 librumpnet_net_pic.a(uipc_syscalls_50.pico)
                0x000000000007af30                rumpns_compat_ifdatareq
 *fill*         0x000000000007b1b4        0xc 90909090
 .text          0x000000000007b1c0      0x5f7 librumpnet_net_pic.a(if_43.pico)
                0x000000000007b1c0                rumpns_compat_cvtcmd
                0x000000000007b670                rumpns_compat_ifioctl
 *fill*         0x000000000007b7b7        0x9 90909090
 .text          0x000000000007b7c0     0x1280 librumpnet_net_pic.a(link_proto.pico)
                0x000000000007c350                rumpns_sockaddr_dl_measure
                0x000000000007c360                rumpns_sockaddr_dl_init
                0x000000000007c8c0                rumpns_sockaddr_dl_alloc
                0x000000000007c990                rumpns_sockaddr_dl_setaddr
 .text          0x000000000007ca40     0x36cd librumpnet_net_pic.a(rtsock_50.pico)
                0x000000000007eca0                rumpns_compat_50_rt_msg1
                0x000000000007efd0                rumpns_compat_50_route_enqueue
                0x000000000007f080                rumpns_compat_50_rt_ieee80211msg
                0x000000000007f200                rumpns_compat_50_rt_ifannouncemsg
                0x000000000007f260                rumpns_compat_50_rt_newaddrmsg
                0x000000000007f580                rumpns_compat_50_rt_missmsg
                0x000000000007f6b0                rumpns_compat_50_rt_oifmsg
                0x000000000007f900                rumpns_compat_50_rt_ifmsg
                0x000000000007f9f0                rumpns_compat_50_iflist
 *fill*         0x000000000008010d        0x3 90909090
 .text          0x0000000000080110     0x32fc librumpnet_net_pic.a(rtsock.pico)
                0x00000000000828a0                rumpns_rt_msg1
                0x0000000000082bd0                rumpns_route_enqueue
                0x0000000000082c80                rumpns_rt_ieee80211msg
                0x0000000000082e00                rumpns_rt_ifannouncemsg
                0x0000000000082e90                rumpns_rt_newaddrmsg
                0x00000000000831d0                rumpns_rt_ifmsg
                0x00000000000832b0                rumpns_rt_missmsg
 *fill*         0x000000000008340c        0x4 90909090
 .text          0x0000000000083410      0x871 librumpnet_net_pic.a(raw_usrreq.pico)
                0x0000000000083410                rumpns_raw_init
                0x0000000000083430                rumpns_raw_input
                0x0000000000083790                rumpns_raw_ctlinput
                0x00000000000837a0                rumpns_raw_setsockaddr
                0x00000000000837e0                rumpns_raw_setpeeraddr
                0x0000000000083820                rumpns_raw_send
                0x0000000000083970                rumpns_raw_usrreq
 *fill*         0x0000000000083c81        0xf 90909090
 .text          0x0000000000083c90      0x259 librumpnet_net_pic.a(raw_cb.pico)
                0x0000000000083c90                rumpns_raw_attach
                0x0000000000083db0                rumpns_raw_detach
                0x0000000000083ec0                rumpns_raw_disconnect
 *fill*         0x0000000000083ee9        0x7 90909090
 .text          0x0000000000083ef0     0x35d5 librumpnet_net_pic.a(route.pico)
                0x0000000000084280                rumpns_rt_init
                0x0000000000084360                rumpns_rt_maskedcopy
                0x00000000000844f0                rumpns_rt_replace_ifa
                0x0000000000084580                rumpns_rt_get_ifa
                0x00000000000845e0                rumpns_rt_timer_init
                0x00000000000846a0                rumpns_rt_timer_queue_create
                0x00000000000847a0                rumpns_rt_timer_queue_change
                0x00000000000847b0                rumpns_rt_timer_count
                0x00000000000847c0                rumpns_rt_timer_add
                0x00000000000849c0                rumpns_rtcache_invalidate
                0x0000000000084b40                rumpns_rtflushall
                0x0000000000084b80                rumpns_rt_settag
                0x0000000000084be0                rumpns_rt_gettag
                0x0000000000084bf0                rumpns_rtfree
                0x0000000000084d70                rumpns_rtcache_clear
                0x0000000000084e30                rumpns_rtcache_free
                0x0000000000084ed0                rumpns_rtcache_setdst
                0x0000000000085140                rumpns_rtcache_copy
                0x00000000000854a0                rumpns_rt_setgate
                0x00000000000857b0                rumpns_rtrequest1
                0x0000000000086090                rumpns_rtrequest
                0x00000000000860f0                rumpns_rt_timer_timer
                0x0000000000086280                rumpns_rt_timer_remove_all
                0x00000000000863a0                rumpns_rt_timer_queue_remove_all
                0x00000000000864a0                rumpns_rt_timer_queue_destroy
                0x0000000000086500                rumpns_rtalloc1
                0x0000000000086930                rumpns_rtcache_lookup2
                0x0000000000086bc0                rumpns_rtcache_update
                0x0000000000086c10                rumpns_rtcache_init_noclone
                0x0000000000086c20                rumpns_rtcache_init
                0x0000000000086c30                rumpns_ifa_ifwithroute
                0x0000000000086d10                rumpns_rt_getifa
                0x0000000000086e60                rumpns_rtinit
                0x00000000000871c0                rumpns_rtredirect
 *fill*         0x00000000000874c5        0xb 90909090
 .text          0x00000000000874d0     0x434e librumpnet_net_pic.a(if.pico)
                0x0000000000087500                rumpns_if_nulloutput
                0x0000000000087510                rumpns_if_nullinput
                0x0000000000087520                rumpns_if_nullstart
                0x0000000000087530                rumpns_if_nullinit
                0x0000000000087540                rumpns_if_nullstop
                0x0000000000087550                rumpns_if_nullslowtimo
                0x0000000000087560                rumpns_if_nulldrain
                0x0000000000087590                rumpns_sysctl_net_sdl_setup
                0x0000000000087640                rumpns_if_nullioctl
                0x0000000000088160                rumpns_ifinit
                0x00000000000881c0                rumpns_ifinit1
                0x0000000000088280                rumpns_if_alloc
                0x00000000000882b0                rumpns_if_free
                0x00000000000882e0                rumpns_if_initname
                0x0000000000088330                rumpns_if_dl_create
                0x0000000000088460                rumpns_if_register
                0x0000000000088900                rumpns_if_attachdomain
                0x0000000000088950                rumpns_if_deactivate
                0x00000000000889f0                rumpns_if_purgeaddrs
                0x0000000000088a40                rumpns_if_clone_attach
                0x0000000000088a80                rumpns_if_clone_detach
                0x0000000000088ac0                rumpns_ifaref
                0x0000000000088ad0                rumpns_ifafree
                0x0000000000088c40                rumpns_if_activate_sadl
                0x0000000000088ce0                rumpns_ifa_insert
                0x0000000000088d20                rumpns_ifa_remove
                0x0000000000088f90                rumpns_if_alloc_sadl
                0x0000000000089020                rumpns_if_set_sadl
                0x00000000000890b0                rumpns_ifa_ifwithaddr
                0x0000000000089160                rumpns_ifa_ifwithdstaddr
                0x0000000000089200                rumpns_ifa_ifwithnet
                0x0000000000089380                rumpns_ifa_ifwithladdr
                0x00000000000893d0                rumpns_ifa_ifwithaf
                0x0000000000089430                rumpns_ifaof_ifpforaddr
                0x0000000000089580                rumpns_link_rtrequest
                0x0000000000089630                rumpns_if_link_state_change
                0x0000000000089700                rumpns_if_down
                0x00000000000897f0                rumpns_if_detach
                0x0000000000089d60                rumpns_if_up
                0x0000000000089dd0                rumpns_ifioctl_common
                0x000000000008a1e0                rumpns_ifunit
                0x000000000008aba0                rumpns_if_byindex
                0x000000000008ac80                rumpns_if_initialize
                0x000000000008af60                rumpns_if_attach
                0x000000000008afa0                rumpns_ifaddrpref_ioctl
                0x000000000008b1c0                rumpns_ifreq_setaddr
                0x000000000008b330                rumpns_ifq_enqueue
                0x000000000008b460                rumpns_ifq_enqueue2
                0x000000000008b580                rumpns_if_addr_init
                0x000000000008b600                rumpns_if_flags_set
                0x000000000008b6e0                rumpns_ifpromisc
                0x000000000008b770                rumpns_if_mcast_op
 *fill*         0x000000000008b81e        0x2 90909090
 .text          0x000000000008b820      0x524 librumpnet_net_pic.a(pfil.pico)
                0x000000000008b820                rumpns_pfil_head_destroy
                0x000000000008b880                rumpns_pfil_head_get
                0x000000000008b8c0                rumpns_pfil_head_create
                0x000000000008b960                rumpns_pfil_remove_hook
                0x000000000008ba40                rumpns_pfil_add_hook
                0x000000000008bc20                rumpns_pfil_run_hooks
 *fill*         0x000000000008bd44        0xc 90909090
 .text          0x000000000008bd50       0x38 /usr/local/genode-gcc/bin/../lib/gcc/x86_64-elf/4.7.4/32/crtend.o
 *(.gnu.warning)

.fini           0x000000000008bd88        0x5
 *(.fini)
 .fini          0x000000000008bd88        0x5 /usr/local/genode-gcc/bin/../lib/gcc/x86_64-elf/4.7.4/32/crtbegin.o
                0x000000000008bd8d                PROVIDE (__etext, .)
                0x000000000008bd8d                PROVIDE (_etext, .)
                0x000000000008bd8d                PROVIDE (etext, .)

.rodata         0x000000000008bda0     0x8008
 *(.rodata .rodata.* .gnu.linkonce.r.*)
 .rodata.str1.4
                0x000000000008bda0       0xcc librumpnet_net_pic.a(mpls_proto.pico)
 .rodata.str1.1
                0x000000000008be6c      0x1d2 librumpnet_net_pic.a(mpls_proto.pico)
                                        0x1ea (size before relaxing)
 *fill*         0x000000000008c03e        0x2 00
 .rodata.str1.4
                0x000000000008c040      0x12e librumpnet_net_pic.a(udp6_usrreq.pico)
                                        0x162 (size before relaxing)
 .rodata.str1.1
                0x000000000008c16e       0xd0 librumpnet_net_pic.a(udp6_usrreq.pico)
                                        0x251 (size before relaxing)
 *fill*         0x000000000008c23e        0x2 00
 .rodata.str1.4
                0x000000000008c240      0x11e librumpnet_net_pic.a(udp6_output.pico)
                                        0x152 (size before relaxing)
 .rodata.str1.1
                0x0000000000000000        0xc librumpnet_net_pic.a(udp6_output.pico)
 *fill*         0x000000000008c35e        0x2 00
 .rodata.str1.4
                0x000000000008c360       0x5e librumpnet_net_pic.a(scope6.pico)
 .rodata.str1.1
                0x000000000008c3be       0x26 librumpnet_net_pic.a(scope6.pico)
                                         0x30 (size before relaxing)
 .rodata        0x000000000008c3e4       0x50 librumpnet_net_pic.a(scope6.pico)
 .rodata.str1.1
                0x0000000000000000       0x17 librumpnet_net_pic.a(route6.pico)
 .rodata.str1.4
                0x000000000008c434       0x95 librumpnet_net_pic.a(raw_ip6.pico)
                                        0x15e (size before relaxing)
 .rodata.str1.1
                0x000000000008c4c9       0x11 librumpnet_net_pic.a(raw_ip6.pico)
                                        0x1dd (size before relaxing)
 *fill*         0x000000000008c4da        0x2 00
 .rodata        0x000000000008c4dc      0x228 librumpnet_net_pic.a(raw_ip6.pico)
 .rodata.str1.4
                0x000000000008c704      0x967 librumpnet_net_pic.a(nd6_rtr.pico)
 .rodata.str1.1
                0x0000000000000000       0x17 librumpnet_net_pic.a(nd6_rtr.pico)
 *fill*         0x000000000008d06b        0x1 00
 .rodata.str1.4
                0x000000000008d06c      0x6f4 librumpnet_net_pic.a(nd6_nbr.pico)
 .rodata.str1.1
                0x000000000008d760       0x5f librumpnet_net_pic.a(nd6_nbr.pico)
                                         0x76 (size before relaxing)
 .rodata.str1.1
                0x000000000008d7bf       0xda librumpnet_net_pic.a(nd6.pico)
 *fill*         0x000000000008d899        0x3 00
 .rodata.str1.4
                0x000000000008d89c      0x3a5 librumpnet_net_pic.a(nd6.pico)
 *fill*         0x000000000008dc41        0x3 00
 .rodata        0x000000000008dc44       0x6b librumpnet_net_pic.a(nd6.pico)
 .rodata.str1.1
                0x000000000008dcaf       0x25 librumpnet_net_pic.a(mld6.pico)
                                         0x4e (size before relaxing)
 .rodata.str1.4
                0x000000000008dcd4       0xdd librumpnet_net_pic.a(mld6.pico)
                                        0x111 (size before relaxing)
 *fill*         0x000000000008ddb1        0x3 00
 .rodata.str1.4
                0x000000000008ddb4      0x205 librumpnet_net_pic.a(ip6_output.pico)
                                        0x319 (size before relaxing)
 .rodata.str1.1
                0x000000000008dfb9       0x2c librumpnet_net_pic.a(ip6_output.pico)
                                         0x38 (size before relaxing)
 *fill*         0x000000000008dfe5        0x3 00
 .rodata        0x000000000008dfe8      0x47c librumpnet_net_pic.a(ip6_output.pico)
 .rodata.str1.4
                0x000000000008e464       0x85 librumpnet_net_pic.a(ip6_mroute.pico)
                                        0x22d (size before relaxing)
 .rodata.str1.1
                0x000000000008e4e9       0x2a librumpnet_net_pic.a(ip6_mroute.pico)
                                         0x7c (size before relaxing)
 *fill*         0x000000000008e513        0x1 00
 .rodata        0x000000000008e514       0x40 librumpnet_net_pic.a(ip6_mroute.pico)
 .rodata.str1.4
                0x000000000008e554      0x108 librumpnet_net_pic.a(ip6_input.pico)
                                        0x1d0 (size before relaxing)
 .rodata.str1.1
                0x000000000008e65c      0x223 librumpnet_net_pic.a(ip6_input.pico)
                                        0x283 (size before relaxing)
 *fill*         0x000000000008e87f        0x1 00
 .rodata        0x000000000008e880      0x109 librumpnet_net_pic.a(ip6_input.pico)
                0x000000000008e974                rumpns_inet6ctlerrmap
 .rodata.str1.1
                0x000000000008e989       0x5b librumpnet_net_pic.a(ip6_forward.pico)
                                         0x69 (size before relaxing)
 .rodata.str1.4
                0x000000000008e9e4       0x30 librumpnet_net_pic.a(ip6_forward.pico)
                                        0x144 (size before relaxing)
 .rodata.str1.4
                0x0000000000000000      0x114 librumpnet_net_pic.a(ip6_flow.pico)
 .rodata.str1.1
                0x000000000008ea14        0xa librumpnet_net_pic.a(ip6_flow.pico)
                                         0x16 (size before relaxing)
 .rodata.str1.1
                0x000000000008ea1e        0xa librumpnet_net_pic.a(in6_proto.pico)
 .rodata        0x000000000008ea28       0x1c librumpnet_net_pic.a(in6_proto.pico)
 .rodata.str1.4
                0x000000000008ea44       0x93 librumpnet_net_pic.a(frag6.pico)
                                         0xc8 (size before relaxing)
 .rodata.str1.1
                0x000000000008ead7       0x19 librumpnet_net_pic.a(frag6.pico)
                                         0x3c (size before relaxing)
 .rodata.str1.1
                0x0000000000000000       0x17 librumpnet_net_pic.a(dest6.pico)
 .rodata.str1.1
                0x000000000008eaf0        0x9 librumpnet_net_pic.a(in6_pcb.pico)
                                         0x15 (size before relaxing)
 *fill*         0x000000000008eaf9        0x3 00
 .rodata.str1.4
                0x000000000008eafc       0xc0 librumpnet_net_pic.a(in6_pcb.pico)
                                        0x1d4 (size before relaxing)
 .rodata.str1.4
                0x000000000008ebbc      0x37b librumpnet_net_pic.a(in6_ifattach.pico)
 .rodata.str1.1
                0x0000000000000000        0x9 librumpnet_net_pic.a(in6_ifattach.pico)
                                          0xf (size before relaxing)
 .rodata        0x000000000008ef37        0xc librumpnet_net_pic.a(in6_ifattach.pico)
 *fill*         0x000000000008ef43        0x1 00
 .rodata.str1.4
                0x000000000008ef44      0x456 librumpnet_net_pic.a(in6.pico)
 .rodata.str1.1
                0x000000000008f39a        0xb librumpnet_net_pic.a(in6.pico)
 *fill*         0x000000000008f3a5        0x3 00
 .rodata        0x000000000008f3a8       0xc4 librumpnet_net_pic.a(in6.pico)
                0x000000000008f3a8                rumpns_sa6_any
                0x000000000008f3c4                rumpns_in6mask128
                0x000000000008f3d4                rumpns_in6mask96
                0x000000000008f3e4                rumpns_in6mask64
                0x000000000008f3f4                rumpns_in6mask32
                0x000000000008f404                rumpns_in6mask0
                0x000000000008f414                rumpns_in6addr_linklocal_allrouters
                0x000000000008f424                rumpns_in6addr_linklocal_allnodes
                0x000000000008f434                rumpns_in6addr_nodelocal_allnodes
                0x000000000008f444                rumpns_in6addr_loopback
                0x000000000008f454                rumpns_in6addr_any
 .rodata.str1.1
                0x000000000008f46c      0x111 librumpnet_net_pic.a(icmp6.pico)
                                        0x161 (size before relaxing)
 *fill*         0x000000000008f57d        0x3 00
 .rodata.str1.4
                0x000000000008f580      0x41b librumpnet_net_pic.a(icmp6.pico)
                                        0x4e4 (size before relaxing)
 *fill*         0x000000000008f99b        0x1 00
 .rodata        0x000000000008f99c      0x264 librumpnet_net_pic.a(icmp6.pico)
 .rodata.str1.4
                0x000000000008fc00       0xba librumpnet_net_pic.a(udp_usrreq.pico)
                                        0x182 (size before relaxing)
 .rodata.str1.1
                0x000000000008fcba       0x7c librumpnet_net_pic.a(udp_usrreq.pico)
                                        0x268 (size before relaxing)
 *fill*         0x000000000008fd36        0x2 00
 .rodata.str1.4
                0x000000000008fd38      0x1e3 librumpnet_net_pic.a(tcp_vtw.pico)
                                        0x217 (size before relaxing)
 .rodata.str1.1
                0x000000000008ff1b      0x145 librumpnet_net_pic.a(tcp_vtw.pico)
                                        0x15d (size before relaxing)
 .rodata        0x0000000000090060       0x91 librumpnet_net_pic.a(tcp_vtw.pico)
 *fill*         0x00000000000900f1        0x3 00
 .rodata.str1.4
                0x00000000000900f4       0x97 librumpnet_net_pic.a(tcp_usrreq.pico)
                                        0x15e (size before relaxing)
 .rodata.str1.1
                0x000000000009018b      0x1f3 librumpnet_net_pic.a(tcp_usrreq.pico)
                                        0x3f8 (size before relaxing)
 *fill*         0x000000000009037e        0x2 00
 .rodata        0x0000000000090380       0x9e librumpnet_net_pic.a(tcp_usrreq.pico)
 *fill*         0x000000000009041e        0x2 00
 .rodata.str1.4
                0x0000000000090420       0x96 librumpnet_net_pic.a(tcp_timer.pico)
                                         0xcc (size before relaxing)
 .rodata.str1.1
                0x00000000000904b6        0xb librumpnet_net_pic.a(tcp_timer.pico)
                                         0x17 (size before relaxing)
 *fill*         0x00000000000904c1       0x1f 00
 .rodata        0x00000000000904e0       0x54 librumpnet_net_pic.a(tcp_timer.pico)
                0x00000000000904e0                rumpns_tcp_totbackoff
                0x0000000000090500                rumpns_tcp_backoff
 .rodata.str1.4
                0x0000000000090534      0x331 librumpnet_net_pic.a(tcp_subr.pico)
                                        0x4d9 (size before relaxing)
 .rodata.str1.1
                0x0000000000090865       0xa3 librumpnet_net_pic.a(tcp_subr.pico)
                                         0xdb (size before relaxing)
 *fill*         0x0000000000090908       0x18 00
 .rodata        0x0000000000090920       0xbc librumpnet_net_pic.a(tcp_subr.pico)
 .rodata.str1.1
                0x00000000000909dc       0x6a librumpnet_net_pic.a(tcp_output.pico)
                                         0x99 (size before relaxing)
 *fill*         0x0000000000090a46        0x2 00
 .rodata.str1.4
                0x0000000000090a48      0x19d librumpnet_net_pic.a(tcp_output.pico)
                                        0x42a (size before relaxing)
 *fill*         0x0000000000090be5       0x1b 00
 .rodata        0x0000000000090c00       0x7c librumpnet_net_pic.a(tcp_output.pico)
                0x0000000000090c00                rumpns_tcp_outflags
 .rodata.str1.1
                0x0000000000090c7c       0x2c librumpnet_net_pic.a(tcp_congctl.pico)
                                         0x3f (size before relaxing)
 .rodata.str1.4
                0x0000000000090ca8       0x98 librumpnet_net_pic.a(tcp_congctl.pico)
                                         0xcc (size before relaxing)
 .rodata.str1.4
                0x0000000000090d40      0x1f0 librumpnet_net_pic.a(tcp_input.pico)
                                        0x4a2 (size before relaxing)
 .rodata.str1.1
                0x0000000000090f30       0x8b librumpnet_net_pic.a(tcp_input.pico)
                                         0xf3 (size before relaxing)
 *fill*         0x0000000000090fbb        0x1 00
 .rodata        0x0000000000090fbc       0x24 librumpnet_net_pic.a(tcp_input.pico)
 .rodata.str1.1
                0x0000000000090fe0       0x21 librumpnet_net_pic.a(tcp_sack.pico)
                                         0x2d (size before relaxing)
 *fill*         0x0000000000091001        0x3 00
 .rodata.str1.4
                0x0000000000091004       0x95 librumpnet_net_pic.a(tcp_sack.pico)
                                         0xcc (size before relaxing)
 .rodata.str1.1
                0x0000000000091099      0x105 librumpnet_net_pic.a(if_arp.pico)
                                        0x11a (size before relaxing)
 *fill*         0x000000000009119e        0x2 00
 .rodata.str1.4
                0x00000000000911a0      0x2cb librumpnet_net_pic.a(if_arp.pico)
 .rodata        0x000000000009146b        0xe librumpnet_net_pic.a(if_arp.pico)
 *fill*         0x0000000000091479        0x3 00
 .rodata.str1.4
                0x000000000009147c       0x95 librumpnet_net_pic.a(portalgo.pico)
                                         0xcc (size before relaxing)
 .rodata.str1.1
                0x0000000000091511       0x48 librumpnet_net_pic.a(portalgo.pico)
                                         0x5b (size before relaxing)
 .rodata.str1.1
                0x0000000000091559       0x36 librumpnet_net_pic.a(ip_encap.pico)
 *fill*         0x000000000009158f        0x1 00
 .rodata.str1.4
                0x0000000000091590       0x93 librumpnet_net_pic.a(raw_ip.pico)
                                        0x15a (size before relaxing)
 .rodata.str1.1
                0x0000000000091623       0x24 librumpnet_net_pic.a(raw_ip.pico)
                                        0x20a (size before relaxing)
 *fill*         0x0000000000091647        0x1 00
 .rodata.str1.4
                0x0000000000091648      0x2b7 librumpnet_net_pic.a(ip_output.pico)
                                        0x3cb (size before relaxing)
 .rodata.str1.1
                0x00000000000918ff       0x30 librumpnet_net_pic.a(ip_output.pico)
                                         0x3c (size before relaxing)
 *fill*         0x000000000009192f        0x1 00
 .rodata        0x0000000000091930      0x1ac librumpnet_net_pic.a(ip_output.pico)
 .rodata.str1.4
                0x0000000000091adc       0x95 librumpnet_net_pic.a(ip_reass.pico)
                                         0xcc (size before relaxing)
 .rodata.str1.1
                0x0000000000091b71       0x38 librumpnet_net_pic.a(ip_reass.pico)
                                         0x58 (size before relaxing)
 *fill*         0x0000000000091ba9        0x3 00
 .rodata.str1.4
                0x0000000000091bac      0x1ad librumpnet_net_pic.a(ip_input.pico)
                                        0x2c1 (size before relaxing)
 .rodata.str1.1
                0x0000000000091d59       0xac librumpnet_net_pic.a(ip_input.pico)
                                        0x17d (size before relaxing)
 *fill*         0x0000000000091e05       0x1b 00
 .rodata        0x0000000000091e20       0x54 librumpnet_net_pic.a(ip_input.pico)
                0x0000000000091e20                rumpns_inetctlerrmap
 .rodata.str1.1
                0x0000000000091e74        0x8 librumpnet_net_pic.a(in_pcb.pico)
                                         0x14 (size before relaxing)
 .rodata.str1.4
                0x0000000000091e7c       0x68 librumpnet_net_pic.a(in_pcb.pico)
                                        0x17c (size before relaxing)
 .rodata.str1.4
                0x0000000000000000      0x114 librumpnet_net_pic.a(ip_flow.pico)
 .rodata.str1.1
                0x0000000000091ee4        0x9 librumpnet_net_pic.a(ip_flow.pico)
                                         0x1d (size before relaxing)
 *fill*         0x0000000000091eed        0x3 00
 .rodata.str1.4
                0x0000000000091ef0      0x138 librumpnet_net_pic.a(ip_icmp.pico)
                                        0x16c (size before relaxing)
 .rodata.str1.1
                0x0000000000092028       0x50 librumpnet_net_pic.a(ip_icmp.pico)
                                         0x8c (size before relaxing)
 *fill*         0x0000000000092078        0x8 00
 .rodata        0x0000000000092080       0xb8 librumpnet_net_pic.a(ip_icmp.pico)
 .rodata.str1.1
                0x0000000000092138        0x9 librumpnet_net_pic.a(in_proto.pico)
 *fill*         0x0000000000092141        0x1 00
 .rodata        0x0000000000092142       0x10 librumpnet_net_pic.a(in_proto.pico)
                0x0000000000092142                rumpns_in_any
 .rodata.str1.1
                0x0000000000092152      0x157 librumpnet_net_pic.a(ip_carp.pico)
                                        0x187 (size before relaxing)
 *fill*         0x00000000000922a9        0x3 00
 .rodata.str1.4
                0x00000000000922ac      0x196 librumpnet_net_pic.a(ip_carp.pico)
                                        0x1ca (size before relaxing)
 .rodata.str1.1
                0x0000000000092442       0x1d librumpnet_net_pic.a(if_ethersubr.pico)
                                         0x45 (size before relaxing)
 *fill*         0x000000000009245f        0x1 00
 .rodata.str1.4
                0x0000000000092460       0xec librumpnet_net_pic.a(if_ethersubr.pico)
                                        0x120 (size before relaxing)
 *fill*         0x000000000009254c       0x14 00
 .rodata        0x0000000000092560       0xe0 librumpnet_net_pic.a(if_ethersubr.pico)
                0x00000000000925dc                rumpns_ether_ip6multicast_max
                0x00000000000925e2                rumpns_ether_ip6multicast_min
                0x00000000000925e8                rumpns_ether_ipmulticast_max
                0x00000000000925ee                rumpns_ether_ipmulticast_min
                0x00000000000925f4                rumpns_ethermulticastaddr_slowprotocols
                0x00000000000925fa                rumpns_etherbroadcastaddr
 .rodata.str1.4
                0x0000000000092640       0x89 librumpnet_net_pic.a(if_media.pico)
 .rodata.str1.1
                0x00000000000926c9       0x13 librumpnet_net_pic.a(if_media.pico)
 *fill*         0x00000000000926dc        0x4 00
 .rodata        0x00000000000926e0      0x204 librumpnet_net_pic.a(if_media.pico)
 .rodata.str1.4
                0x00000000000928e4       0xe2 librumpnet_net_pic.a(if_loop.pico)
                                        0x116 (size before relaxing)
 .rodata.str1.1
                0x00000000000929c6       0x1c librumpnet_net_pic.a(if_loop.pico)
                                         0x51 (size before relaxing)
 *fill*         0x00000000000929e2        0x2 00
 .rodata.str1.4
                0x00000000000929e4      0x191 librumpnet_net_pic.a(in6_offload.pico)
                                        0x1c5 (size before relaxing)
 .rodata.str1.1
                0x0000000000092b75       0x77 librumpnet_net_pic.a(in6_offload.pico)
                                         0xa0 (size before relaxing)
 .rodata.str1.4
                0x0000000000092bec       0x56 librumpnet_net_pic.a(in6_cksum.pico)
 *fill*         0x0000000000092c42        0x2 00
 .rodata.str1.4
                0x0000000000092c44       0xc5 librumpnet_net_pic.a(in_offload.pico)
                                        0x154 (size before relaxing)
 .rodata.str1.1
                0x0000000000092d09       0x47 librumpnet_net_pic.a(in_offload.pico)
                                         0xcb (size before relaxing)
 .rodata.str1.4
                0x0000000000092d50       0x52 librumpnet_net_pic.a(in4_cksum.pico)
 .rodata        0x0000000000092da2        0xa librumpnet_net_pic.a(in4_cksum.pico)
 .rodata.str1.1
                0x0000000000092dac       0x68 librumpnet_net_pic.a(in.pico)
                                         0x7c (size before relaxing)
 .rodata.str1.4
                0x0000000000092e14       0xb5 librumpnet_net_pic.a(in.pico)
                                         0xe9 (size before relaxing)
 *fill*         0x0000000000092ec9        0x3 00
 .rodata.str1.4
                0x0000000000092ecc       0x91 librumpnet_net_pic.a(igmp.pico)
                                         0xc8 (size before relaxing)
 .rodata.str1.1
                0x0000000000092f5d       0x21 librumpnet_net_pic.a(igmp.pico)
                                         0x52 (size before relaxing)
 *fill*         0x0000000000092f7e        0x2 00
 .rodata        0x0000000000092f80       0x18 librumpnet_net_pic.a(igmp.pico)
 .rodata.str1.4
                0x0000000000092f98       0x95 librumpnet_net_pic.a(in_cksum.pico)
                                         0xcc (size before relaxing)
 .rodata.str1.1
                0x0000000000000000       0x21 librumpnet_net_pic.a(in_cksum.pico)
                                         0x15 (size before relaxing)
 *fill*         0x000000000009302d        0x3 00
 .rodata.str1.4
                0x0000000000093030       0x99 librumpnet_net_pic.a(cpu_in_cksum.pico)
                                         0xd0 (size before relaxing)
 .rodata.str1.1
                0x00000000000930c9       0x20 librumpnet_net_pic.a(cpu_in_cksum.pico)
                                         0x35 (size before relaxing)
 *fill*         0x00000000000930e9        0x3 00
 .rodata.str1.4
                0x00000000000930ec       0x93 librumpnet_net_pic.a(link_proto.pico)
                                         0xc8 (size before relaxing)
 .rodata.str1.1
                0x000000000009317f       0x17 librumpnet_net_pic.a(link_proto.pico)
                                        0x193 (size before relaxing)
 .rodata        0x0000000000093196       0x25 librumpnet_net_pic.a(link_proto.pico)
 *fill*         0x00000000000931bb        0x1 00
 .rodata.str1.4
                0x00000000000931bc       0x8f librumpnet_net_pic.a(rtsock_50.pico)
                                         0xc4 (size before relaxing)
 .rodata.str1.1
                0x000000000009324b       0xcd librumpnet_net_pic.a(rtsock_50.pico)
                                        0x259 (size before relaxing)
 .rodata        0x0000000000093318      0x1bd librumpnet_net_pic.a(rtsock_50.pico)
 .rodata.str1.4
                0x0000000000000000       0xc4 librumpnet_net_pic.a(rtsock.pico)
 .rodata.str1.1
                0x00000000000934d5        0xd librumpnet_net_pic.a(rtsock.pico)
                                        0x243 (size before relaxing)
 *fill*         0x00000000000934e2        0x2 00
 .rodata        0x00000000000934e4      0x1a9 librumpnet_net_pic.a(rtsock.pico)
 *fill*         0x000000000009368d        0x3 00
 .rodata.str1.4
                0x0000000000093690       0x93 librumpnet_net_pic.a(raw_usrreq.pico)
                                        0x15a (size before relaxing)
 .rodata.str1.1
                0x0000000000093723        0xb librumpnet_net_pic.a(raw_usrreq.pico)
                                        0x1bb (size before relaxing)
 *fill*         0x000000000009372e        0x2 00
 .rodata.str1.4
                0x0000000000093730       0x8f librumpnet_net_pic.a(raw_cb.pico)
                                         0xc4 (size before relaxing)
 .rodata.str1.1
                0x0000000000000000       0x40 librumpnet_net_pic.a(raw_cb.pico)
 *fill*         0x00000000000937bf        0x1 00
 .rodata.str1.4
                0x00000000000937c0      0x189 librumpnet_net_pic.a(route.pico)
                                        0x29d (size before relaxing)
 .rodata.str1.1
                0x0000000000093949       0xf9 librumpnet_net_pic.a(route.pico)
                                        0x111 (size before relaxing)
 .rodata.str1.1
                0x0000000000093a42      0x10e librumpnet_net_pic.a(if.pico)
                                        0x19b (size before relaxing)
 .rodata.str1.4
                0x0000000000093b50      0x178 librumpnet_net_pic.a(if.pico)
                                        0x1ac (size before relaxing)
 .rodata        0x0000000000093cc8       0x1d librumpnet_net_pic.a(if.pico)
 *fill*         0x0000000000093ce5        0x3 00
 .rodata.str1.4
                0x0000000000093ce8       0x90 librumpnet_net_pic.a(pfil.pico)
                                         0xc4 (size before relaxing)
 .rodata.str1.1
                0x0000000000093d78       0x20 librumpnet_net_pic.a(pfil.pico)
                                         0x2c (size before relaxing)
 .rodata        0x0000000000093d98       0x10 librumpnet_net_pic.a(pfil.pico)

.rodata1
 *(.rodata1)

.eh_frame_hdr   0x0000000000093da8     0x219c
 *(.eh_frame_hdr)
 .eh_frame_hdr  0x0000000000093da8     0x219c /usr/local/genode-gcc/bin/../lib/gcc/x86_64-elf/4.7.4/32/crtbegin.o

.eh_frame       0x0000000000095f44     0xc228
 *(.eh_frame)
 .eh_frame      0x0000000000095f44       0x3c /usr/local/genode-gcc/bin/../lib/gcc/x86_64-elf/4.7.4/32/crtbegin.o
                                         0x40 (size before relaxing)
 .eh_frame      0x0000000000095f80      0x300 librumpnet_net_pic.a(mpls_proto.pico)
                                        0x32c (size before relaxing)
 .eh_frame      0x0000000000096280       0x60 librumpnet_net_pic.a(net_component.pico)
                                         0x8c (size before relaxing)
 .eh_frame      0x00000000000962e0      0x4e4 librumpnet_net_pic.a(udp6_usrreq.pico)
                                        0x510 (size before relaxing)
 .eh_frame      0x00000000000967c4       0x2c librumpnet_net_pic.a(udp6_output.pico)
                                         0x58 (size before relaxing)
 .eh_frame      0x00000000000967f0      0x29c librumpnet_net_pic.a(scope6.pico)
                                        0x2c8 (size before relaxing)
 .eh_frame      0x0000000000096a8c       0x2c librumpnet_net_pic.a(route6.pico)
                                         0x58 (size before relaxing)
 .eh_frame      0x0000000000096ab8      0x4c0 librumpnet_net_pic.a(raw_ip6.pico)
                                        0x4ec (size before relaxing)
 .eh_frame      0x0000000000096f78      0x4f4 librumpnet_net_pic.a(nd6_rtr.pico)
                                        0x520 (size before relaxing)
 .eh_frame      0x000000000009746c      0x2b8 librumpnet_net_pic.a(nd6_nbr.pico)
                                        0x2e4 (size before relaxing)
 .eh_frame      0x0000000000097724      0x538 librumpnet_net_pic.a(nd6.pico)
                                        0x578 (size before relaxing)
 .eh_frame      0x0000000000097c5c      0x3a8 librumpnet_net_pic.a(mld6.pico)
                                        0x3e8 (size before relaxing)
 .eh_frame      0x0000000000098004      0x3cc librumpnet_net_pic.a(ip6_output.pico)
                                        0x3f8 (size before relaxing)
 .eh_frame      0x00000000000983d0      0x2c8 librumpnet_net_pic.a(ip6_mroute.pico)
                                        0x2f4 (size before relaxing)
 .eh_frame      0x0000000000098698      0x3c0 librumpnet_net_pic.a(ip6_input.pico)
                                        0x3ec (size before relaxing)
 .eh_frame      0x0000000000098a58       0x78 librumpnet_net_pic.a(ip6_forward.pico)
                                         0xa4 (size before relaxing)
 .eh_frame      0x0000000000098ad0      0x270 librumpnet_net_pic.a(ip6_flow.pico)
                                        0x29c (size before relaxing)
 .eh_frame      0x0000000000098d40      0x180 librumpnet_net_pic.a(in6_src.pico)
                                        0x1c0 (size before relaxing)
 .eh_frame      0x0000000000098ec0      0x134 librumpnet_net_pic.a(in6_proto.pico)
                                        0x174 (size before relaxing)
 .eh_frame      0x0000000000098ff4      0x1d8 librumpnet_net_pic.a(frag6.pico)
                                        0x218 (size before relaxing)
 .eh_frame      0x00000000000991cc       0x6c librumpnet_net_pic.a(dest6.pico)
                                         0x98 (size before relaxing)
 .eh_frame      0x0000000000099238      0x400 librumpnet_net_pic.a(in6_pcb.pico)
                                        0x42c (size before relaxing)
 .eh_frame      0x0000000000099638      0x1c8 librumpnet_net_pic.a(in6_ifattach.pico)
                                        0x1f4 (size before relaxing)
 .eh_frame      0x0000000000099800      0x5d0 librumpnet_net_pic.a(in6.pico)
                                        0x5fc (size before relaxing)
 .eh_frame      0x0000000000099dd0      0x390 librumpnet_net_pic.a(icmp6.pico)
                                        0x3bc (size before relaxing)
 .eh_frame      0x000000000009a160      0x524 librumpnet_net_pic.a(udp_usrreq.pico)
                                        0x550 (size before relaxing)
 .eh_frame      0x000000000009a684      0x4c8 librumpnet_net_pic.a(tcp_vtw.pico)
                                        0x4f4 (size before relaxing)
 .eh_frame      0x000000000009ab4c      0x668 librumpnet_net_pic.a(tcp_usrreq.pico)
                                        0x694 (size before relaxing)
 .eh_frame      0x000000000009b1b4      0x140 librumpnet_net_pic.a(tcp_timer.pico)
                                        0x16c (size before relaxing)
 .eh_frame      0x000000000009b2f4      0x5f8 librumpnet_net_pic.a(tcp_subr.pico)
                                        0x638 (size before relaxing)
 .eh_frame      0x000000000009b8ec       0xb4 librumpnet_net_pic.a(ip6_id.pico)
                                         0xf4 (size before relaxing)
 .eh_frame      0x000000000009b9a0       0x80 librumpnet_net_pic.a(tcp_output.pico)
                                         0xac (size before relaxing)
 .eh_frame      0x000000000009ba20      0x3bc librumpnet_net_pic.a(tcp_congctl.pico)
                                        0x3e8 (size before relaxing)
 .eh_frame      0x000000000009bddc      0x53c librumpnet_net_pic.a(tcp_input.pico)
                                        0x568 (size before relaxing)
 .eh_frame      0x000000000009c318      0x198 librumpnet_net_pic.a(tcp_sack.pico)
                                        0x1c4 (size before relaxing)
 .eh_frame      0x000000000009c4b0      0x404 librumpnet_net_pic.a(if_arp.pico)
                                        0x444 (size before relaxing)
 .eh_frame      0x000000000009c8b4      0x3a0 librumpnet_net_pic.a(portalgo.pico)
                                        0x3cc (size before relaxing)
 .eh_frame      0x000000000009cc54      0x24c librumpnet_net_pic.a(ip_encap.pico)
                                        0x278 (size before relaxing)
 .eh_frame      0x000000000009cea0      0x4d8 librumpnet_net_pic.a(raw_ip.pico)
                                        0x504 (size before relaxing)
 .eh_frame      0x000000000009d378      0x2b0 librumpnet_net_pic.a(ip_output.pico)
                                        0x2dc (size before relaxing)
 .eh_frame      0x000000000009d628      0x18c librumpnet_net_pic.a(ip_reass.pico)
                                        0x1b8 (size before relaxing)
 .eh_frame      0x000000000009d7b4      0x274 librumpnet_net_pic.a(ip_input.pico)
                                        0x2b4 (size before relaxing)
 .eh_frame      0x000000000009da28       0x84 librumpnet_net_pic.a(ip_id.pico)
                                         0xb0 (size before relaxing)
 .eh_frame      0x000000000009daac      0x42c librumpnet_net_pic.a(in_pcb.pico)
                                        0x458 (size before relaxing)
 .eh_frame      0x000000000009ded8      0x254 librumpnet_net_pic.a(ip_flow.pico)
                                        0x280 (size before relaxing)
 .eh_frame      0x000000000009e12c      0x310 librumpnet_net_pic.a(ip_icmp.pico)
                                        0x33c (size before relaxing)
 .eh_frame      0x000000000009e43c      0x12c librumpnet_net_pic.a(in_proto.pico)
                                        0x158 (size before relaxing)
 .eh_frame      0x000000000009e568      0x65c librumpnet_net_pic.a(ip_carp.pico)
                                        0x688 (size before relaxing)
 .eh_frame      0x000000000009ebc4      0x3a4 librumpnet_net_pic.a(if_ethersubr.pico)
                                        0x3d0 (size before relaxing)
 .eh_frame      0x000000000009ef68      0x1c8 librumpnet_net_pic.a(if_media.pico)
                                        0x1f4 (size before relaxing)
 .eh_frame      0x000000000009f130       0xdc librumpnet_net_pic.a(if_loop.pico)
                                        0x108 (size before relaxing)
 .eh_frame      0x000000000009f20c       0xc8 librumpnet_net_pic.a(in6_offload.pico)
                                         0xf4 (size before relaxing)
 .eh_frame      0x000000000009f2d4       0x40 librumpnet_net_pic.a(in6_cksum.pico)
                                         0x6c (size before relaxing)
 .eh_frame      0x000000000009f314       0xcc librumpnet_net_pic.a(in_offload.pico)
                                         0xf8 (size before relaxing)
 .eh_frame      0x000000000009f3e0       0x2c librumpnet_net_pic.a(in4_cksum.pico)
                                         0x58 (size before relaxing)
 .eh_frame      0x000000000009f40c      0x3fc librumpnet_net_pic.a(in.pico)
                                        0x428 (size before relaxing)
 .eh_frame      0x000000000009f808      0x1ac librumpnet_net_pic.a(igmp.pico)
                                        0x1d8 (size before relaxing)
 .eh_frame      0x000000000009f9b4       0x54 librumpnet_net_pic.a(net_stats.pico)
                                         0x80 (size before relaxing)
 .eh_frame      0x000000000009fa08       0x24 librumpnet_net_pic.a(in_cksum.pico)
                                         0x50 (size before relaxing)
 .eh_frame      0x000000000009fa2c       0x40 librumpnet_net_pic.a(cpu_in_cksum.pico)
                                         0x6c (size before relaxing)
 .eh_frame      0x000000000009fa6c       0x2c librumpnet_net_pic.a(uipc_syscalls_50.pico)
                                         0x58 (size before relaxing)
 .eh_frame      0x000000000009fa98       0x40 librumpnet_net_pic.a(if_43.pico)
                                         0x6c (size before relaxing)
 .eh_frame      0x000000000009fad8      0x39c librumpnet_net_pic.a(link_proto.pico)
                                        0x3c8 (size before relaxing)
 .eh_frame      0x000000000009fe74      0x710 librumpnet_net_pic.a(rtsock_50.pico)
                                        0x73c (size before relaxing)
 .eh_frame      0x00000000000a0584      0x674 librumpnet_net_pic.a(rtsock.pico)
                                        0x6a0 (size before relaxing)
 .eh_frame      0x00000000000a0bf8      0x110 librumpnet_net_pic.a(raw_usrreq.pico)
                                        0x150 (size before relaxing)
 .eh_frame      0x00000000000a0d08       0x78 librumpnet_net_pic.a(raw_cb.pico)