Archive member included because of file (symbol)

librumpvfs_aio_pic.a(sys_aio.pico)
                              (--whole-archive)

Discarded input sections

 .group         0x0000000000000000        0x8 /usr/local/genode-gcc/bin/../lib/gcc/x86_64-elf/4.7.4/32/crtbegin.o
 .group         0x0000000000000000        0x8 librumpvfs_aio_pic.a(sys_aio.pico)
 .text.__x86.get_pc_thunk.bx
                0x0000000000000000        0x4 librumpvfs_aio_pic.a(sys_aio.pico)
 .group         0x0000000000000000        0x8 /usr/local/genode-gcc/bin/../lib/gcc/x86_64-elf/4.7.4/32/crtend.o
 .text.__x86.get_pc_thunk.bx
                0x0000000000000000        0x4 /usr/local/genode-gcc/bin/../lib/gcc/x86_64-elf/4.7.4/32/crtend.o

Memory Configuration

Name             Origin             Length             Attributes
*default*        0x0000000000000000 0xffffffffffffffff

Linker script and memory map

LOAD /usr/local/genode-gcc/bin/../lib/gcc/x86_64-elf/4.7.4/32/crtbegin.o
LOAD librumpvfs_aio_pic.a
LOAD /usr/local/genode-gcc/bin/../lib/gcc/x86_64-elf/4.7.4/../../../../x86_64-elf/lib/32/libgcc_s.so
LOAD /usr/local/genode-gcc/bin/../lib/gcc/x86_64-elf/4.7.4/../../../../x86_64-elf/lib/32/libgcc_s.so
LOAD /usr/local/genode-gcc/bin/../lib/gcc/x86_64-elf/4.7.4/32/crtend.o
                0x00000000000000b4                . = (0x0 + SIZEOF_HEADERS)

.note.gnu.build-id
 *(.note.gnu.build-id)

.hash           0x00000000000000b4      0x228
 *(.hash)
 .hash          0x00000000000000b4      0x228 /usr/local/genode-gcc/bin/../lib/gcc/x86_64-elf/4.7.4/32/crtbegin.o

.gnu.hash
 *(.gnu.hash)

.dynsym         0x00000000000002dc      0x450
 *(.dynsym)
 .dynsym        0x00000000000002dc      0x450 /usr/local/genode-gcc/bin/../lib/gcc/x86_64-elf/4.7.4/32/crtbegin.o

.dynstr         0x000000000000072c      0x550
 *(.dynstr)
 .dynstr        0x000000000000072c      0x550 /usr/local/genode-gcc/bin/../lib/gcc/x86_64-elf/4.7.4/32/crtbegin.o

.gnu.version    0x0000000000000c7c       0x8a
 *(.gnu.version)
 .gnu.version   0x0000000000000c7c       0x8a /usr/local/genode-gcc/bin/../lib/gcc/x86_64-elf/4.7.4/32/crtbegin.o

.gnu.version_d  0x0000000000000d08        0x0
 *(.gnu.version_d)
 .gnu.version_d
                0x0000000000000000        0x0 /usr/local/genode-gcc/bin/../lib/gcc/x86_64-elf/4.7.4/32/crtbegin.o

.gnu.version_r  0x0000000000000d08       0x20
 *(.gnu.version_r)
 .gnu.version_r
                0x0000000000000d08       0x20 /usr/local/genode-gcc/bin/../lib/gcc/x86_64-elf/4.7.4/32/crtbegin.o

.rel.dyn        0x0000000000000d28       0x98
 *(.rel.init)
 *(.rel.text .rel.text.* .rel.gnu.linkonce.t.*)
 .rel.text      0x0000000000000000        0x0 /usr/local/genode-gcc/bin/../lib/gcc/x86_64-elf/4.7.4/32/crtbegin.o
 *(.rel.fini)
 *(.rel.rodata .rel.rodata.* .rel.gnu.linkonce.r.*)
 *(.rel.data.rel.ro* .rel.gnu.linkonce.d.rel.ro.*)
 .rel.data.rel.ro
                0x0000000000000d28       0x40 /usr/local/genode-gcc/bin/../lib/gcc/x86_64-elf/4.7.4/32/crtbegin.o
 .rel.data.rel.ro.local
                0x0000000000000d68       0x10 /usr/local/genode-gcc/bin/../lib/gcc/x86_64-elf/4.7.4/32/crtbegin.o
 *(.rel.data .rel.data.* .rel.gnu.linkonce.d.*)
 *(.rel.tdata .rel.tdata.* .rel.gnu.linkonce.td.*)
 *(.rel.tbss .rel.tbss.* .rel.gnu.linkonce.tb.*)
 *(.rel.ctors)
 *(.rel.dtors)
 *(.rel.got)
 .rel.got       0x0000000000000d78       0x40 /usr/local/genode-gcc/bin/../lib/gcc/x86_64-elf/4.7.4/32/crtbegin.o
 *(.rel.bss .rel.bss.* .rel.gnu.linkonce.b.*)
 *(.rel.ifunc)
 .rel.ifunc     0x0000000000000000        0x0 /usr/local/genode-gcc/bin/../lib/gcc/x86_64-elf/4.7.4/32/crtbegin.o
 .rellink_set_modules
                0x0000000000000db8        0x8 /usr/local/genode-gcc/bin/../lib/gcc/x86_64-elf/4.7.4/32/crtbegin.o

.rel.plt        0x0000000000000dc0      0x188
 *(.rel.plt)
 .rel.plt       0x0000000000000dc0      0x188 /usr/local/genode-gcc/bin/../lib/gcc/x86_64-elf/4.7.4/32/crtbegin.o
 *(.rel.iplt)

.init           0x0000000000000f48        0xa
 *(.init)
 .init          0x0000000000000f48        0x5 /usr/local/genode-gcc/bin/../lib/gcc/x86_64-elf/4.7.4/32/crtbegin.o
 .init          0x0000000000000f4d        0x5 /usr/local/genode-gcc/bin/../lib/gcc/x86_64-elf/4.7.4/32/crtend.o

.plt            0x0000000000000f60      0x320
 *(.plt)
 .plt           0x0000000000000f60      0x320 /usr/local/genode-gcc/bin/../lib/gcc/x86_64-elf/4.7.4/32/crtbegin.o
 *(.iplt)

.text           0x0000000000001280     0x2028
 *(.text.unlikely .text.*_unlikely)
 *(.text.exit .text.exit.*)
 *(.text.startup .text.startup.*)
 *(.text.hot .text.hot.*)
 *(.text .stub .text.* .gnu.linkonce.t.*)
 .text          0x0000000000001280      0x13b /usr/local/genode-gcc/bin/../lib/gcc/x86_64-elf/4.7.4/32/crtbegin.o
 .text.__x86.get_pc_thunk.bx
                0x00000000000013bb        0x4 /usr/local/genode-gcc/bin/../lib/gcc/x86_64-elf/4.7.4/32/crtbegin.o
                0x00000000000013bb                __x86.get_pc_thunk.bx
 *fill*         0x00000000000013bf        0x1 90909090
 .text          0x00000000000013c0     0x1eaf librumpvfs_aio_pic.a(sys_aio.pico)
                0x0000000000001e10                rumpns_sys_aio_write
                0x0000000000001e30                rumpns_sys_aio_read
                0x0000000000001ef0                rumpns_sys_lio_listio
                0x0000000000002820                rumpns_sys_aio_cancel
                0x0000000000002dd0                rumpns_sys_aio_error
                0x0000000000002e40                rumpns_sys_aio_return
                0x0000000000002f00                rumpns_sys_aio_fsync
                0x0000000000002f40                rumpns_aio_suspend1
                0x0000000000003180                rumpns_sys___aio_suspend50
 *fill*         0x000000000000326f        0x1 90909090
 .text          0x0000000000003270       0x38 /usr/local/genode-gcc/bin/../lib/gcc/x86_64-elf/4.7.4/32/crtend.o
 *(.gnu.warning)

.fini           0x00000000000032a8        0x5
 *(.fini)
 .fini          0x00000000000032a8        0x5 /usr/local/genode-gcc/bin/../lib/gcc/x86_64-elf/4.7.4/32/crtbegin.o
                0x00000000000032ad                PROVIDE (__etext, .)
                0x00000000000032ad                PROVIDE (_etext, .)
                0x00000000000032ad                PROVIDE (etext, .)

.rodata         0x00000000000032b0      0x1e1
 *(.rodata .rodata.* .gnu.linkonce.r.*)
 .rodata.str1.4
                0x00000000000032b0      0x110 librumpvfs_aio_pic.a(sys_aio.pico)
                                        0x10d (size before relaxing)
 .rodata.str1.1
                0x00000000000033c0       0xd1 librumpvfs_aio_pic.a(sys_aio.pico)
                                         0xd5 (size before relaxing)

.rodata1
 *(.rodata1)

.eh_frame_hdr   0x0000000000003494       0xa4
 *(.eh_frame_hdr)
 .eh_frame_hdr  0x0000000000003494       0xa4 /usr/local/genode-gcc/bin/../lib/gcc/x86_64-elf/4.7.4/32/crtbegin.o

.eh_frame       0x0000000000003538      0x344
 *(.eh_frame)
 .eh_frame      0x0000000000003538       0x3c /usr/local/genode-gcc/bin/../lib/gcc/x86_64-elf/4.7.4/32/crtbegin.o
                                         0x40 (size before relaxing)
 .eh_frame      0x0000000000003574      0x304 librumpvfs_aio_pic.a(sys_aio.pico)
                                        0x330 (size before relaxing)
 .eh_frame      0x0000000000003878        0x4 /usr/local/genode-gcc/bin/../lib/gcc/x86_64-elf/4.7.4/32/crtend.o

.gcc_except_table
 *(.gcc_except_table .gcc_except_table.*)

.exception_ranges
 *(.exception_ranges .exception_ranges*)
                0x000000000000387c                . = (ALIGN (0x1000) - ((0x1000 - .) & 0xfff))
                0x000000000000487c                . = DATA_SEGMENT_ALIGN (0x1000, 0x1000)

.eh_frame
 *(.eh_frame)

.gcc_except_table
 *(.gcc_except_table .gcc_except_table.*)

.exception_ranges
 *(.exception_ranges .exception_ranges*)

.tdata
 *(.tdata .tdata.* .gnu.linkonce.td.*)

.tbss
 *(.tbss .tbss.* .gnu.linkonce.tb.*)
 *(.tcommon)

.preinit_array
 *(.preinit_array)

.init_array
 *(SORT(.init_array.*))
 *(.init_array)

.fini_array
 *(SORT(.fini_array.*))
 *(.fini_array)

.ctors          0x000000000000487c        0x8
 *crtbegin.o(.ctors)
 .ctors         0x000000000000487c        0x4 /usr/local/genode-gcc/bin/../lib/gcc/x86_64-elf/4.7.4/32/crtbegin.o
 *crtbegin?.o(.ctors)
 *(EXCLUDE_FILE(*crtend?.o *crtend.o) .ctors)
 *(SORT(.ctors.*))
 *(.ctors)
 .ctors         0x0000000000004880        0x4 /usr/local/genode-gcc/bin/../lib/gcc/x86_64-elf/4.7.4/32/crtend.o

.dtors          0x0000000000004884        0x8
 *crtbegin.o(.dtors)
 .dtors         0x0000000000004884        0x4 /usr/local/genode-gcc/bin/../lib/gcc/x86_64-elf/4.7.4/32/crtbegin.o
 *crtbegin?.o(.dtors)
 *(EXCLUDE_FILE(*crtend?.o *crtend.o) .dtors)
 *(SORT(.dtors.*))
 *(.dtors)
 .dtors         0x0000000000004888        0x4 /usr/local/genode-gcc/bin/../lib/gcc/x86_64-elf/4.7.4/32/crtend.o
                0x0000000000004888                __DTOR_END__

.jcr            0x000000000000488c        0x4
 *(.jcr)
 .jcr           0x000000000000488c        0x0 /usr/local/genode-gcc/bin/../lib/gcc/x86_64-elf/4.7.4/32/crtbegin.o
 .jcr           0x000000000000488c        0x4 /usr/local/genode-gcc/bin/../lib/gcc/x86_64-elf/4.7.4/32/crtend.o

.data.rel.ro    0x00000000000048a0       0x68
 *(.data.rel.ro.local* .gnu.linkonce.d.rel.ro.local.*)
 .data.rel.ro.local
                0x00000000000048a0       0x14 librumpvfs_aio_pic.a(sys_aio.pico)
 *(.data.rel.ro* .gnu.linkonce.d.rel.ro.*)
 *fill*         0x00000000000048b4        0xc 00
 .data.rel.ro   0x00000000000048c0       0x48 librumpvfs_aio_pic.a(sys_aio.pico)

.dynamic        0x0000000000004908       0xb8
 *(.dynamic)
 .dynamic       0x0000000000004908       0xb8 /usr/local/genode-gcc/bin/../lib/gcc/x86_64-elf/4.7.4/32/crtbegin.o
                0x0000000000004908                _DYNAMIC

.got            0x00000000000049c0       0x20
 *(.got)
 .got           0x00000000000049c0       0x20 /usr/local/genode-gcc/bin/../lib/gcc/x86_64-elf/4.7.4/32/crtbegin.o
 *(.igot)
                0x00000000000049e0                . = DATA_SEGMENT_RELRO_END (., 0xc)

.got.plt        0x00000000000049e0       0xd0
 *(.got.plt)
 .got.plt       0x00000000000049e0       0xd0 /usr/local/genode-gcc/bin/../lib/gcc/x86_64-elf/4.7.4/32/crtbegin.o
                0x00000000000049e0                _GLOBAL_OFFSET_TABLE_
 *(.igot.plt)

.data           0x0000000000004ab0        0xc
 *(.data .data.* .gnu.linkonce.d.*)
 .data          0x0000000000004ab0        0x4 /usr/local/genode-gcc/bin/../lib/gcc/x86_64-elf/4.7.4/32/crtbegin.o
                0x0000000000004ab0                __dso_handle
 .data          0x0000000000004ab4        0x8 librumpvfs_aio_pic.a(sys_aio.pico)
                0x0000000000004ab4                rumpns_aio_listio_max
 .data          0x0000000000004abc        0x0 /usr/local/genode-gcc/bin/../lib/gcc/x86_64-elf/4.7.4/32/crtend.o

.tm_clone_table
                0x0000000000004abc        0x0
 .tm_clone_table
                0x0000000000004abc        0x0 /usr/local/genode-gcc/bin/../lib/gcc/x86_64-elf/4.7.4/32/crtbegin.o
 .tm_clone_table
                0x0000000000004abc        0x0 /usr/local/genode-gcc/bin/../lib/gcc/x86_64-elf/4.7.4/32/crtend.o

link_set_modules
                0x0000000000004abc        0x4
                0x0000000000004abc                . = ALIGN (0x4)
                0x0000000000004abc                PROVIDE (__start_link_set_modules, ABSOLUTE (.))
 link_set_modules
                0x0000000000004abc        0x4 librumpvfs_aio_pic.a(sys_aio.pico)
                0x0000000000004ac0                PROVIDE (__stop_link_set_modules, .)

.data1
 *(.data1)
                0x0000000000004ac0                _edata = .
                0x0000000000004ac0                PROVIDE (edata, .)
                0x0000000000004ac0                __bss_start = .

.bss            0x0000000000004ac0      0x200
 *(.dynbss)
 .dynbss        0x0000000000000000        0x0 /usr/local/genode-gcc/bin/../lib/gcc/x86_64-elf/4.7.4/32/crtbegin.o
 *(.bss .bss.* .gnu.linkonce.b.*)
 .bss           0x0000000000004ac0        0x8 /usr/local/genode-gcc/bin/../lib/gcc/x86_64-elf/4.7.4/32/crtbegin.o
 *fill*         0x0000000000004ac8       0x18 00
 .bss           0x0000000000004ae0      0x1e0 librumpvfs_aio_pic.a(sys_aio.pico)
 .bss           0x0000000000004cc0        0x0 /usr/local/genode-gcc/bin/../lib/gcc/x86_64-elf/4.7.4/32/crtend.o
 *(COMMON)
                0x0000000000004cc0                . = ALIGN ((. != 0x0)?0x4:0x1)
                0x0000000000004cc0                . = ALIGN (0x4)
                0x0000000000004cc0                . = ALIGN (0x4)
                0x0000000000004cc0                _end = .
                0x0000000000004cc0                PROVIDE (end, .)
                0x0000000000004cc0                . = DATA_SEGMENT_END (.)

.stab
 *(.stab)

.stabstr
 *(.stabstr)

.stab.excl
 *(.stab.excl)

.stab.exclstr
 *(.stab.exclstr)

.stab.index
 *(.stab.index)

.stab.indexstr
 *(.stab.indexstr)

.comment        0x0000000000000000       0x11
 *(.comment)
 .comment       0x0000000000000000       0x11 /usr/local/genode-gcc/bin/../lib/gcc/x86_64-elf/4.7.4/32/crtbegin.o
                                         0x12 (size before relaxing)
 .comment       0x0000000000000000       0x12 librumpvfs_aio_pic.a(sys_aio.pico)
 .comment       0x0000000000000000       0x12 /usr/local/genode-gcc/bin/../lib/gcc/x86_64-elf/4.7.4/32/crtend.o

.ident          0x0000000000000000       0x39
 .ident         0x0000000000000000       0x39 librumpvfs_aio_pic.a(sys_aio.pico)

.debug
 *(.debug)

.line
 *(.line)

.debug_srcinfo
 *(.debug_srcinfo)

.debug_sfnames
 *(.debug_sfnames)

.debug_aranges  0x0000000000000000       0x20
 *(.debug_aranges)
 .debug_aranges
                0x0000000000000000       0x20 librumpvfs_aio_pic.a(sys_aio.pico)

.debug_pubnames
 *(.debug_pubnames)

.debug_info     0x0000000000000000     0x93fa
 *(.debug_info .gnu.linkonce.wi.*)
 .debug_info    0x0000000000000000     0x93fa librumpvfs_aio_pic.a(sys_aio.pico)

.debug_abbrev   0x0000000000000000      0x633
 *(.debug_abbrev)
 .debug_abbrev  0x0000000000000000      0x633 librumpvfs_aio_pic.a(sys_aio.pico)

.debug_line     0x0000000000000000      0xc10
 *(.debug_line)
 .debug_line    0x0000000000000000      0xc10 librumpvfs_aio_pic.a(sys_aio.pico)

.debug_frame
 *(.debug_frame)

.debug_str      0x0000000000000000     0x3c4c
 *(.debug_str)
 .debug_str     0x0000000000000000     0x3c4c librumpvfs_aio_pic.a(sys_aio.pico)
                                       0x3fca (size before relaxing)

.debug_loc      0x0000000000000000     0x143d
 *(.debug_loc)
 .debug_loc     0x0000000000000000     0x143d librumpvfs_aio_pic.a(sys_aio.pico)

.debug_macinfo
 *(.debug_macinfo)

.debug_weaknames
 *(.debug_weaknames)

.debug_funcnames
 *(.debug_funcnames)

.debug_typenames
 *(.debug_typenames)

.debug_varnames
 *(.debug_varnames)

.debug_pubtypes
 *(.debug_pubtypes)

.debug_ranges   0x0000000000000000      0x268
 *(.debug_ranges)
 .debug_ranges  0x0000000000000000      0x268 librumpvfs_aio_pic.a(sys_aio.pico)

.gnu.attributes
 *(.gnu.attributes)

/DISCARD/
 *(.note.GNU-stack)
 *(.gnu_debuglink)
 *(.gnu.lto_*)
OUTPUT(librumpvfs_aio.so.0.0 elf32-i386)
